Archive member included to satisfy reference by file (symbol)

C:/Users/Tsalla_Aero/S32DS/build_tools/gcc_b1620/gcc-6.3-arm32-eabi/arm-none-eabi/newlib/lib/thumb/v7e-m/fpv4-sp/hard\libm.a(lib_a-s_modf.o)
                              ./Sources/utils/nxp_console.o (modf)
C:/Users/Tsalla_Aero/S32DS/build_tools/gcc_b1620/gcc-6.3-arm32-eabi/arm-none-eabi/newlib/lib/thumb/v7e-m/fpv4-sp/hard\libm.a(lib_a-s_round.o)
                              ./Sources/monitoring.o (round)
C:/Users/Tsalla_Aero/S32DS/build_tools/gcc_b1620/gcc-6.3-arm32-eabi/arm-none-eabi/newlib/lib/thumb/v7e-m/fpv4-sp/hard\libm.a(lib_a-w_exp.o)
                              ./Sources/monitoring.o (exp)
C:/Users/Tsalla_Aero/S32DS/build_tools/gcc_b1620/gcc-6.3-arm32-eabi/arm-none-eabi/newlib/lib/thumb/v7e-m/fpv4-sp/hard\libm.a(lib_a-w_pow.o)
                              ./Sources/utils/nxp_console.o (pow)
C:/Users/Tsalla_Aero/S32DS/build_tools/gcc_b1620/gcc-6.3-arm32-eabi/arm-none-eabi/newlib/lib/thumb/v7e-m/fpv4-sp/hard\libm.a(lib_a-e_exp.o)
                              C:/Users/Tsalla_Aero/S32DS/build_tools/gcc_b1620/gcc-6.3-arm32-eabi/arm-none-eabi/newlib/lib/thumb/v7e-m/fpv4-sp/hard\libm.a(lib_a-w_exp.o) (__ieee754_exp)
C:/Users/Tsalla_Aero/S32DS/build_tools/gcc_b1620/gcc-6.3-arm32-eabi/arm-none-eabi/newlib/lib/thumb/v7e-m/fpv4-sp/hard\libm.a(lib_a-e_pow.o)
                              C:/Users/Tsalla_Aero/S32DS/build_tools/gcc_b1620/gcc-6.3-arm32-eabi/arm-none-eabi/newlib/lib/thumb/v7e-m/fpv4-sp/hard\libm.a(lib_a-w_pow.o) (__ieee754_pow)
C:/Users/Tsalla_Aero/S32DS/build_tools/gcc_b1620/gcc-6.3-arm32-eabi/arm-none-eabi/newlib/lib/thumb/v7e-m/fpv4-sp/hard\libm.a(lib_a-e_sqrt.o)
                              C:/Users/Tsalla_Aero/S32DS/build_tools/gcc_b1620/gcc-6.3-arm32-eabi/arm-none-eabi/newlib/lib/thumb/v7e-m/fpv4-sp/hard\libm.a(lib_a-e_pow.o) (__ieee754_sqrt)
C:/Users/Tsalla_Aero/S32DS/build_tools/gcc_b1620/gcc-6.3-arm32-eabi/arm-none-eabi/newlib/lib/thumb/v7e-m/fpv4-sp/hard\libm.a(lib_a-s_fabs.o)
                              C:/Users/Tsalla_Aero/S32DS/build_tools/gcc_b1620/gcc-6.3-arm32-eabi/arm-none-eabi/newlib/lib/thumb/v7e-m/fpv4-sp/hard\libm.a(lib_a-e_pow.o) (fabs)
C:/Users/Tsalla_Aero/S32DS/build_tools/gcc_b1620/gcc-6.3-arm32-eabi/arm-none-eabi/newlib/lib/thumb/v7e-m/fpv4-sp/hard\libm.a(lib_a-s_finite.o)
                              C:/Users/Tsalla_Aero/S32DS/build_tools/gcc_b1620/gcc-6.3-arm32-eabi/arm-none-eabi/newlib/lib/thumb/v7e-m/fpv4-sp/hard\libm.a(lib_a-w_exp.o) (finite)
C:/Users/Tsalla_Aero/S32DS/build_tools/gcc_b1620/gcc-6.3-arm32-eabi/arm-none-eabi/newlib/lib/thumb/v7e-m/fpv4-sp/hard\libm.a(lib_a-s_lib_ver.o)
                              C:/Users/Tsalla_Aero/S32DS/build_tools/gcc_b1620/gcc-6.3-arm32-eabi/arm-none-eabi/newlib/lib/thumb/v7e-m/fpv4-sp/hard\libm.a(lib_a-w_exp.o) (__fdlib_version)
C:/Users/Tsalla_Aero/S32DS/build_tools/gcc_b1620/gcc-6.3-arm32-eabi/arm-none-eabi/newlib/lib/thumb/v7e-m/fpv4-sp/hard\libm.a(lib_a-s_matherr.o)
                              C:/Users/Tsalla_Aero/S32DS/build_tools/gcc_b1620/gcc-6.3-arm32-eabi/arm-none-eabi/newlib/lib/thumb/v7e-m/fpv4-sp/hard\libm.a(lib_a-w_exp.o) (matherr)
C:/Users/Tsalla_Aero/S32DS/build_tools/gcc_b1620/gcc-6.3-arm32-eabi/arm-none-eabi/newlib/lib/thumb/v7e-m/fpv4-sp/hard\libm.a(lib_a-s_nan.o)
                              C:/Users/Tsalla_Aero/S32DS/build_tools/gcc_b1620/gcc-6.3-arm32-eabi/arm-none-eabi/newlib/lib/thumb/v7e-m/fpv4-sp/hard\libm.a(lib_a-e_pow.o) (nan)
C:/Users/Tsalla_Aero/S32DS/build_tools/gcc_b1620/gcc-6.3-arm32-eabi/arm-none-eabi/newlib/lib/thumb/v7e-m/fpv4-sp/hard\libm.a(lib_a-s_rint.o)
                              C:/Users/Tsalla_Aero/S32DS/build_tools/gcc_b1620/gcc-6.3-arm32-eabi/arm-none-eabi/newlib/lib/thumb/v7e-m/fpv4-sp/hard\libm.a(lib_a-w_pow.o) (rint)
C:/Users/Tsalla_Aero/S32DS/build_tools/gcc_b1620/gcc-6.3-arm32-eabi/arm-none-eabi/newlib/lib/thumb/v7e-m/fpv4-sp/hard\libm.a(lib_a-s_scalbn.o)
                              C:/Users/Tsalla_Aero/S32DS/build_tools/gcc_b1620/gcc-6.3-arm32-eabi/arm-none-eabi/newlib/lib/thumb/v7e-m/fpv4-sp/hard\libm.a(lib_a-e_pow.o) (scalbn)
c:/users/tsalla_aero/s32ds/build_tools/gcc_b1620/gcc-6.3-arm32-eabi/bin/../lib/gcc/arm-none-eabi/6.3.1/thumb/v7e-m/fpv4-sp/hard\libgcc.a(_arm_addsubdf3.o)
                              ./Sources/monitoring.o (__aeabi_dsub)
c:/users/tsalla_aero/s32ds/build_tools/gcc_b1620/gcc-6.3-arm32-eabi/bin/../lib/gcc/arm-none-eabi/6.3.1/thumb/v7e-m/fpv4-sp/hard\libgcc.a(_arm_muldivdf3.o)
                              ./Sources/monitoring.o (__aeabi_dmul)
c:/users/tsalla_aero/s32ds/build_tools/gcc_b1620/gcc-6.3-arm32-eabi/bin/../lib/gcc/arm-none-eabi/6.3.1/thumb/v7e-m/fpv4-sp/hard\libgcc.a(_arm_cmpdf2.o)
                              ./Sources/utils/nxp_console.o (__aeabi_dcmpeq)
c:/users/tsalla_aero/s32ds/build_tools/gcc_b1620/gcc-6.3-arm32-eabi/bin/../lib/gcc/arm-none-eabi/6.3.1/thumb/v7e-m/fpv4-sp/hard\libgcc.a(_arm_unorddf2.o)
[...]
Memory Configuration

Name             Origin             Length             Attributes
m_interrupts     0x00000000         0x00000400         xr
m_flash_config   0x00000400         0x00000010         xr
m_text           0x00000410         0x0007fbf0         xr
m_data           0x1fff8000         0x00008000         rw
m_data_2         0x20000000         0x00007000         rw
*default*        0x00000000         0xffffffff

Linker script and memory map

LOAD c:/users/tsalla_aero/s32ds/build_tools/gcc_b1620/gcc-6.3-arm32-eabi/bin/../lib/gcc/arm-none-eabi/6.3.1/thumb/v7e-m/fpv4-sp/hard/crti.o
LOAD c:/users/tsalla_aero/s32ds/build_tools/gcc_b1620/gcc-6.3-arm32-eabi/bin/../lib/gcc/arm-none-eabi/6.3.1/thumb/v7e-m/fpv4-sp/hard/crtbegin.o
LOAD C:/Users/Tsalla_Aero/S32DS/build_tools/gcc_b1620/gcc-6.3-arm32-eabi/arm-none-eabi/newlib/lib/thumb/v7e-m/fpv4-sp/hard/crt0.o
LOAD ./Generated_Code/Cpu.o
LOAD ./Generated_Code/clockMan1.o
LOAD ./Generated_Code/dmaController1.o
LOAD ./Generated_Code/lpspiCom0.o
LOAD ./Generated_Code/lpspiCom1.o
LOAD ./Generated_Code/lpuart1.o
LOAD ./Generated_Code/pin_mux.o
LOAD ./Project_Settings/Startup_Code/startup_S32K144.o
LOAD ./SDK/platform/devices/S32K144/startup/system_S32K144.o
LOAD ./SDK/platform/devices/startup.o
LOAD ./SDK/platform/drivers/src/clock/S32K1xx/clock_S32K1xx.o
LOAD ./SDK/platform/drivers/src/edma/edma_driver.o
LOAD ./SDK/platform/drivers/src/edma/edma_hw_access.o
LOAD ./SDK/platform/drivers/src/edma/edma_irq.o
LOAD ./SDK/platform/drivers/src/interrupt/interrupt_manager.o
LOAD ./SDK/platform/drivers/src/lpspi/lpspi_hw_access.o
LOAD ./SDK/platform/drivers/src/lpspi/lpspi_irq.o
LOAD ./SDK/platform/drivers/src/lpspi/lpspi_master_driver.o
LOAD ./SDK/platform/drivers/src/lpspi/lpspi_shared_function.o
LOAD ./SDK/platform/drivers/src/lpspi/lpspi_slave_driver.o
LOAD ./SDK/platform/drivers/src/lpuart/lpuart_driver.o
LOAD ./SDK/platform/drivers/src/lpuart/lpuart_hw_access.o
LOAD ./SDK/platform/drivers/src/lpuart/lpuart_irq.o
LOAD ./SDK/platform/drivers/src/pins/pins_driver.o
LOAD ./SDK/platform/drivers/src/pins/pins_port_hw_access.o
LOAD ./SDK/rtos/osif/osif_baremetal.o
LOAD ./Sources/bcc/bcc.o
LOAD ./Sources/bcc/bcc_communication.o
LOAD ./Sources/bcc/bcc_spi.o
LOAD ./Sources/bcc/bcc_tpl.o
LOAD ./Sources/bcc_s32k144/bcc_peripheries.o
LOAD ./Sources/bcc_s32k144/bcc_wait.o
LOAD ./Sources/common.o
LOAD ./Sources/main.o
LOAD ./Sources/monitoring.o
LOAD ./Sources/utils/nxp_console.o
LOAD ./Sources/utils/nxp_console_adapter.o
LOAD ./Sources/utils/nxp_helpers.o
LOAD C:/Users/Tsalla_Aero/S32DS/build_tools/gcc_b1620/gcc-6.3-arm32-eabi/arm-none-eabi/newlib/lib/thumb/v7e-m/fpv4-sp/hard\libm.a
START GROUP
LOAD c:/users/tsalla_aero/s32ds/build_tools/gcc_b1620/gcc-6.3-arm32-eabi/bin/../lib/gcc/arm-none-eabi/6.3.1/thumb/v7e-m/fpv4-sp/hard\libgcc.a
LOAD C:/Users/Tsalla_Aero/S32DS/build_tools/gcc_b1620/gcc-6.3-arm32-eabi/arm-none-eabi/newlib/lib/thumb/v7e-m/fpv4-sp/hard\libc_nano.a
END GROUP
START GROUP
LOAD c:/users/tsalla_aero/s32ds/build_tools/gcc_b1620/gcc-6.3-arm32-eabi/bin/../lib/gcc/arm-none-eabi/6.3.1/thumb/v7e-m/fpv4-sp/hard\libgcc.a
LOAD C:/Users/Tsalla_Aero/S32DS/build_tools/gcc_b1620/gcc-6.3-arm32-eabi/arm-none-eabi/newlib/lib/thumb/v7e-m/fpv4-sp/hard\libc_nano.a
LOAD C:/Users/Tsalla_Aero/S32DS/build_tools/gcc_b1620/gcc-6.3-arm32-eabi/arm-none-eabi/newlib/lib/thumb/v7e-m/fpv4-sp/hard\libnosys.a
END GROUP
START GROUP
LOAD c:/users/tsalla_aero/s32ds/build_tools/gcc_b1620/gcc-6.3-arm32-eabi/bin/../lib/gcc/arm-none-eabi/6.3.1/thumb/v7e-m/fpv4-sp/hard\libgcc.a
LOAD C:/Users/Tsalla_Aero/S32DS/build_tools/gcc_b1620/gcc-6.3-arm32-eabi/arm-none-eabi/newlib/lib/thumb/v7e-m/fpv4-sp/hard\libc_nano.a
LOAD C:/Users/Tsalla_Aero/S32DS/build_tools/gcc_b1620/gcc-6.3-arm32-eabi/arm-none-eabi/newlib/lib/thumb/v7e-m/fpv4-sp/hard\libnosys.a
END GROUP
LOAD c:/users/tsalla_aero/s32ds/build_tools/gcc_b1620/gcc-6.3-arm32-eabi/bin/../lib/gcc/arm-none-eabi/6.3.1/thumb/v7e-m/fpv4-sp/hard/crtend.o
LOAD c:/users/tsalla_aero/s32ds/build_tools/gcc_b1620/gcc-6.3-arm32-eabi/bin/../lib/gcc/arm-none-eabi/6.3.1/thumb/v7e-m/fpv4-sp/hard/crtn.o
                0x00000400                HEAP_SIZE = DEFINED (__heap_size__)?__heap_size__:0x400
                0x00000400                STACK_SIZE = DEFINED (__stack_size__)?__stack_size__:0x400
                0x00000400                M_VECTOR_RAM_SIZE = DEFINED (__flash_vector_table__)?0x0:0x400

.interrupts     0x00000000      0x400
                0x00000000                __VECTOR_TABLE = .
                0x00000000                __interrupts_start__ = .
                0x00000000                . = ALIGN (0x4)
 *(.isr_vector)
 .isr_vector    0x00000000      0x400 ./Project_Settings/Startup_Code/startup_S32K144.o
                0x00000000                __isr_vector
                0x00000400                __interrupts_end__ = .
                0x00000400                . = ALIGN (0x4)

.flash_config   0x00000400       0x10
                0x00000400                . = ALIGN (0x4)
 *(.FlashConfig)
 .FlashConfig   0x00000400       0x10 ./Project_Settings/Startup_Code/startup_S32K144.o
                0x00000410                . = ALIGN (0x4)

.text           0x00000410     0xf238
                0x00000410                . = ALIGN (0x4)
 *(.text)
 .text          0x00000410       0x6c ./Project_Settings/Startup_Code/startup_S32K144.o
                0x00000410                Reset_Handler
                0x00000478                DebugMon_Handler
                0x00000478                Reserved88_IRQHandler
                0x00000478                CAN0_ORed_IRQHandler
                0x00000478                HardFault_Handler
                0x00000478                Reserved86_IRQHandler
                0x00000478                Reserved103_IRQHandler
                0x00000478                FTM2_Ovf_Reload_IRQHandler
                0x00000478                Reserved50_IRQHandler
                0x00000478                FTFC_Fault_IRQHandler
                0x00000478                FTM0_Ch6_Ch7_IRQHandler
                0x00000478                Reserved114_IRQHandler
                0x00000478                PendSV_Handler
                0x00000478                NMI_Handler
                0x00000478                Reserved89_IRQHandler
                0x00000478                ERM_double_fault_IRQHandler
                0x00000478                Reserved59_IRQHandler
                0x00000478                LPIT0_Ch0_IRQHandler
                0x00000478                Reserved99_IRQHandler
                0x00000478                FTM3_Ch6_Ch7_IRQHandler
                0x00000478                CAN2_ORed_0_15_MB_IRQHandler
                0x00000478                LPIT0_Ch3_IRQHandler
                0x00000478                Reserved92_IRQHandler
                0x00000478                FTM0_Ch4_Ch5_IRQHandler
                0x00000478                CAN1_Error_IRQHandler
                0x00000478                FTM3_Ch0_Ch1_IRQHandler
                0x00000478                SWI_IRQHandler
                0x00000478                ADC0_IRQHandler
                0x00000478                FTM2_Ch4_Ch5_IRQHandler
                0x00000478                UsageFault_Handler
                0x00000478                FTM0_Ovf_Reload_IRQHandler
                0x00000478                DefaultISR
                0x00000478                Reserved58_IRQHandler
                0x00000478                CAN1_ORed_0_15_MB_IRQHandler
                0x00000478                FTM1_Ch2_Ch3_IRQHandler
                0x00000478                Reserved82_IRQHandler
                0x00000478                CAN0_ORed_16_31_MB_IRQHandler
                0x00000478                LPI2C0_Slave_IRQHandler
                0x00000478                Reserved71_IRQHandler
                0x00000478                PORTD_IRQHandler
                0x00000478                Reserved69_IRQHandler
                0x00000478                Reserved70_IRQHandler
                0x00000478                ADC1_IRQHandler
                0x00000478                FTM2_Ch2_Ch3_IRQHandler
                0x00000478                Reserved53_IRQHandler
                0x00000478                RTC_IRQHandler
                0x00000478                PDB0_IRQHandler
                0x00000478                Reserved54_IRQHandler
                0x00000478                FTM2_Ch6_Ch7_IRQHandler
                0x00000478                FTM3_Ch2_Ch3_IRQHandler
                0x00000478                FTM2_Ch0_Ch1_IRQHandler
                0x00000478                LPUART1_RxTx_IRQHandler
                0x00000478                RTC_Seconds_IRQHandler
                0x00000478                CAN2_ORed_IRQHandler
                0x00000478                Reserved72_IRQHandler
                0x00000478                Reserved110_IRQHandler
                0x00000478                Reserved107_IRQHandler
                0x00000478                Read_Collision_IRQHandler
                0x00000478                CAN2_Error_IRQHandler
                0x00000478                FTFC_IRQHandler
                0x00000478                FTM1_Ch6_Ch7_IRQHandler
                0x00000478                Reserved105_IRQHandler
                0x00000478                LPIT0_Ch1_IRQHandler
                0x00000478                FTM1_Ch4_Ch5_IRQHandler
                0x00000478                FTM3_Ovf_Reload_IRQHandler
                0x00000478                LPUART2_RxTx_IRQHandler
                0x00000478                WDOG_EWM_IRQHandler
                0x00000478                MemManage_Handler
                0x00000478                Reserved90_IRQHandler
                0x00000478                Reserved83_IRQHandler
                0x00000478                FTM0_Fault_IRQHandler
                0x00000478                Reserved48_IRQHandler
                0x00000478                SVC_Handler
                0x00000478                ERM_single_fault_IRQHandler
                0x00000478                FTM2_Fault_IRQHandler
                0x00000478                FTM0_Ch2_Ch3_IRQHandler
                0x00000478                FTM0_Ch0_Ch1_IRQHandler
                0x00000478                FTM3_Fault_IRQHandler
                0x00000478                RCM_IRQHandler
                0x00000478                Reserved100_IRQHandler
                0x00000478                Reserved91_IRQHandler
                0x00000478                CAN1_ORed_IRQHandler
                0x00000478                SCG_IRQHandler
                0x00000478                PDB1_IRQHandler
                0x00000478                Reserved81_IRQHandler
                0x00000478                Reserved46_IRQHandler
                0x00000478                Reserved45_IRQHandler
                0x00000478                CAN0_Error_IRQHandler
                0x00000478                Reserved112_IRQHandler
                0x00000478                LPI2C0_Master_IRQHandler
                0x00000478                FTM1_Fault_IRQHandler
                0x00000478                Reserved106_IRQHandler
                0x00000478                LVD_LVW_IRQHandler
                0x00000478                LPIT0_Ch2_IRQHandler
                0x00000478                PORTA_IRQHandler
                0x00000478                MCM_IRQHandler
                0x00000478                FTM3_Ch4_Ch5_IRQHandler
                0x00000478                CAN0_ORed_0_15_MB_IRQHandler
                0x00000478                PORTE_IRQHandler
                0x00000478                LPUART0_RxTx_IRQHandler
                0x00000478                LPTMR0_IRQHandler
                0x00000478                BusFault_Handler
                0x00000478                Reserved87_IRQHandler
                0x00000478                FTM1_Ovf_Reload_IRQHandler
                0x00000478                Reserved93_IRQHandler
                0x00000478                CAN0_Wake_Up_IRQHandler
                0x00000478                CMP0_IRQHandler
                0x00000478                Reserved52_IRQHandler
                0x00000478                FTM1_Ch0_Ch1_IRQHandler
                0x00000478                FLEXIO_IRQHandler
                0x00000478                Reserved113_IRQHandler
 .text          0x0000047c      0x378 c:/users/tsalla_aero/s32ds/build_tools/gcc_b1620/gcc-6.3-arm32-eabi/bin/../lib/gcc/arm-none-eabi/6.3.1/thumb/v7e-m/fpv4-sp/hard\libgcc.a(_arm_addsubdf3.o)
                0x0000047c                __aeabi_drsub
                0x00000484                __aeabi_dsub
                0x00000484                __subdf3
                0x00000488                __aeabi_dadd
                0x00000488                __adddf3
                0x00000700                __floatunsidf
                0x00000700                __aeabi_ui2d
                0x00000720                __floatsidf
                0x00000720                __aeabi_i2d
                0x00000744                __aeabi_f2d
                0x00000744                __extendsfdf2
                0x00000788                __floatundidf
                0x00000788                __aeabi_ul2d
                0x00000798                __floatdidf
                0x00000798                __aeabi_l2d
 .text          0x000007f4      0x424 c:/users/tsalla_aero/s32ds/build_tools/gcc_b1620/gcc-6.3-arm32-eabi/bin/../lib/gcc/arm-none-eabi/6.3.1/thumb/v7e-m/fpv4-sp/hard\libgcc.a(_arm_muldivdf3.o)
                0x000007f4                __aeabi_dmul
                0x000007f4                __muldf3
                0x00000a48                __divdf3
                0x00000a48                __aeabi_ddiv
 .text          0x00000c18      0x110 c:/users/tsalla_aero/s32ds/build_tools/gcc_b1620/gcc-6.3-arm32-eabi/bin/../lib/gcc/arm-none-eabi/6.3.1/thumb/v7e-m/fpv4-sp/hard\libgcc.a(_arm_cmpdf2.o)
                0x00000c18                __gtdf2
                0x00000c18                __gedf2
                0x00000c20                __ltdf2
                0x00000c20                __ledf2
                0x00000c28                __nedf2
                0x00000c28                __eqdf2
                0x00000c28                __cmpdf2
                0x00000ca4                __aeabi_cdrcmple
                0x00000cb4                __aeabi_cdcmpeq
                0x00000cb4                __aeabi_cdcmple
                0x00000cc4                __aeabi_dcmpeq
                0x00000cd8                __aeabi_dcmplt
                0x00000cec                __aeabi_dcmple
                0x00000d00                __aeabi_dcmpge
                0x00000d14                __aeabi_dcmpgt
 .text          0x00000d28       0x2c c:/users/tsalla_aero/s32ds/build_tools/gcc_b1620/gcc-6.3-arm32-eabi/bin/../lib/gcc/arm-none-eabi/6.3.1/thumb/v7e-m/fpv4-sp/hard\libgcc.a(_arm_unorddf2.o)
                0x00000d28                __unorddf2
                0x00000d28                __aeabi_dcmpun
 .text          0x00000d54       0x50 c:/users/tsalla_aero/s32ds/build_tools/gcc_b1620/gcc-6.3-arm32-eabi/bin/../lib/gcc/arm-none-eabi/6.3.1/thumb/v7e-m/fpv4-sp/hard\libgcc.a(_arm_fixdfsi.o)
                0x00000d54                __aeabi_d2iz
                0x00000d54                __fixdfsi
 .text          0x00000da4       0x40 c:/users/tsalla_aero/s32ds/build_tools/gcc_b1620/gcc-6.3-arm32-eabi/bin/../lib/gcc/arm-none-eabi/6.3.1/thumb/v7e-m/fpv4-sp/hard\libgcc.a(_arm_fixunsdfsi.o)
                0x00000da4                __aeabi_d2uiz
                0x00000da4                __fixunsdfsi
 .text          0x00000de4       0xa0 c:/users/tsalla_aero/s32ds/build_tools/gcc_b1620/gcc-6.3-arm32-eabi/bin/../lib/gcc/arm-none-eabi/6.3.1/thumb/v7e-m/fpv4-sp/hard\libgcc.a(_aeabi_ldivmod.o)
                0x00000de4                __aeabi_ldivmod
 .text          0x00000e84       0x30 c:/users/tsalla_aero/s32ds/build_tools/gcc_b1620/gcc-6.3-arm32-eabi/bin/../lib/gcc/arm-none-eabi/6.3.1/thumb/v7e-m/fpv4-sp/hard\libgcc.a(_aeabi_uldivmod.o)
                0x00000e84                __aeabi_uldivmod
 .text          0x00000eb4       0x30 c:/users/tsalla_aero/s32ds/build_tools/gcc_b1620/gcc-6.3-arm32-eabi/bin/../lib/gcc/arm-none-eabi/6.3.1/thumb/v7e-m/fpv4-sp/hard\libgcc.a(_fixdfdi.o)
                0x00000eb4                __fixdfdi
                0x00000eb4                __aeabi_d2lz
 .text          0x00000ee4       0x48 c:/users/tsalla_aero/s32ds/build_tools/gcc_b1620/gcc-6.3-arm32-eabi/bin/../lib/gcc/arm-none-eabi/6.3.1/thumb/v7e-m/fpv4-sp/hard\libgcc.a(_fixunsdfdi.o)
                0x00000ee4                __fixunsdfdi
                0x00000ee4                __aeabi_d2ulz
 .text          0x00000f2c      0x2e4 c:/users/tsalla_aero/s32ds/build_tools/gcc_b1620/gcc-6.3-arm32-eabi/bin/../lib/gcc/arm-none-eabi/6.3.1/thumb/v7e-m/fpv4-sp/hard\libgcc.a(_udivmoddi4.o)
                0x00000f2c                __udivmoddi4
 .text          0x00001210        0x4 c:/users/tsalla_aero/s32ds/build_tools/gcc_b1620/gcc-6.3-arm32-eabi/bin/../lib/gcc/arm-none-eabi/6.3.1/thumb/v7e-m/fpv4-sp/hard\libgcc.a(_dvmd_tls.o)
                0x00001210                __aeabi_idiv0
                0x00001210                __aeabi_ldiv0
 .text          0x00001214       0x10 C:/Users/Tsalla_Aero/S32DS/build_tools/gcc_b1620/gcc-6.3-arm32-eabi/arm-none-eabi/newlib/lib/thumb/v7e-m/fpv4-sp/hard\libc_nano.a(lib_a-strlen.o)
                0x00001214                strlen
 *(.text*)
 .text.SystemInit
                0x00001224       0x58 ./SDK/platform/devices/S32K144/startup/system_S32K144.o
                0x00001224                SystemInit
 .text.init_data_bss
                0x0000127c      0x12c ./SDK/platform/devices/startup.o
                0x0000127c                init_data_bss
 .text.DevAssert
                0x000013a8       0x1e ./SDK/platform/drivers/src/clock/S32K1xx/clock_S32K1xx.o
 .text.SIM_GetRtcClkSrc
                0x000013c6       0x1e ./SDK/platform/drivers/src/clock/S32K1xx/clock_S32K1xx.o
 .text.SIM_SetLpoClocks
                0x000013e4       0x6e ./SDK/platform/drivers/src/clock/S32K1xx/clock_S32K1xx.o
 .text.SIM_SetEimClockGate
                0x00001452       0x3c ./SDK/platform/drivers/src/clock/S32K1xx/clock_S32K1xx.o
 .text.SIM_GetEimClockGate
                0x0000148e       0x30 ./SDK/platform/drivers/src/clock/S32K1xx/clock_S32K1xx.o
 .text.SIM_SetErmClockGate
                0x000014be       0x3c ./SDK/platform/drivers/src/clock/S32K1xx/clock_S32K1xx.o
 .text.SIM_GetErmClockGate
                0x000014fa       0x30 ./SDK/platform/drivers/src/clock/S32K1xx/clock_S32K1xx.o
 .text.SIM_SetDmaClockGate
                0x0000152a       0x3c ./SDK/platform/drivers/src/clock/S32K1xx/clock_S32K1xx.o
 .text.SIM_GetDmaClockGate
                0x00001566       0x30 ./SDK/platform/drivers/src/clock/S32K1xx/clock_S32K1xx.o
 .text.SIM_SetMpuClockGate
                0x00001596       0x3c ./SDK/platform/drivers/src/clock/S32K1xx/clock_S32K1xx.o
 .text.SIM_GetMpuClockGate
                0x000015d2       0x30 ./SDK/platform/drivers/src/clock/S32K1xx/clock_S32K1xx.o
 .text.SIM_SetMscmClockGate
                0x00001602       0x3c ./SDK/platform/drivers/src/clock/S32K1xx/clock_S32K1xx.o
 .text.SIM_GetMscmClockGate
                0x0000163e       0x2e ./SDK/platform/drivers/src/clock/S32K1xx/clock_S32K1xx.o
 .text.SIM_GetFtm0ExternalClkPinMode
                0x0000166c       0x1e ./SDK/platform/drivers/src/clock/S32K1xx/clock_S32K1xx.o
 .text.SIM_GetFtm1ExternalClkPinMode
                0x0000168a       0x1e ./SDK/platform/drivers/src/clock/S32K1xx/clock_S32K1xx.o
 .text.SIM_GetFtm2ExternalClkPinMode
                0x000016a8       0x1e ./SDK/platform/drivers/src/clock/S32K1xx/clock_S32K1xx.o
 .text.SIM_GetFtm3ExternalClkPinMode
                0x000016c6       0x1e ./SDK/platform/drivers/src/clock/S32K1xx/clock_S32K1xx.o
 .text.SIM_GetLpo32KStatus
                0x000016e4       0x26 ./SDK/platform/drivers/src/clock/S32K1xx/clock_S32K1xx.o
 .text.SIM_GetLpo1KStatus
                0x0000170a       0x26 ./SDK/platform/drivers/src/clock/S32K1xx/clock_S32K1xx.o
 .text.SIM_GetLpoClkSelectorValue
                0x00001730       0x1e ./SDK/platform/drivers/src/clock/S32K1xx/clock_S32K1xx.o
 .text.SIM_GetClockoutStatus
                0x0000174e       0x26 ./SDK/platform/drivers/src/clock/S32K1xx/clock_S32K1xx.o
 .text.SIM_GetClockoutDividerValue
                0x00001774       0x1e ./SDK/platform/drivers/src/clock/S32K1xx/clock_S32K1xx.o
 .text.SIM_GetClockoutSelectorValue
                0x00001792       0x1e ./SDK/platform/drivers/src/clock/S32K1xx/clock_S32K1xx.o
 .text.SIM_SetClockout
                0x000017b0       0x5c ./SDK/platform/drivers/src/clock/S32K1xx/clock_S32K1xx.o
 .text.SIM_SetTraceClockSource
                0x0000180c       0x38 ./SDK/platform/drivers/src/clock/S32K1xx/clock_S32K1xx.o
 .text.SIM_ClearTraceClockConfig
                0x00001844       0x1e ./SDK/platform/drivers/src/clock/S32K1xx/clock_S32K1xx.o
 .text.SIM_SetTraceClockConfig
                0x00001862       0x3e ./SDK/platform/drivers/src/clock/S32K1xx/clock_S32K1xx.o
 .text.SCG_GetClockoutSourceSel
                0x000018a0       0x1e ./SDK/platform/drivers/src/clock/S32K1xx/clock_S32K1xx.o
 .text.SCG_GetCurrentSystemClockSource
                0x000018be       0x1e ./SDK/platform/drivers/src/clock/S32K1xx/clock_S32K1xx.o
 .text.SCG_GetCurrentCoreClockDividerRatio
                0x000018dc       0x1e ./SDK/platform/drivers/src/clock/S32K1xx/clock_S32K1xx.o
 .text.SCG_GetCurrentBusClockDividerRatio
                0x000018fa       0x1e ./SDK/platform/drivers/src/clock/S32K1xx/clock_S32K1xx.o
 .text.SCG_GetCurrentSlowClockDividerRatio
                0x00001918       0x1c ./SDK/platform/drivers/src/clock/S32K1xx/clock_S32K1xx.o
 .text.SCG_SetRunClockControl
                0x00001934       0x44 ./SDK/platform/drivers/src/clock/S32K1xx/clock_S32K1xx.o
 .text.SCG_SetVlprClockControl
                0x00001978       0x44 ./SDK/platform/drivers/src/clock/S32K1xx/clock_S32K1xx.o
 .text.SCG_SetHsrunClockControl
                0x000019bc       0x44 ./SDK/platform/drivers/src/clock/S32K1xx/clock_S32K1xx.o
 .text.SCG_GetFircFirstAsyncDivider
                0x00001a00       0x1e ./SDK/platform/drivers/src/clock/S32K1xx/clock_S32K1xx.o
 .text.SCG_GetFircSecondAsyncDivider
                0x00001a1e       0x20 ./SDK/platform/drivers/src/clock/S32K1xx/clock_S32K1xx.o
 .text.SCG_SetFircAsyncConfig
                0x00001a3e       0x32 ./SDK/platform/drivers/src/clock/S32K1xx/clock_S32K1xx.o
 .text.SCG_GetSircFirstAsyncDivider
                0x00001a70       0x1e ./SDK/platform/drivers/src/clock/S32K1xx/clock_S32K1xx.o
 .text.SCG_GetSircSecondAsyncDivider
                0x00001a8e       0x20 ./SDK/platform/drivers/src/clock/S32K1xx/clock_S32K1xx.o
 .text.SCG_SetSircAsyncConfig
                0x00001aae       0x32 ./SDK/platform/drivers/src/clock/S32K1xx/clock_S32K1xx.o
 .text.SCG_GetSoscFirstAsyncDivider
                0x00001ae0       0x1e ./SDK/platform/drivers/src/clock/S32K1xx/clock_S32K1xx.o
 .text.SCG_GetSoscSecondAsyncDivider
                0x00001afe       0x20 ./SDK/platform/drivers/src/clock/S32K1xx/clock_S32K1xx.o
 .text.SCG_SetSoscAsyncConfig
                0x00001b1e       0x32 ./SDK/platform/drivers/src/clock/S32K1xx/clock_S32K1xx.o
 .text.SCG_GetSpllFirstAsyncDivider
                0x00001b50       0x1e ./SDK/platform/drivers/src/clock/S32K1xx/clock_S32K1xx.o
 .text.SCG_GetSpllSecondAsyncDivider
                0x00001b6e       0x20 ./SDK/platform/drivers/src/clock/S32K1xx/clock_S32K1xx.o
 .text.SCG_SetSpllAsyncConfig
                0x00001b8e       0x32 ./SDK/platform/drivers/src/clock/S32K1xx/clock_S32K1xx.o
 .text.SCG_SetClockoutSourceSel
                0x00001bc0       0x38 ./SDK/platform/drivers/src/clock/S32K1xx/clock_S32K1xx.o
 .text.SCG_GetSircSystemClockMode
                0x00001bf8       0x32 ./SDK/platform/drivers/src/clock/S32K1xx/clock_S32K1xx.o
 .text.SCG_GetSircStatus
                0x00001c2a       0x28 ./SDK/platform/drivers/src/clock/S32K1xx/clock_S32K1xx.o
 .text.SCG_GetSircRange
                0x00001c52       0x1e ./SDK/platform/drivers/src/clock/S32K1xx/clock_S32K1xx.o
 .text.SCG_ClearSircLock
                0x00001c70       0x24 ./SDK/platform/drivers/src/clock/S32K1xx/clock_S32K1xx.o
 .text.SCG_ClearSircControl
                0x00001c94       0x1c ./SDK/platform/drivers/src/clock/S32K1xx/clock_S32K1xx.o
 .text.SCG_SetSircConfiguration
                0x00001cb0       0x24 ./SDK/platform/drivers/src/clock/S32K1xx/clock_S32K1xx.o
 .text.SCG_SetSircControl
                0x00001cd4       0x4e ./SDK/platform/drivers/src/clock/S32K1xx/clock_S32K1xx.o
 .text.SCG_GetFircSystemClockMode
                0x00001d22       0x32 ./SDK/platform/drivers/src/clock/S32K1xx/clock_S32K1xx.o
 .text.SCG_GetFircStatus
                0x00001d54       0x28 ./SDK/platform/drivers/src/clock/S32K1xx/clock_S32K1xx.o
 .text.SCG_GetFircRange
                0x00001d7c       0x1e ./SDK/platform/drivers/src/clock/S32K1xx/clock_S32K1xx.o
 .text.SCG_ClearFircLock
                0x00001d9a       0x24 ./SDK/platform/drivers/src/clock/S32K1xx/clock_S32K1xx.o
 .text.SCG_ClearFircControl
                0x00001dbe       0x1e ./SDK/platform/drivers/src/clock/S32K1xx/clock_S32K1xx.o
 .text.SCG_SetFircConfiguration
                0x00001ddc       0x24 ./SDK/platform/drivers/src/clock/S32K1xx/clock_S32K1xx.o
 .text.SCG_SetFircControl
                0x00001e00       0x3e ./SDK/platform/drivers/src/clock/S32K1xx/clock_S32K1xx.o
 .text.SCG_GetSoscSystemClockMode
                0x00001e3e       0x32 ./SDK/platform/drivers/src/clock/S32K1xx/clock_S32K1xx.o
 .text.SCG_GetSoscStatus
                0x00001e70       0x28 ./SDK/platform/drivers/src/clock/S32K1xx/clock_S32K1xx.o
 .text.SCG_ClearSoscLock
                0x00001e98       0x24 ./SDK/platform/drivers/src/clock/S32K1xx/clock_S32K1xx.o
 .text.SCG_ClearSoscControl
                0x00001ebc       0x1e ./SDK/platform/drivers/src/clock/S32K1xx/clock_S32K1xx.o
 .text.SCG_SetSoscConfiguration
                0x00001eda       0x3c ./SDK/platform/drivers/src/clock/S32K1xx/clock_S32K1xx.o
 .text.SCG_SetSoscControl
                0x00001f16       0x52 ./SDK/platform/drivers/src/clock/S32K1xx/clock_S32K1xx.o
 .text.SCG_GetSpllSystemClockMode
                0x00001f68       0x32 ./SDK/platform/drivers/src/clock/S32K1xx/clock_S32K1xx.o
 .text.SCG_GetSpllStatus
                0x00001f9a       0x28 ./SDK/platform/drivers/src/clock/S32K1xx/clock_S32K1xx.o
 .text.SCG_GetSpllPredivider
                0x00001fc2       0x20 ./SDK/platform/drivers/src/clock/S32K1xx/clock_S32K1xx.o
 .text.SCG_GetSpllMultiplier
                0x00001fe2       0x20 ./SDK/platform/drivers/src/clock/S32K1xx/clock_S32K1xx.o
 .text.SCG_ClearSpllLock
                0x00002002       0x24 ./SDK/platform/drivers/src/clock/S32K1xx/clock_S32K1xx.o
 .text.SCG_ClearSpllControl
                0x00002026       0x1e ./SDK/platform/drivers/src/clock/S32K1xx/clock_S32K1xx.o
 .text.SCG_SetSpllConfiguration
                0x00002044       0x34 ./SDK/platform/drivers/src/clock/S32K1xx/clock_S32K1xx.o
 .text.SCG_SetSpllControl
                0x00002078       0x52 ./SDK/platform/drivers/src/clock/S32K1xx/clock_S32K1xx.o
 *fill*         0x000020ca        0x2 
 .text.PCC_SetPeripheralClockControl
                0x000020cc       0x60 ./SDK/platform/drivers/src/clock/S32K1xx/clock_S32K1xx.o
 .text.PCC_SetClockMode
                0x0000212c       0x70 ./SDK/platform/drivers/src/clock/S32K1xx/clock_S32K1xx.o
 .text.PCC_GetClockMode
                0x0000219c       0x44 ./SDK/platform/drivers/src/clock/S32K1xx/clock_S32K1xx.o
 .text.PCC_GetClockSourceSel
                0x000021e0       0x34 ./SDK/platform/drivers/src/clock/S32K1xx/clock_S32K1xx.o
 .text.PCC_GetFracValueSel
                0x00002214       0x34 ./SDK/platform/drivers/src/clock/S32K1xx/clock_S32K1xx.o
 .text.PCC_GetDividerSel
                0x00002248       0x30 ./SDK/platform/drivers/src/clock/S32K1xx/clock_S32K1xx.o
 .text.PMC_SetLpoMode
                0x00002278       0x42 ./SDK/platform/drivers/src/clock/S32K1xx/clock_S32K1xx.o
 .text.PMC_GetLpoMode
                0x000022ba       0x2c ./SDK/platform/drivers/src/clock/S32K1xx/clock_S32K1xx.o
 .text.PMC_SetLpoTrimValue
                0x000022e6       0x6c ./SDK/platform/drivers/src/clock/S32K1xx/clock_S32K1xx.o
 .text.SMC_GetCurrentRunningMode
                0x00002352       0x1a ./SDK/platform/drivers/src/clock/S32K1xx/clock_S32K1xx.o
 .text.CLOCK_DRV_Init
                0x0000236c       0x86 ./SDK/platform/drivers/src/clock/S32K1xx/clock_S32K1xx.o
                0x0000236c                CLOCK_DRV_Init
 *fill*         0x000023f2        0x2 
 .text.CLOCK_SYS_SetScgConfiguration
                0x000023f4       0xc0 ./SDK/platform/drivers/src/clock/S32K1xx/clock_S32K1xx.o
 .text.CLOCK_SYS_SetPccConfiguration
                0x000024b4       0xd4 ./SDK/platform/drivers/src/clock/S32K1xx/clock_S32K1xx.o
 .text.CLOCK_SYS_SetSimConfiguration
                0x00002588      0x128 ./SDK/platform/drivers/src/clock/S32K1xx/clock_S32K1xx.o
 .text.CLOCK_SYS_SetPmcConfiguration
                0x000026b0       0x48 ./SDK/platform/drivers/src/clock/S32K1xx/clock_S32K1xx.o
 .text.CLOCK_SYS_GetDefaultConfiguration
                0x000026f8      0x258 ./SDK/platform/drivers/src/clock/S32K1xx/clock_S32K1xx.o
 .text.CLOCK_SYS_GetScgClockFreq
                0x00002950      0x144 ./SDK/platform/drivers/src/clock/S32K1xx/clock_S32K1xx.o
 .text.CLOCK_SYS_GetSimClockFreq
                0x00002a94      0x210 ./SDK/platform/drivers/src/clock/S32K1xx/clock_S32K1xx.o
 .text.CLOCK_SYS_CheckPCCClock
                0x00002ca4       0x64 ./SDK/platform/drivers/src/clock/S32K1xx/clock_S32K1xx.o
 .text.CLOCK_SYS_GetPccClockFreq
                0x00002d08      0x10c ./SDK/platform/drivers/src/clock/S32K1xx/clock_S32K1xx.o
 .text.CLOCK_DRV_GetFreq
                0x00002e14       0x5c ./SDK/platform/drivers/src/clock/S32K1xx/clock_S32K1xx.o
                0x00002e14                CLOCK_DRV_GetFreq
 .text.CLOCK_SYS_GetPeripheralClock
                0x00002e70       0xd8 ./SDK/platform/drivers/src/clock/S32K1xx/clock_S32K1xx.o
 .text.CLOCK_SYS_GetCurrentRunMode
                0x00002f48       0x44 ./SDK/platform/drivers/src/clock/S32K1xx/clock_S32K1xx.o
 .text.CLOCK_SYS_TransitionSystemClock
                0x00002f8c       0x98 ./SDK/platform/drivers/src/clock/S32K1xx/clock_S32K1xx.o
 .text.CLOCK_SYS_GetSimClkOutFreq
                0x00003024       0xf0 ./SDK/platform/drivers/src/clock/S32K1xx/clock_S32K1xx.o
 .text.CLOCK_SYS_GetScgClkOutFreq
                0x00003114       0x74 ./SDK/platform/drivers/src/clock/S32K1xx/clock_S32K1xx.o
 .text.CLOCK_SYS_GetSimRtcClkFreq
                0x00003188       0x78 ./SDK/platform/drivers/src/clock/S32K1xx/clock_S32K1xx.o
 .text.CLOCK_SYS_ConfigureSIRC
                0x00003200       0xc8 ./SDK/platform/drivers/src/clock/S32K1xx/clock_S32K1xx.o
 .text.CLOCK_SYS_ConfigureFIRC
                0x000032c8       0xc0 ./SDK/platform/drivers/src/clock/S32K1xx/clock_S32K1xx.o
 .text.CLOCK_SYS_ConfigureSOSC
                0x00003388      0x128 ./SDK/platform/drivers/src/clock/S32K1xx/clock_S32K1xx.o
 .text.CLOCK_SYS_ConfigureSPLL
                0x000034b0      0x150 ./SDK/platform/drivers/src/clock/S32K1xx/clock_S32K1xx.o
 .text.CLOCK_SYS_ConfigureTemporarySystemClock
                0x00003600       0x68 ./SDK/platform/drivers/src/clock/S32K1xx/clock_S32K1xx.o
 .text.CLOCK_SYS_ConfigureModulesFromScg
                0x00003668      0x1c8 ./SDK/platform/drivers/src/clock/S32K1xx/clock_S32K1xx.o
 .text.CLOCK_SYS_GetSystemClockFreq
                0x00003830       0xd0 ./SDK/platform/drivers/src/clock/S32K1xx/clock_S32K1xx.o
 .text.CLOCK_SYS_GetSrcFreq
                0x00003900       0x64 ./SDK/platform/drivers/src/clock/S32K1xx/clock_S32K1xx.o
 .text.CLOCK_SYS_SetSystemClockConfig
                0x00003964      0x280 ./SDK/platform/drivers/src/clock/S32K1xx/clock_S32K1xx.o
 .text.CLOCK_SYS_GetSysAsyncFreq
                0x00003be4      0x12c ./SDK/platform/drivers/src/clock/S32K1xx/clock_S32K1xx.o
 .text.CLOCK_SYS_GetSysOscFreq
                0x00003d10       0x30 ./SDK/platform/drivers/src/clock/S32K1xx/clock_S32K1xx.o
 .text.CLOCK_SYS_GetSircFreq
                0x00003d40       0x38 ./SDK/platform/drivers/src/clock/S32K1xx/clock_S32K1xx.o
 .text.CLOCK_SYS_GetFircFreq
                0x00003d78       0x3c ./SDK/platform/drivers/src/clock/S32K1xx/clock_S32K1xx.o
 .text.CLOCK_SYS_GetSysPllFreq
                0x00003db4       0x64 ./SDK/platform/drivers/src/clock/S32K1xx/clock_S32K1xx.o
 .text.CLOCK_SYS_GetLpoFreq
                0x00003e18       0x80 ./SDK/platform/drivers/src/clock/S32K1xx/clock_S32K1xx.o
 .text.CLOCK_SYS_Init
                0x00003e98       0x64 ./SDK/platform/drivers/src/clock/S32K1xx/clock_S32K1xx.o
                0x00003e98                CLOCK_SYS_Init
 .text.CLOCK_SYS_UpdateConfiguration
                0x00003efc      0x18c ./SDK/platform/drivers/src/clock/S32K1xx/clock_S32K1xx.o
                0x00003efc                CLOCK_SYS_UpdateConfiguration
 .text.CLOCK_SYS_GetFreq
                0x00004088       0x20 ./SDK/platform/drivers/src/clock/S32K1xx/clock_S32K1xx.o
                0x00004088                CLOCK_SYS_GetFreq
 .text.CLOCK_SYS_SetConfiguration
                0x000040a8       0x18 ./SDK/platform/drivers/src/clock/S32K1xx/clock_S32K1xx.o
                0x000040a8                CLOCK_SYS_SetConfiguration
 .text.DevAssert
                0x000040c0       0x1e ./SDK/platform/drivers/src/edma/edma_driver.o
 .text.EDMA_SetMinorLoopMappingCmd
                0x000040de       0x3c ./SDK/platform/drivers/src/edma/edma_driver.o
 .text.EDMA_ClearErrorIntStatusFlag
                0x0000411a       0x2c ./SDK/platform/drivers/src/edma/edma_driver.o
 .text.EDMA_ClearDoneStatusFlag
                0x00004146       0x2c ./SDK/platform/drivers/src/edma/edma_driver.o
 .text.EDMA_ClearIntStatusFlag
                0x00004172       0x2c ./SDK/platform/drivers/src/edma/edma_driver.o
 .text.EDMA_TCDSetSrcAddr
                0x0000419e       0x36 ./SDK/platform/drivers/src/edma/edma_driver.o
 .text.EDMA_TCDSetSrcOffset
                0x000041d4       0x3c ./SDK/platform/drivers/src/edma/edma_driver.o
 .text.EDMA_TCDSetDestAddr
                0x00004210       0x3a ./SDK/platform/drivers/src/edma/edma_driver.o
 .text.EDMA_TCDSetDestOffset
                0x0000424a       0x3e ./SDK/platform/drivers/src/edma/edma_driver.o
 .text.EDMA_TCDSetDisableDmaRequestAfterTCDDoneCmd
                0x00004288       0x6a ./SDK/platform/drivers/src/edma/edma_driver.o
 .text.EDMA_TCDSetMajorCompleteIntCmd
                0x000042f2       0x6a ./SDK/platform/drivers/src/edma/edma_driver.o
 .text.EDMA_DRV_InstallCallback
                0x0000435c       0x64 ./SDK/platform/drivers/src/edma/edma_driver.o
                0x0000435c                EDMA_DRV_InstallCallback
 .text.EDMA_DRV_ClearIntStatus
                0x000043c0       0x3c ./SDK/platform/drivers/src/edma/edma_driver.o
 .text.EDMA_DRV_IRQHandler
                0x000043fc       0x4c ./SDK/platform/drivers/src/edma/edma_driver.o
                0x000043fc                EDMA_DRV_IRQHandler
 .text.EDMA_DRV_ErrorIRQHandler
                0x00004448       0x7c ./SDK/platform/drivers/src/edma/edma_driver.o
                0x00004448                EDMA_DRV_ErrorIRQHandler
 .text.EDMA_DRV_ConfigSingleBlockTransfer
                0x000044c4      0x1c4 ./SDK/platform/drivers/src/edma/edma_driver.o
                0x000044c4                EDMA_DRV_ConfigSingleBlockTransfer
 .text.EDMA_DRV_ConfigMultiBlockTransfer
                0x00004688       0x98 ./SDK/platform/drivers/src/edma/edma_driver.o
                0x00004688                EDMA_DRV_ConfigMultiBlockTransfer
 .text.EDMA_DRV_StartChannel
                0x00004720       0x7c ./SDK/platform/drivers/src/edma/edma_driver.o
                0x00004720                EDMA_DRV_StartChannel
 .text.EDMA_DRV_StopChannel
                0x0000479c       0x7c ./SDK/platform/drivers/src/edma/edma_driver.o
                0x0000479c                EDMA_DRV_StopChannel
 .text.EDMA_DRV_SetSrcAddr
                0x00004818       0x7c ./SDK/platform/drivers/src/edma/edma_driver.o
                0x00004818                EDMA_DRV_SetSrcAddr
 .text.EDMA_DRV_SetDestAddr
                0x00004894       0x7c ./SDK/platform/drivers/src/edma/edma_driver.o
                0x00004894                EDMA_DRV_SetDestAddr
 .text.EDMA_DRV_SetMajorLoopIterationCount
                0x00004910       0x7c ./SDK/platform/drivers/src/edma/edma_driver.o
                0x00004910                EDMA_DRV_SetMajorLoopIterationCount
 .text.EDMA_DRV_ValidTransferSize
                0x0000498c       0x4c ./SDK/platform/drivers/src/edma/edma_driver.o
 .text.EDMA_DRV_GetChannelStatus
                0x000049d8       0x64 ./SDK/platform/drivers/src/edma/edma_driver.o
                0x000049d8                EDMA_DRV_GetChannelStatus
 .text.EDMA_DRV_GetDmaRegBaseAddr
                0x00004a3c       0x28 ./SDK/platform/drivers/src/edma/edma_driver.o
                0x00004a3c                EDMA_DRV_GetDmaRegBaseAddr
 .text.DevAssert
                0x00004a64       0x1e ./SDK/platform/drivers/src/edma/edma_hw_access.o
 .text.EDMA_SetDmaRequestCmd
                0x00004a82       0x2e ./SDK/platform/drivers/src/edma/edma_hw_access.o
                0x00004a82                EDMA_SetDmaRequestCmd
 .text.EDMA_TCDClearReg
                0x00004ab0       0xd6 ./SDK/platform/drivers/src/edma/edma_hw_access.o
                0x00004ab0                EDMA_TCDClearReg
 .text.EDMA_TCDSetAttribute
                0x00004b86       0x7e ./SDK/platform/drivers/src/edma/edma_hw_access.o
                0x00004b86                EDMA_TCDSetAttribute
 .text.EDMA_TCDSetNbytes
                0x00004c04       0xd4 ./SDK/platform/drivers/src/edma/edma_hw_access.o
                0x00004c04                EDMA_TCDSetNbytes
 .text.EDMA_TCDSetMajorCount
                0x00004cd8      0x15a ./SDK/platform/drivers/src/edma/edma_hw_access.o
                0x00004cd8                EDMA_TCDSetMajorCount
 .text.EDMA_GetErrorIntStatusFlag
                0x00004e32       0x18 ./SDK/platform/drivers/src/edma/edma_irq.o
 .text.DMA0_IRQHandler
                0x00004e4a        0xe ./SDK/platform/drivers/src/edma/edma_irq.o
                0x00004e4a                DMA0_IRQHandler
 .text.DMA1_IRQHandler
                0x00004e58        0xe ./SDK/platform/drivers/src/edma/edma_irq.o
                0x00004e58                DMA1_IRQHandler
 .text.DMA2_IRQHandler
                0x00004e66        0xe ./SDK/platform/drivers/src/edma/edma_irq.o
                0x00004e66                DMA2_IRQHandler
 .text.DMA3_IRQHandler
                0x00004e74        0xe ./SDK/platform/drivers/src/edma/edma_irq.o
                0x00004e74                DMA3_IRQHandler
 .text.DMA4_IRQHandler
                0x00004e82        0xe ./SDK/platform/drivers/src/edma/edma_irq.o
                0x00004e82                DMA4_IRQHandler
 .text.DMA5_IRQHandler
                0x00004e90        0xe ./SDK/platform/drivers/src/edma/edma_irq.o
                0x00004e90                DMA5_IRQHandler
 .text.DMA6_IRQHandler
                0x00004e9e        0xe ./SDK/platform/drivers/src/edma/edma_irq.o
                0x00004e9e                DMA6_IRQHandler
 .text.DMA7_IRQHandler
                0x00004eac        0xe ./SDK/platform/drivers/src/edma/edma_irq.o
                0x00004eac                DMA7_IRQHandler
 .text.DMA8_IRQHandler
                0x00004eba        0xe ./SDK/platform/drivers/src/edma/edma_irq.o
                0x00004eba                DMA8_IRQHandler
 .text.DMA9_IRQHandler
                0x00004ec8        0xe ./SDK/platform/drivers/src/edma/edma_irq.o
                0x00004ec8                DMA9_IRQHandler
 .text.DMA10_IRQHandler
                0x00004ed6        0xe ./SDK/platform/drivers/src/edma/edma_irq.o
                0x00004ed6                DMA10_IRQHandler
 .text.DMA11_IRQHandler
                0x00004ee4        0xe ./SDK/platform/drivers/src/edma/edma_irq.o
                0x00004ee4                DMA11_IRQHandler
 .text.DMA12_IRQHandler
                0x00004ef2        0xe ./SDK/platform/drivers/src/edma/edma_irq.o
                0x00004ef2                DMA12_IRQHandler
 .text.DMA13_IRQHandler
                0x00004f00        0xe ./SDK/platform/drivers/src/edma/edma_irq.o
                0x00004f00                DMA13_IRQHandler
 .text.DMA14_IRQHandler
                0x00004f0e        0xe ./SDK/platform/drivers/src/edma/edma_irq.o
                0x00004f0e                DMA14_IRQHandler
 .text.DMA15_IRQHandler
                0x00004f1c        0xe ./SDK/platform/drivers/src/edma/edma_irq.o
                0x00004f1c                DMA15_IRQHandler
 .text.DMA_Error_IRQHandler
                0x00004f2a       0x4c ./SDK/platform/drivers/src/edma/edma_irq.o
                0x00004f2a                DMA_Error_IRQHandler
 .text.DevAssert
                0x00004f76       0x1e ./SDK/platform/drivers/src/interrupt/interrupt_manager.o
 .text.INT_SYS_InstallHandler
                0x00004f94       0x90 ./SDK/platform/drivers/src/interrupt/interrupt_manager.o
                0x00004f94                INT_SYS_InstallHandler
 .text.INT_SYS_EnableIRQ
                0x00005024       0x58 ./SDK/platform/drivers/src/interrupt/interrupt_manager.o
                0x00005024                INT_SYS_EnableIRQ
 .text.INT_SYS_EnableIRQGlobal
                0x0000507c       0x30 ./SDK/platform/drivers/src/interrupt/interrupt_manager.o
                0x0000507c                INT_SYS_EnableIRQGlobal
 .text.INT_SYS_DisableIRQGlobal
                0x000050ac       0x20 ./SDK/platform/drivers/src/interrupt/interrupt_manager.o
                0x000050ac                INT_SYS_DisableIRQGlobal
 .text.INT_SYS_ClearPending
                0x000050cc       0x58 ./SDK/platform/drivers/src/interrupt/interrupt_manager.o
                0x000050cc                INT_SYS_ClearPending
 .text.LPSPI_SetDelay
                0x00005124       0x46 ./SDK/platform/drivers/src/lpspi/lpspi_hw_access.o
 .text.LPSPI_Init
                0x0000516a       0x20 ./SDK/platform/drivers/src/lpspi/lpspi_hw_access.o
                0x0000516a                LPSPI_Init
 .text.LPSPI_Disable
                0x0000518a       0x3c ./SDK/platform/drivers/src/lpspi/lpspi_hw_access.o
                0x0000518a                LPSPI_Disable
 .text.LPSPI_SetMasterSlaveMode
                0x000051c6       0x2a ./SDK/platform/drivers/src/lpspi/lpspi_hw_access.o
                0x000051c6                LPSPI_SetMasterSlaveMode
 .text.LPSPI_SetFlushFifoCmd
                0x000051f0       0x34 ./SDK/platform/drivers/src/lpspi/lpspi_hw_access.o
                0x000051f0                LPSPI_SetFlushFifoCmd
 .text.LPSPI_ClearStatusFlag
                0x00005224       0x42 ./SDK/platform/drivers/src/lpspi/lpspi_hw_access.o
                0x00005224                LPSPI_ClearStatusFlag
 .text.LPSPI_SetPcsPolarityMode
                0x00005266       0x4c ./SDK/platform/drivers/src/lpspi/lpspi_hw_access.o
                0x00005266                LPSPI_SetPcsPolarityMode
 .text.LPSPI_SetPinConfigMode
                0x000052b2       0x54 ./SDK/platform/drivers/src/lpspi/lpspi_hw_access.o
                0x000052b2                LPSPI_SetPinConfigMode
 .text.abs_dif  0x00005306       0x2c ./SDK/platform/drivers/src/lpspi/lpspi_hw_access.o
 *fill*         0x00005332        0x2 
 .text.LPSPI_SetBaudRate
                0x00005334      0x190 ./SDK/platform/drivers/src/lpspi/lpspi_hw_access.o
                0x00005334                LPSPI_SetBaudRate
 .text.LPSPI_SetBaudRateDivisor
                0x000054c4       0x36 ./SDK/platform/drivers/src/lpspi/lpspi_hw_access.o
                0x000054c4                LPSPI_SetBaudRateDivisor
 .text.LPSPI_SetTxCommandReg
                0x000054fa       0x7e ./SDK/platform/drivers/src/lpspi/lpspi_hw_access.o
                0x000054fa                LPSPI_SetTxCommandReg
 .text.LPSPI_SetPcs
                0x00005578       0x36 ./SDK/platform/drivers/src/lpspi/lpspi_hw_access.o
                0x00005578                LPSPI_SetPcs
 .text.LPSPI0_IRQHandler
                0x000055ae        0xe ./SDK/platform/drivers/src/lpspi/lpspi_irq.o
                0x000055ae                LPSPI0_IRQHandler
 .text.LPSPI1_IRQHandler
                0x000055bc        0xe ./SDK/platform/drivers/src/lpspi/lpspi_irq.o
                0x000055bc                LPSPI1_IRQHandler
 .text.LPSPI2_IRQHandler
                0x000055ca        0xe ./SDK/platform/drivers/src/lpspi/lpspi_irq.o
                0x000055ca                LPSPI2_IRQHandler
 .text.DevAssert
                0x000055d8       0x1e ./SDK/platform/drivers/src/lpspi/lpspi_master_driver.o
 .text.LPSPI_Enable
                0x000055f6       0x20 ./SDK/platform/drivers/src/lpspi/lpspi_master_driver.o
 .text.LPSPI_GetFifoSizes
                0x00005616       0x2e ./SDK/platform/drivers/src/lpspi/lpspi_master_driver.o
 .text.LPSPI_SetRxWatermarks
                0x00005644       0x34 ./SDK/platform/drivers/src/lpspi/lpspi_master_driver.o
 .text.LPSPI_SetTxWatermarks
                0x00005678       0x32 ./SDK/platform/drivers/src/lpspi/lpspi_master_driver.o
 .text.LPSPI_GetStatusFlag
                0x000056aa       0x26 ./SDK/platform/drivers/src/lpspi/lpspi_master_driver.o
 .text.LPSPI_SetIntMode
                0x000056d0       0x4c ./SDK/platform/drivers/src/lpspi/lpspi_master_driver.o
 .text.LPSPI_SetTxDmaCmd
                0x0000571c       0x26 ./SDK/platform/drivers/src/lpspi/lpspi_master_driver.o
 .text.LPSPI_SetRxDmaCmd
                0x00005742       0x28 ./SDK/platform/drivers/src/lpspi/lpspi_master_driver.o
 .text.LPSPI_ClearRxmaskBit
                0x0000576a       0x20 ./SDK/platform/drivers/src/lpspi/lpspi_master_driver.o
 .text.LPSPI_SetRxmskBit
                0x0000578a       0x20 ./SDK/platform/drivers/src/lpspi/lpspi_master_driver.o
 .text.LPSPI_ClearContCBit
                0x000057aa       0x20 ./SDK/platform/drivers/src/lpspi/lpspi_master_driver.o
 .text.LPSPI_SetContCBit
                0x000057ca       0x20 ./SDK/platform/drivers/src/lpspi/lpspi_master_driver.o
 .text.LPSPI_SetSamplingPoint
                0x000057ea       0x34 ./SDK/platform/drivers/src/lpspi/lpspi_master_driver.o
 *fill*         0x0000581e        0x2 
 .text.LPSPI_DRV_MasterInit
                0x00005820       0xec ./SDK/platform/drivers/src/lpspi/lpspi_master_driver.o
                0x00005820                LPSPI_DRV_MasterInit
 .text.LPSPI_DRV_MasterConfigureBus
                0x0000590c      0x1c0 ./SDK/platform/drivers/src/lpspi/lpspi_master_driver.o
                0x0000590c                LPSPI_DRV_MasterConfigureBus
 .text.LPSPI_DRV_MasterTransferBlocking
                0x00005acc      0x11c ./SDK/platform/drivers/src/lpspi/lpspi_master_driver.o
                0x00005acc                LPSPI_DRV_MasterTransferBlocking
 .text.LPSPI_DRV_MasterAbortTransfer
                0x00005be8       0x68 ./SDK/platform/drivers/src/lpspi/lpspi_master_driver.o
                0x00005be8                LPSPI_DRV_MasterAbortTransfer
 .text.LPSPI_DRV_SetPcs
                0x00005c50       0xa4 ./SDK/platform/drivers/src/lpspi/lpspi_master_driver.o
                0x00005c50                LPSPI_DRV_SetPcs
 .text.LPSPI_DRV_MasterStartTransfer
                0x00005cf4      0x2b4 ./SDK/platform/drivers/src/lpspi/lpspi_master_driver.o
 .text.LPSPI_DRV_MasterCompleteTransfer
                0x00005fa8       0xa8 ./SDK/platform/drivers/src/lpspi/lpspi_master_driver.o
 .text.LPSPI_DRV_MasterCompleteDMATransfer
                0x00006050       0x70 ./SDK/platform/drivers/src/lpspi/lpspi_master_driver.o
 .text.LPSPI_DRV_MasterCompleteRX
                0x000060c0       0x3c ./SDK/platform/drivers/src/lpspi/lpspi_master_driver.o
 .text.LPSPI_DRV_MasterIRQHandler
                0x000060fc      0x100 ./SDK/platform/drivers/src/lpspi/lpspi_master_driver.o
                0x000060fc                LPSPI_DRV_MasterIRQHandler
 .text.LPSPI_IsMaster
                0x000061fc       0x1c ./SDK/platform/drivers/src/lpspi/lpspi_shared_function.o
 .text.LPSPI_SetIntMode
                0x00006218       0x4c ./SDK/platform/drivers/src/lpspi/lpspi_shared_function.o
 .text.LPSPI_WriteData
                0x00006264       0x1c ./SDK/platform/drivers/src/lpspi/lpspi_shared_function.o
 .text.LPSPI_ReadData
                0x00006280       0x18 ./SDK/platform/drivers/src/lpspi/lpspi_shared_function.o
 .text.LPSPI_ReadTxCount
                0x00006298       0x1c ./SDK/platform/drivers/src/lpspi/lpspi_shared_function.o
 .text.LPSPI_ReadRxCount
                0x000062b4       0x1e ./SDK/platform/drivers/src/lpspi/lpspi_shared_function.o
 .text.LPSPI_ClearContCBit
                0x000062d2       0x20 ./SDK/platform/drivers/src/lpspi/lpspi_shared_function.o
 *fill*         0x000062f2        0x2 
 .text.LPSPI_DRV_IRQHandler
                0x000062f4       0x40 ./SDK/platform/drivers/src/lpspi/lpspi_shared_function.o
                0x000062f4                LPSPI_DRV_IRQHandler
 .text.LPSPI_DRV_FillupTxBuffer
                0x00006334      0x134 ./SDK/platform/drivers/src/lpspi/lpspi_shared_function.o
                0x00006334                LPSPI_DRV_FillupTxBuffer
 .text.LPSPI_DRV_ReadRXBuffer
                0x00006468       0xe0 ./SDK/platform/drivers/src/lpspi/lpspi_shared_function.o
                0x00006468                LPSPI_DRV_ReadRXBuffer
 .text.LPSPI_DRV_DisableTEIEInterrupts
                0x00006548       0x44 ./SDK/platform/drivers/src/lpspi/lpspi_shared_function.o
                0x00006548                LPSPI_DRV_DisableTEIEInterrupts
 .text.DevAssert
                0x0000658c       0x1e ./SDK/platform/drivers/src/lpspi/lpspi_slave_driver.o
 .text.LPSPI_SetRxWatermarks
                0x000065aa       0x34 ./SDK/platform/drivers/src/lpspi/lpspi_slave_driver.o
 .text.LPSPI_SetTxWatermarks
                0x000065de       0x32 ./SDK/platform/drivers/src/lpspi/lpspi_slave_driver.o
 .text.LPSPI_GetStatusFlag
                0x00006610       0x26 ./SDK/platform/drivers/src/lpspi/lpspi_slave_driver.o
 .text.LPSPI_SetIntMode
                0x00006636       0x4c ./SDK/platform/drivers/src/lpspi/lpspi_slave_driver.o
 .text.LPSPI_SetTxDmaCmd
                0x00006682       0x26 ./SDK/platform/drivers/src/lpspi/lpspi_slave_driver.o
 .text.LPSPI_SetRxDmaCmd
                0x000066a8       0x28 ./SDK/platform/drivers/src/lpspi/lpspi_slave_driver.o
 .text.LPSPI_ClearTxmaskBit
                0x000066d0       0x20 ./SDK/platform/drivers/src/lpspi/lpspi_slave_driver.o
 .text.LPSPI_SetTxmskBit
                0x000066f0       0x20 ./SDK/platform/drivers/src/lpspi/lpspi_slave_driver.o
 .text.LPSPI_DRV_SlaveTransfer
                0x00006710      0x2a8 ./SDK/platform/drivers/src/lpspi/lpspi_slave_driver.o
                0x00006710                LPSPI_DRV_SlaveTransfer
 .text.LPSPI_DRV_SlaveIRQHandler
                0x000069b8      0x138 ./SDK/platform/drivers/src/lpspi/lpspi_slave_driver.o
                0x000069b8                LPSPI_DRV_SlaveIRQHandler
 .text.LPSPI_DRV_SlaveAbortTransfer
                0x00006af0       0xc0 ./SDK/platform/drivers/src/lpspi/lpspi_slave_driver.o
                0x00006af0                LPSPI_DRV_SlaveAbortTransfer
 .text.LPSPI_DRV_SlaveGetTransferStatus
                0x00006bb0       0x78 ./SDK/platform/drivers/src/lpspi/lpspi_slave_driver.o
                0x00006bb0                LPSPI_DRV_SlaveGetTransferStatus
 .text.LPSPI_DRV_SlaveCompleteDMATransfer
                0x00006c28       0x78 ./SDK/platform/drivers/src/lpspi/lpspi_slave_driver.o
 .text.DevAssert
                0x00006ca0       0x1e ./SDK/platform/drivers/src/lpuart/lpuart_driver.o
 .text.LPUART_SetTransmitterCmd
                0x00006cbe       0x4e ./SDK/platform/drivers/src/lpuart/lpuart_driver.o
 .text.LPUART_SetReceiverCmd
                0x00006d0c       0x4e ./SDK/platform/drivers/src/lpuart/lpuart_driver.o
 .text.LPUART_SetBaudRateDivisor
                0x00006d5a       0x50 ./SDK/platform/drivers/src/lpuart/lpuart_driver.o
 .text.LPUART_SetOversamplingRatio
                0x00006daa       0x46 ./SDK/platform/drivers/src/lpuart/lpuart_driver.o
 .text.LPUART_EnableBothEdgeSamplingCmd
                0x00006df0       0x20 ./SDK/platform/drivers/src/lpuart/lpuart_driver.o
 .text.LPUART_SetStopBitCount
                0x00006e10       0x2a ./SDK/platform/drivers/src/lpuart/lpuart_driver.o
 .text.LPUART_SetTxDmaCmd
                0x00006e3a       0x32 ./SDK/platform/drivers/src/lpuart/lpuart_driver.o
 .text.LPUART_SetRxDmaCmd
                0x00006e6c       0x32 ./SDK/platform/drivers/src/lpuart/lpuart_driver.o
 .text.LPUART_Putchar
                0x00006e9e       0x24 ./SDK/platform/drivers/src/lpuart/lpuart_driver.o
 .text.LPUART_Getchar
                0x00006ec2       0x2e ./SDK/platform/drivers/src/lpuart/lpuart_driver.o
 .text.LPUART_DRV_ClearErrorFlags
                0x00006ef0       0x2e ./SDK/platform/drivers/src/lpuart/lpuart_driver.o
 *fill*         0x00006f1e        0x2 
 .text.LPUART_DRV_Init
                0x00006f20      0x1ec ./SDK/platform/drivers/src/lpuart/lpuart_driver.o
                0x00006f20                LPUART_DRV_Init
 .text.LPUART_DRV_SendDataBlocking
                0x0000710c       0xe0 ./SDK/platform/drivers/src/lpuart/lpuart_driver.o
                0x0000710c                LPUART_DRV_SendDataBlocking
 .text.LPUART_DRV_ReceiveDataBlocking
                0x000071ec       0xe0 ./SDK/platform/drivers/src/lpuart/lpuart_driver.o
                0x000071ec                LPUART_DRV_ReceiveDataBlocking
 .text.LPUART_DRV_SetBaudRate
                0x000072cc      0x164 ./SDK/platform/drivers/src/lpuart/lpuart_driver.o
                0x000072cc                LPUART_DRV_SetBaudRate
 .text.LPUART_DRV_IRQHandler
                0x00007430       0xb4 ./SDK/platform/drivers/src/lpuart/lpuart_driver.o
                0x00007430                LPUART_DRV_IRQHandler
 .text.LPUART_DRV_RxIrqHandler
                0x000074e4       0x9c ./SDK/platform/drivers/src/lpuart/lpuart_driver.o
 .text.LPUART_DRV_TxEmptyIrqHandler
                0x00007580       0xb0 ./SDK/platform/drivers/src/lpuart/lpuart_driver.o
 .text.LPUART_DRV_TxCompleteIrqHandler
                0x00007630       0x54 ./SDK/platform/drivers/src/lpuart/lpuart_driver.o
 .text.LPUART_DRV_ErrIrqHandler
                0x00007684      0x178 ./SDK/platform/drivers/src/lpuart/lpuart_driver.o
 .text.LPUART_DRV_StartSendDataUsingInt
                0x000077fc       0xc4 ./SDK/platform/drivers/src/lpuart/lpuart_driver.o
 .text.LPUART_DRV_StartSendDataUsingDma
                0x000078c0       0xe4 ./SDK/platform/drivers/src/lpuart/lpuart_driver.o
 .text.LPUART_DRV_CompleteSendDataUsingInt
                0x000079a4       0x8c ./SDK/platform/drivers/src/lpuart/lpuart_driver.o
 .text.LPUART_DRV_TxDmaCallback
                0x00007a30       0xc4 ./SDK/platform/drivers/src/lpuart/lpuart_driver.o
 .text.LPUART_DRV_StartReceiveDataUsingInt
                0x00007af4       0xcc ./SDK/platform/drivers/src/lpuart/lpuart_driver.o
 .text.LPUART_DRV_StartReceiveDataUsingDma
                0x00007bc0       0xec ./SDK/platform/drivers/src/lpuart/lpuart_driver.o
 .text.LPUART_DRV_CompleteReceiveDataUsingInt
                0x00007cac       0x98 ./SDK/platform/drivers/src/lpuart/lpuart_driver.o
 .text.LPUART_DRV_RxDmaCallback
                0x00007d44       0xe8 ./SDK/platform/drivers/src/lpuart/lpuart_driver.o
 .text.LPUART_DRV_PutData
                0x00007e2c       0xa4 ./SDK/platform/drivers/src/lpuart/lpuart_driver.o
 .text.LPUART_DRV_GetData
                0x00007ed0       0xa0 ./SDK/platform/drivers/src/lpuart/lpuart_driver.o
 .text.LPUART_DRV_StopTxDma
                0x00007f70       0x80 ./SDK/platform/drivers/src/lpuart/lpuart_driver.o
 .text.LPUART_DRV_StopRxDma
                0x00007ff0       0x8c ./SDK/platform/drivers/src/lpuart/lpuart_driver.o
 .text.DevAssert
                0x0000807c       0x1e ./SDK/platform/drivers/src/lpuart/lpuart_hw_access.o
 *fill*         0x0000809a        0x2 
 .text.LPUART_Init
                0x0000809c       0x48 ./SDK/platform/drivers/src/lpuart/lpuart_hw_access.o
                0x0000809c                LPUART_Init
 .text.LPUART_SetBitCountPerChar
                0x000080e4       0x5c ./SDK/platform/drivers/src/lpuart/lpuart_hw_access.o
                0x000080e4                LPUART_SetBitCountPerChar
 .text.LPUART_SetParityMode
                0x00008140       0x42 ./SDK/platform/drivers/src/lpuart/lpuart_hw_access.o
                0x00008140                LPUART_SetParityMode
 .text.LPUART_Putchar9
                0x00008182       0x46 ./SDK/platform/drivers/src/lpuart/lpuart_hw_access.o
                0x00008182                LPUART_Putchar9
 .text.LPUART_Putchar10
                0x000081c8       0x6a ./SDK/platform/drivers/src/lpuart/lpuart_hw_access.o
                0x000081c8                LPUART_Putchar10
 .text.LPUART_Getchar9
                0x00008232       0x4e ./SDK/platform/drivers/src/lpuart/lpuart_hw_access.o
                0x00008232                LPUART_Getchar9
 .text.LPUART_Getchar10
                0x00008280       0x6c ./SDK/platform/drivers/src/lpuart/lpuart_hw_access.o
                0x00008280                LPUART_Getchar10
 .text.LPUART_SetIntMode
                0x000082ec      0x100 ./SDK/platform/drivers/src/lpuart/lpuart_hw_access.o
                0x000082ec                LPUART_SetIntMode
 .text.LPUART_GetIntMode
                0x000083ec       0xc0 ./SDK/platform/drivers/src/lpuart/lpuart_hw_access.o
                0x000083ec                LPUART_GetIntMode
 .text.LPUART_GetStatusFlag
                0x000084ac       0xbc ./SDK/platform/drivers/src/lpuart/lpuart_hw_access.o
                0x000084ac                LPUART_GetStatusFlag
 .text.LPUART_SetErrorInterrupts
                0x00008568       0x4c ./SDK/platform/drivers/src/lpuart/lpuart_hw_access.o
                0x00008568                LPUART_SetErrorInterrupts
 .text.LPUART0_IrqHandler
                0x000085b4        0xe ./SDK/platform/drivers/src/lpuart/lpuart_irq.o
                0x000085b4                LPUART0_IrqHandler
 .text.LPUART1_IrqHandler
                0x000085c2        0xe ./SDK/platform/drivers/src/lpuart/lpuart_irq.o
                0x000085c2                LPUART1_IrqHandler
 .text.LPUART2_IrqHandler
                0x000085d0        0xe ./SDK/platform/drivers/src/lpuart/lpuart_irq.o
                0x000085d0                LPUART2_IrqHandler
 .text.DevAssert
                0x000085de       0x1e ./SDK/platform/drivers/src/pins/pins_driver.o
 .text.PINS_GPIO_WritePin
                0x000085fc       0x44 ./SDK/platform/drivers/src/pins/pins_driver.o
 .text.PINS_GPIO_SetPins
                0x00008640       0x1c ./SDK/platform/drivers/src/pins/pins_driver.o
 .text.PINS_GPIO_ClearPins
                0x0000865c       0x1c ./SDK/platform/drivers/src/pins/pins_driver.o
 .text.PINS_GPIO_ReadPins
                0x00008678       0x20 ./SDK/platform/drivers/src/pins/pins_driver.o
 .text.PINS_ClearPinIntFlagCmd
                0x00008698       0x48 ./SDK/platform/drivers/src/pins/pins_driver.o
 .text.PINS_GetPortIntFlag
                0x000086e0       0x1e ./SDK/platform/drivers/src/pins/pins_driver.o
 .text.PINS_DRV_Init
                0x000086fe       0x3a ./SDK/platform/drivers/src/pins/pins_driver.o
                0x000086fe                PINS_DRV_Init
 .text.PINS_DRV_ClearPinIntFlagCmd
                0x00008738       0x1a ./SDK/platform/drivers/src/pins/pins_driver.o
                0x00008738                PINS_DRV_ClearPinIntFlagCmd
 .text.PINS_DRV_GetPortIntFlag
                0x00008752       0x18 ./SDK/platform/drivers/src/pins/pins_driver.o
                0x00008752                PINS_DRV_GetPortIntFlag
 .text.PINS_DRV_WritePin
                0x0000876a       0x22 ./SDK/platform/drivers/src/pins/pins_driver.o
                0x0000876a                PINS_DRV_WritePin
 .text.PINS_DRV_SetPins
                0x0000878c       0x1a ./SDK/platform/drivers/src/pins/pins_driver.o
                0x0000878c                PINS_DRV_SetPins
 .text.PINS_DRV_ClearPins
                0x000087a6       0x1a ./SDK/platform/drivers/src/pins/pins_driver.o
                0x000087a6                PINS_DRV_ClearPins
 .text.PINS_DRV_ReadPins
                0x000087c0       0x18 ./SDK/platform/drivers/src/pins/pins_driver.o
                0x000087c0                PINS_DRV_ReadPins
 .text.DevAssert
                0x000087d8       0x1e ./SDK/platform/drivers/src/pins/pins_port_hw_access.o
 .text.PINS_GPIO_WritePin
                0x000087f6       0x44 ./SDK/platform/drivers/src/pins/pins_port_hw_access.o
 *fill*         0x0000883a        0x2 
 .text.PINS_GetAdcInterleaveVal
                0x0000883c       0xe4 ./SDK/platform/drivers/src/pins/pins_port_hw_access.o
 .text.PINS_Init
                0x00008920      0x244 ./SDK/platform/drivers/src/pins/pins_port_hw_access.o
                0x00008920                PINS_Init
 .text.DevAssert
                0x00008b64       0x1e ./SDK/rtos/osif/osif_baremetal.o
 *fill*         0x00008b82        0x2 
 .text.osif_Tick
                0x00008b84       0x1c ./SDK/rtos/osif/osif_baremetal.o
 .text.osif_GetCurrentTickCount
                0x00008ba0       0x18 ./SDK/rtos/osif/osif_baremetal.o
 .text.SysTick_Handler
                0x00008bb8        0xc ./SDK/rtos/osif/osif_baremetal.o
                0x00008bb8                SysTick_Handler
 .text.osif_UpdateTickConfig
                0x00008bc4       0x78 ./SDK/rtos/osif/osif_baremetal.o
 .text.osif_DisableIrqGlobal
                0x00008c3c        0xc ./SDK/rtos/osif/osif_baremetal.o
 .text.osif_EnableIrqGlobal
                0x00008c48        0xc ./SDK/rtos/osif/osif_baremetal.o
 .text.OSIF_GetMilliseconds
                0x00008c54        0xe ./SDK/rtos/osif/osif_baremetal.o
                0x00008c54                OSIF_GetMilliseconds
 .text.OSIF_SemaWait
                0x00008c62       0xba ./SDK/rtos/osif/osif_baremetal.o
                0x00008c62                OSIF_SemaWait
 .text.OSIF_SemaPost
                0x00008d1c       0x4e ./SDK/rtos/osif/osif_baremetal.o
                0x00008d1c                OSIF_SemaPost
 .text.OSIF_SemaCreate
                0x00008d6a       0x36 ./SDK/rtos/osif/osif_baremetal.o
                0x00008d6a                OSIF_SemaCreate
 .text.BCC_WakeUpPatternSpi
                0x00008da0       0x36 ./Sources/bcc/bcc.o
 .text.BCC_WakeUpPatternTpl
                0x00008dd6       0x5c ./Sources/bcc/bcc.o
 *fill*         0x00008e32        0x2 
 .text.BCC_InitRegisters
                0x00008e34       0xb4 ./Sources/bcc/bcc.o
 .text.BCC_AssignCid
                0x00008ee8       0xec ./Sources/bcc/bcc.o
 .text.BCC_InitDevices
                0x00008fd4       0x9c ./Sources/bcc/bcc.o
 .text.BCC_Init
                0x00009070      0x1da ./Sources/bcc/bcc.o
                0x00009070                BCC_Init
 .text.BCC_Sleep
                0x0000924a       0x4a ./Sources/bcc/bcc.o
                0x0000924a                BCC_Sleep
 .text.BCC_WakeUp
                0x00009294       0x38 ./Sources/bcc/bcc.o
                0x00009294                BCC_WakeUp
 .text.BCC_SoftwareReset
                0x000092cc       0x78 ./Sources/bcc/bcc.o
                0x000092cc                BCC_SoftwareReset
 .text.BCC_TPL_Enable
                0x00009344       0xc0 ./Sources/bcc/bcc.o
                0x00009344                BCC_TPL_Enable
 .text.BCC_Reg_Read
                0x00009404       0x66 ./Sources/bcc/bcc.o
                0x00009404                BCC_Reg_Read
 .text.BCC_Reg_Write
                0x0000946a       0x66 ./Sources/bcc/bcc.o
                0x0000946a                BCC_Reg_Write
 .text.BCC_Reg_WriteGlobal
                0x000094d0       0x4c ./Sources/bcc/bcc.o
                0x000094d0                BCC_Reg_WriteGlobal
 .text.BCC_Reg_Update
                0x0000951c       0x9a ./Sources/bcc/bcc.o
                0x0000951c                BCC_Reg_Update
 .text.BCC_Meas_StartConversion
                0x000095b6       0xbc ./Sources/bcc/bcc.o
                0x000095b6                BCC_Meas_StartConversion
 .text.BCC_Meas_IsConverting
                0x00009672       0x82 ./Sources/bcc/bcc.o
                0x00009672                BCC_Meas_IsConverting
 .text.BCC_Meas_GetRawValues
                0x000096f4      0x138 ./Sources/bcc/bcc.o
                0x000096f4                BCC_Meas_GetRawValues
 .text.BCC_Fault_GetStatus
                0x0000982c       0xce ./Sources/bcc/bcc.o
                0x0000982c                BCC_Fault_GetStatus
 .text.BCC_CB_Enable
                0x000098fa       0x58 ./Sources/bcc/bcc.o
                0x000098fa                BCC_CB_Enable
 .text.BCC_FuseMirror_Read
                0x00009952       0x9a ./Sources/bcc/bcc.o
                0x00009952                BCC_FuseMirror_Read
 .text.BCC_GUID_Read
                0x000099ec      0x13c ./Sources/bcc/bcc.o
                0x000099ec                BCC_GUID_Read
 .text.BCC_CalcCRC
                0x00009b28       0x5c ./Sources/bcc/bcc_communication.o
 .text.BCC_PackFrame
                0x00009b84       0x90 ./Sources/bcc/bcc_communication.o
                0x00009b84                BCC_PackFrame
 .text.BCC_CheckCRC
                0x00009c14       0x42 ./Sources/bcc/bcc_communication.o
                0x00009c14                BCC_CheckCRC
 .text.BCC_CheckRcTagId
                0x00009c56       0xce ./Sources/bcc/bcc_communication.o
                0x00009c56                BCC_CheckRcTagId
 .text.BCC_Reg_ReadSpi
                0x00009d24      0x1f8 ./Sources/bcc/bcc_spi.o
                0x00009d24                BCC_Reg_ReadSpi
 .text.BCC_Reg_WriteSpi
                0x00009f1c       0xb0 ./Sources/bcc/bcc_spi.o
                0x00009f1c                BCC_Reg_WriteSpi
 .text.BCC_Reg_ReadTpl
                0x00009fcc      0x19a ./Sources/bcc/bcc_tpl.o
                0x00009fcc                BCC_Reg_ReadTpl
 .text.BCC_Reg_WriteTpl
                0x0000a166      0x12c ./Sources/bcc/bcc_tpl.o
                0x0000a166                BCC_Reg_WriteTpl
 .text.BCC_Reg_WriteGlobalTpl
                0x0000a292       0x5e ./Sources/bcc/bcc_tpl.o
                0x0000a292                BCC_Reg_WriteGlobalTpl
 .text.DevAssert
                0x0000a2f0       0x1e ./Sources/bcc_s32k144/bcc_peripheries.o
 .text.BCC_TransferTxTpl
                0x0000a30e       0x5e ./Sources/bcc_s32k144/bcc_peripheries.o
 .text.BCC_MCU_ConfigureLPSPI
                0x0000a36c       0x78 ./Sources/bcc_s32k144/bcc_peripheries.o
                0x0000a36c                BCC_MCU_ConfigureLPSPI
 .text.BCC_MCU_TransferSpi
                0x0000a3e4       0xae ./Sources/bcc_s32k144/bcc_peripheries.o
                0x0000a3e4                BCC_MCU_TransferSpi
 *fill*         0x0000a492        0x2 
 .text.BCC_MCU_TransferTpl
                0x0000a494      0x1c8 ./Sources/bcc_s32k144/bcc_peripheries.o
                0x0000a494                BCC_MCU_TransferTpl
 .text.BCC_MCU_Assert
                0x0000a65c       0x16 ./Sources/bcc_s32k144/bcc_peripheries.o
                0x0000a65c                BCC_MCU_Assert
 .text.BCC_MCU_WriteCsbPin
                0x0000a672       0x2e ./Sources/bcc_s32k144/bcc_peripheries.o
                0x0000a672                BCC_MCU_WriteCsbPin
 .text.BCC_MCU_WriteRstPin
                0x0000a6a0       0x28 ./Sources/bcc_s32k144/bcc_peripheries.o
                0x0000a6a0                BCC_MCU_WriteRstPin
 .text.BCC_MCU_WriteEnPin
                0x0000a6c8       0x1c ./Sources/bcc_s32k144/bcc_peripheries.o
                0x0000a6c8                BCC_MCU_WriteEnPin
 .text.BCC_MCU_ReadIntbPin
                0x0000a6e4       0x18 ./Sources/bcc_s32k144/bcc_peripheries.o
                0x0000a6e4                BCC_MCU_ReadIntbPin
 .text.BCC_MCU_GetSystemClockFreq
                0x0000a6fc       0x1a ./Sources/bcc_s32k144/bcc_wait.o
                0x0000a6fc                BCC_MCU_GetSystemClockFreq
 .text.BCC_MCU_WaitSec
                0x0000a716       0x28 ./Sources/bcc_s32k144/bcc_wait.o
                0x0000a716                BCC_MCU_WaitSec
 *fill*         0x0000a73e        0x2 
 .text.BCC_MCU_WaitMs
                0x0000a740       0x64 ./Sources/bcc_s32k144/bcc_wait.o
                0x0000a740                BCC_MCU_WaitMs
 .text.BCC_MCU_WaitUs
                0x0000a7a4       0xa4 ./Sources/bcc_s32k144/bcc_wait.o
                0x0000a7a4                BCC_MCU_WaitUs
 .text.printInitialSettings
                0x0000a848      0x268 ./Sources/common.o
                0x0000a848                printInitialSettings
 .text.printFaultRegisters
                0x0000aab0      0x260 ./Sources/common.o
                0x0000aab0                printFaultRegisters
 .text.DevAssert
                0x0000ad10       0x1e ./Sources/main.o
 *fill*         0x0000ad2e        0x2 
 .text.PORTB_IRQHandler
                0x0000ad30       0x24 ./Sources/main.o
                0x0000ad30                PORTB_IRQHandler
 .text.init_gpio
                0x0000ad54       0x88 ./Sources/main.o
                0x0000ad54                init_gpio
 .text.initDemo
                0x0000addc       0xec ./Sources/main.o
 .text.led_handling_func
                0x0000aec8      0x4ec ./Sources/main.o
                0x0000aec8                led_handling_func
 .text.PORTC_IRQHandler
                0x0000b3b4        0xc ./Sources/main.o
                0x0000b3b4                PORTC_IRQHandler
 .text.startApp
                0x0000b3c0       0x6c ./Sources/main.o
 .text.main     0x0000b42c      0x118 ./Sources/main.o
                0x0000b42c                main
 .text.getNtcCelsius
                0x0000b544      0x104 ./Sources/monitoring.o
 .text.getMeasurements
                0x0000b648       0x68 ./Sources/monitoring.o
 .text.printMeas
                0x0000b6b0       0x2c ./Sources/monitoring.o
 .text.printANxTemp
                0x0000b6dc       0x98 ./Sources/monitoring.o
 .text.printMeasResults
                0x0000b774      0x654 ./Sources/monitoring.o
 .text.fillNtcTable
                0x0000bdc8      0x16c ./Sources/monitoring.o
                0x0000bdc8                fillNtcTable
 .text.doMeasurements
                0x0000bf34       0x44 ./Sources/monitoring.o
                0x0000bf34                doMeasurements
 .text.DbgConsole_Init
                0x0000bf78       0x6c ./Sources/utils/nxp_console.o
                0x0000bf78                DbgConsole_Init
 .text.DbgConsole_Printf
                0x0000bfe4       0x40 ./Sources/utils/nxp_console.o
                0x0000bfe4                DbgConsole_Printf
 .text.DbgConsole_Putchar
                0x0000c024       0x34 ./Sources/utils/nxp_console.o
                0x0000c024                DbgConsole_Putchar
 .text.DbgConsole_PrintfPaddingCharacter
                0x0000c058       0x3e ./Sources/utils/nxp_console.o
 .text.DbgConsole_ConvertRadixNumToString
                0x0000c096      0x1c8 ./Sources/utils/nxp_console.o
 *fill*         0x0000c25e        0x2 
 .text.DbgConsole_ConvertFloatRadixNumToString
                0x0000c260      0x2b8 ./Sources/utils/nxp_console.o
 .text.DbgConsole_PrintfFormattedData
                0x0000c518      0x86c ./Sources/utils/nxp_console.o
 .text.DevAssert
                0x0000cd84       0x1e ./Sources/utils/nxp_console_adapter.o
 *fill*         0x0000cda2        0x2 
 .text.LPUART_GetInstance
                0x0000cda4       0x64 ./Sources/utils/nxp_console_adapter.o
                0x0000cda4                LPUART_GetInstance
 .text.LPUART_WriteBlocking
                0x0000ce08       0x26 ./Sources/utils/nxp_console_adapter.o
                0x0000ce08                LPUART_WriteBlocking
 .text.LPUART_ReadBlocking
                0x0000ce2e       0x38 ./Sources/utils/nxp_console_adapter.o
                0x0000ce2e                LPUART_ReadBlocking
 *fill*         0x0000ce66        0x2 
 .text.modf     0x0000ce68       0x94 C:/Users/Tsalla_Aero/S32DS/build_tools/gcc_b1620/gcc-6.3-arm32-eabi/arm-none-eabi/newlib/lib/thumb/v7e-m/fpv4-sp/hard\libm.a(lib_a-s_modf.o)
                0x0000ce68                modf
 .text.round    0x0000cefc       0x94 C:/Users/Tsalla_Aero/S32DS/build_tools/gcc_b1620/gcc-6.3-arm32-eabi/arm-none-eabi/newlib/lib/thumb/v7e-m/fpv4-sp/hard\libm.a(lib_a-s_round.o)
                0x0000cefc                round
 .text.exp      0x0000cf90       0xf8 C:/Users/Tsalla_Aero/S32DS/build_tools/gcc_b1620/gcc-6.3-arm32-eabi/arm-none-eabi/newlib/lib/thumb/v7e-m/fpv4-sp/hard\libm.a(lib_a-w_exp.o)
                0x0000cf90                exp
 .text.pow      0x0000d088      0x2f0 C:/Users/Tsalla_Aero/S32DS/build_tools/gcc_b1620/gcc-6.3-arm32-eabi/arm-none-eabi/newlib/lib/thumb/v7e-m/fpv4-sp/hard\libm.a(lib_a-w_pow.o)
                0x0000d088                pow
 .text.__ieee754_exp
                0x0000d378      0x2e4 C:/Users/Tsalla_Aero/S32DS/build_tools/gcc_b1620/gcc-6.3-arm32-eabi/arm-none-eabi/newlib/lib/thumb/v7e-m/fpv4-sp/hard\libm.a(lib_a-e_exp.o)
                0x0000d378                __ieee754_exp
 *fill*         0x0000d65c        0x4 
 .text.__ieee754_pow
                0x0000d660      0xa24 C:/Users/Tsalla_Aero/S32DS/build_tools/gcc_b1620/gcc-6.3-arm32-eabi/arm-none-eabi/newlib/lib/thumb/v7e-m/fpv4-sp/hard\libm.a(lib_a-e_pow.o)
                0x0000d660                __ieee754_pow
 .text.__ieee754_sqrt
                0x0000e084      0x160 C:/Users/Tsalla_Aero/S32DS/build_tools/gcc_b1620/gcc-6.3-arm32-eabi/arm-none-eabi/newlib/lib/thumb/v7e-m/fpv4-sp/hard\libm.a(lib_a-e_sqrt.o)
                0x0000e084                __ieee754_sqrt
 .text.fabs     0x0000e1e4        0xe C:/Users/Tsalla_Aero/S32DS/build_tools/gcc_b1620/gcc-6.3-arm32-eabi/arm-none-eabi/newlib/lib/thumb/v7e-m/fpv4-sp/hard\libm.a(lib_a-s_fabs.o)
                0x0000e1e4                fabs
 .text.finite   0x0000e1f2       0x10 C:/Users/Tsalla_Aero/S32DS/build_tools/gcc_b1620/gcc-6.3-arm32-eabi/arm-none-eabi/newlib/lib/thumb/v7e-m/fpv4-sp/hard\libm.a(lib_a-s_finite.o)
                0x0000e1f2                finite
 .text.matherr  0x0000e202        0x4 C:/Users/Tsalla_Aero/S32DS/build_tools/gcc_b1620/gcc-6.3-arm32-eabi/arm-none-eabi/newlib/lib/thumb/v7e-m/fpv4-sp/hard\libm.a(lib_a-s_matherr.o)
                0x0000e202                matherr
 *fill*         0x0000e206        0x2 
 .text.nan      0x0000e208       0x10 C:/Users/Tsalla_Aero/S32DS/build_tools/gcc_b1620/gcc-6.3-arm32-eabi/arm-none-eabi/newlib/lib/thumb/v7e-m/fpv4-sp/hard\libm.a(lib_a-s_nan.o)
                0x0000e208                nan
 .text.rint     0x0000e218      0x110 C:/Users/Tsalla_Aero/S32DS/build_tools/gcc_b1620/gcc-6.3-arm32-eabi/arm-none-eabi/newlib/lib/thumb/v7e-m/fpv4-sp/hard\libm.a(lib_a-s_rint.o)
                0x0000e218                rint
 .text.scalbn   0x0000e328      0x10c C:/Users/Tsalla_Aero/S32DS/build_tools/gcc_b1620/gcc-6.3-arm32-eabi/arm-none-eabi/newlib/lib/thumb/v7e-m/fpv4-sp/hard\libm.a(lib_a-s_scalbn.o)
                0x0000e328                scalbn
 .text.__errno  0x0000e434        0xc C:/Users/Tsalla_Aero/S32DS/build_tools/gcc_b1620/gcc-6.3-arm32-eabi/arm-none-eabi/newlib/lib/thumb/v7e-m/fpv4-sp/hard\libc_nano.a(lib_a-errno.o)
                0x0000e434                __errno
 *(.rodata)
 .rodata        0x0000e440       0x13 ./Sources/bcc/bcc.o
 *fill*         0x0000e453        0x1 
 .rodata        0x0000e454      0x5db ./Sources/common.o
 *fill*         0x0000ea2f        0x1 
 .rodata        0x0000ea30      0x12a ./Sources/main.o
 *fill*         0x0000eb5a        0x2 
 .rodata        0x0000eb5c      0x2e3 ./Sources/monitoring.o
 *(.rodata*)
 *fill*         0x0000ee3f        0x1 
 .rodata.lpspiCom0_MasterConfig0
                0x0000ee40       0x28 ./Generated_Code/lpspiCom0.o
                0x0000ee40                lpspiCom0_MasterConfig0
 .rodata.lpuart1_InitConfig0
                0x0000ee68        0xc ./Generated_Code/lpuart1.o
                0x0000ee68                lpuart1_InitConfig0
 .rodata.clockNameMappings
                0x0000ee74       0x9e ./SDK/platform/drivers/src/clock/S32K1xx/clock_S32K1xx.o
                0x0000ee74                clockNameMappings
 *fill*         0x0000ef12        0x2 
 .rodata.peripheralFeaturesList
                0x0000ef14       0x4f ./SDK/platform/drivers/src/clock/S32K1xx/clock_S32K1xx.o
                0x0000ef14                peripheralFeaturesList
 *fill*         0x0000ef63        0x1 
 .rodata.tmpSysClk.7647
                0x0000ef64        0xc ./SDK/platform/drivers/src/clock/S32K1xx/clock_S32K1xx.o
 .rodata.tmpSysClk.7654
                0x0000ef70        0xc ./SDK/platform/drivers/src/clock/S32K1xx/clock_S32K1xx.o
 .rodata.maxSysClksInRUN.7692
                0x0000ef7c       0x54 ./SDK/platform/drivers/src/clock/S32K1xx/clock_S32K1xx.o
 .rodata.maxSysClksInVLPR.7691
                0x0000efd0       0x54 ./SDK/platform/drivers/src/clock/S32K1xx/clock_S32K1xx.o
 .rodata.maxSysClksInHSRUN.7693
                0x0000f024       0x54 ./SDK/platform/drivers/src/clock/S32K1xx/clock_S32K1xx.o
 .rodata.fircFreq.7736
                0x0000f078        0x4 ./SDK/platform/drivers/src/clock/S32K1xx/clock_S32K1xx.o
 .rodata.s_baudratePrescaler
                0x0000f07c       0x20 ./SDK/platform/drivers/src/lpspi/lpspi_hw_access.o
 .rodata.s_lpuartBase
                0x0000f09c        0xc ./SDK/platform/drivers/src/lpuart/lpuart_driver.o
 .rodata.s_lpuartRxTxIrqId
                0x0000f0a8        0x3 ./SDK/platform/drivers/src/lpuart/lpuart_driver.o
 *fill*         0x0000f0ab        0x1 
 .rodata.s_lpuartClkNames
                0x0000f0ac        0x3 ./SDK/platform/drivers/src/lpuart/lpuart_driver.o
 *fill*         0x0000f0af        0x1 
 .rodata.BCC_INIT_CONF_REG_ADDR
                0x0000f0b0       0x44 ./Sources/bcc/bcc.o
 .rodata.BCC_CRC_TABLE
                0x0000f0f4      0x100 ./Sources/bcc/bcc_communication.o
 .rodata.BCC_REGISTERS_DATA_MC33771
                0x0000f1f4      0x1e0 ./Sources/common.o
                0x0000f1f4                BCC_REGISTERS_DATA_MC33771
 .rodata.BCC_REGISTERS_DATA_MC33772
                0x0000f3d4      0x160 ./Sources/common.o
                0x0000f3d4                BCC_REGISTERS_DATA_MC33772
 .rodata.BCC_INIT_CONF
                0x0000f534       0x88 ./Sources/main.o
 .rodata.g_lpuartBases
                0x0000f5bc        0xc ./Sources/utils/nxp_console_adapter.o
 .rodata.exp.str1.1
                0x0000f5c8        0x4 C:/Users/Tsalla_Aero/S32DS/build_tools/gcc_b1620/gcc-6.3-arm32-eabi/arm-none-eabi/newlib/lib/thumb/v7e-m/fpv4-sp/hard\libm.a(lib_a-w_exp.o)
 .rodata.pow.str1.1
                0x0000f5cc        0x4 C:/Users/Tsalla_Aero/S32DS/build_tools/gcc_b1620/gcc-6.3-arm32-eabi/arm-none-eabi/newlib/lib/thumb/v7e-m/fpv4-sp/hard\libm.a(lib_a-w_pow.o)
 .rodata.halF   0x0000f5d0       0x10 C:/Users/Tsalla_Aero/S32DS/build_tools/gcc_b1620/gcc-6.3-arm32-eabi/arm-none-eabi/newlib/lib/thumb/v7e-m/fpv4-sp/hard\libm.a(lib_a-e_exp.o)
 .rodata.ln2HI  0x0000f5e0       0x10 C:/Users/Tsalla_Aero/S32DS/build_tools/gcc_b1620/gcc-6.3-arm32-eabi/arm-none-eabi/newlib/lib/thumb/v7e-m/fpv4-sp/hard\libm.a(lib_a-e_exp.o)
 .rodata.ln2LO  0x0000f5f0       0x10 C:/Users/Tsalla_Aero/S32DS/build_tools/gcc_b1620/gcc-6.3-arm32-eabi/arm-none-eabi/newlib/lib/thumb/v7e-m/fpv4-sp/hard\libm.a(lib_a-e_exp.o)
 .rodata.__ieee754_pow.str1.1
                0x0000f600        0x4 C:/Users/Tsalla_Aero/S32DS/build_tools/gcc_b1620/gcc-6.3-arm32-eabi/arm-none-eabi/newlib/lib/thumb/v7e-m/fpv4-sp/hard\libm.a(lib_a-e_pow.o)
                                  0x1 (size before relaxing)
 .rodata.bp     0x0000f600       0x10 C:/Users/Tsalla_Aero/S32DS/build_tools/gcc_b1620/gcc-6.3-arm32-eabi/arm-none-eabi/newlib/lib/thumb/v7e-m/fpv4-sp/hard\libm.a(lib_a-e_pow.o)
 .rodata.dp_h   0x0000f610       0x10 C:/Users/Tsalla_Aero/S32DS/build_tools/gcc_b1620/gcc-6.3-arm32-eabi/arm-none-eabi/newlib/lib/thumb/v7e-m/fpv4-sp/hard\libm.a(lib_a-e_pow.o)
 .rodata.dp_l   0x0000f620       0x10 C:/Users/Tsalla_Aero/S32DS/build_tools/gcc_b1620/gcc-6.3-arm32-eabi/arm-none-eabi/newlib/lib/thumb/v7e-m/fpv4-sp/hard\libm.a(lib_a-e_pow.o)
 .rodata.TWO52  0x0000f630       0x10 C:/Users/Tsalla_Aero/S32DS/build_tools/gcc_b1620/gcc-6.3-arm32-eabi/arm-none-eabi/newlib/lib/thumb/v7e-m/fpv4-sp/hard\libm.a(lib_a-s_rint.o)
 *(.init)
 .init          0x0000f640        0x4 c:/users/tsalla_aero/s32ds/build_tools/gcc_b1620/gcc-6.3-arm32-eabi/bin/../lib/gcc/arm-none-eabi/6.3.1/thumb/v7e-m/fpv4-sp/hard/crti.o
                0x0000f640                _init
 *(.fini)
 .fini          0x0000f644        0x4 c:/users/tsalla_aero/s32ds/build_tools/gcc_b1620/gcc-6.3-arm32-eabi/bin/../lib/gcc/arm-none-eabi/6.3.1/thumb/v7e-m/fpv4-sp/hard/crti.o
                0x0000f644                _fini
 *(.eh_frame)
                0x0000f648                . = ALIGN (0x4)

.glue_7         0x0000f648        0x0
 .glue_7        0x0000f648        0x0 linker stubs

.glue_7t        0x0000f648        0x0
 .glue_7t       0x0000f648        0x0 linker stubs

.vfp11_veneer   0x0000f648        0x0
 .vfp11_veneer  0x0000f648        0x0 linker stubs

.v4_bx          0x0000f648        0x0
 .v4_bx         0x0000f648        0x0 linker stubs

.iplt           0x0000f648        0x0
 .iplt          0x0000f648        0x0 ./Generated_Code/clockMan1.o

.ARM            0x0000f648        0x8
                0x0000f648                __exidx_start = .
 *(.ARM.exidx*)
 .ARM.exidx     0x0000f648        0x8 c:/users/tsalla_aero/s32ds/build_tools/gcc_b1620/gcc-6.3-arm32-eabi/bin/../lib/gcc/arm-none-eabi/6.3.1/thumb/v7e-m/fpv4-sp/hard\libgcc.a(_udivmoddi4.o)
                0x0000f650                __exidx_end = .
                0x0000f650                __etext = .
                0x0000f650                __DATA_ROM = .

.rel.dyn        0x0000f650        0x0
 .rel.iplt      0x0000f650        0x0 ./Generated_Code/clockMan1.o

.interrupts_ram
                0x1fff8000      0x400
                0x1fff8000                . = ALIGN (0x4)
                0x1fff8000                __VECTOR_RAM__ = .
                0x1fff8000                __RAM_START = .
                0x1fff8000                __interrupts_ram_start__ = .
 *(.m_interrupts_ram)
                0x1fff8400                . = (. + M_VECTOR_RAM_SIZE)
 *fill*         0x1fff8000      0x400 
                0x1fff8400                . = ALIGN (0x4)
                0x1fff8400                __interrupts_ram_end__ = .
                0x1fff8000                __VECTOR_RAM = DEFINED (__flash_vector_table__)?ORIGIN (m_interrupts):__VECTOR_RAM__
                0x00000400                __RAM_VECTOR_TABLE_SIZE = DEFINED (__flash_vector_table__)?0x0:(__interrupts_ram_end__ - __interrupts_ram_start__)

.data           0x1fff8400      0x5f0 load address 0x0000f650
                0x1fff8400                . = ALIGN (0x4)
                0x1fff8400                __DATA_RAM = .
                0x1fff8400                __data_start__ = .
 *(.data)
 *(.data*)
 .data.peripheralClockConfig0
                0x1fff8400       0x90 ./Generated_Code/clockMan1.o
                0x1fff8400                peripheralClockConfig0
 .data.clockMan1_InitConfig0
                0x1fff8490       0xec ./Generated_Code/clockMan1.o
                0x1fff8490                clockMan1_InitConfig0
 .data.g_clockManConfigsArr
                0x1fff857c        0x4 ./Generated_Code/clockMan1.o
                0x1fff857c                g_clockManConfigsArr
 .data.peripheralClockConfig.7455
                0x1fff8580      0x180 ./SDK/platform/drivers/src/clock/S32K1xx/clock_S32K1xx.o
 .data.g_lpspiBase
                0x1fff8700        0xc ./SDK/platform/drivers/src/lpspi/lpspi_shared_function.o
                0x1fff8700                g_lpspiBase
 .data.g_lpspiIrqId
                0x1fff870c        0x3 ./SDK/platform/drivers/src/lpspi/lpspi_shared_function.o
                0x1fff870c                g_lpspiIrqId
 *fill*         0x1fff870f        0x1 
 .data.g_lpuartIsr
                0x1fff8710        0xc ./SDK/platform/drivers/src/lpuart/lpuart_irq.o
                0x1fff8710                g_lpuartIsr
 .data.printPattern.8121
                0x1fff871c        0x4 ./Sources/common.o
 .data.g_pin_mux_specific
                0x1fff8720      0x18c ./Sources/main.o
                0x1fff8720                g_pin_mux_specific
 .data.g_pin_mux_led
                0x1fff88ac       0xb0 ./Sources/main.o
                0x1fff88ac                g_pin_mux_led
 .data.g_pin_mux_button
                0x1fff895c       0x2c ./Sources/main.o
                0x1fff895c                g_pin_mux_button
 .data.__fdlib_version
                0x1fff8988        0x1 C:/Users/Tsalla_Aero/S32DS/build_tools/gcc_b1620/gcc-6.3-arm32-eabi/arm-none-eabi/newlib/lib/thumb/v7e-m/fpv4-sp/hard\libm.a(lib_a-s_lib_ver.o)
                0x1fff8988                __fdlib_version
 *fill*         0x1fff8989        0x3 
 .data._impure_ptr
                0x1fff898c        0x4 C:/Users/Tsalla_Aero/S32DS/build_tools/gcc_b1620/gcc-6.3-arm32-eabi/arm-none-eabi/newlib/lib/thumb/v7e-m/fpv4-sp/hard\libc_nano.a(lib_a-impure.o)
                0x1fff898c                _impure_ptr
 .data.impure_data
                0x1fff8990       0x60 C:/Users/Tsalla_Aero/S32DS/build_tools/gcc_b1620/gcc-6.3-arm32-eabi/arm-none-eabi/newlib/lib/thumb/v7e-m/fpv4-sp/hard\libc_nano.a(lib_a-impure.o)
                0x1fff89f0                . = ALIGN (0x4)
                0x1fff89f0                __data_end__ = .
                0x0000fc40                __DATA_END = (__DATA_ROM + (__data_end__ - __data_start__))
                0x0000fc40                __CODE_ROM = __DATA_END

.igot.plt       0x1fff89f0        0x0 load address 0x0000fc40
 .igot.plt      0x1fff89f0        0x0 ./Generated_Code/clockMan1.o

.code           0x1fff89f0        0x0 load address 0x0000fc40
                0x1fff89f0                . = ALIGN (0x4)
                0x1fff89f0                __CODE_RAM = .
                0x1fff89f0                __code_start__ = .
                0x1fff89f0                __code_ram_start__ = .
 *(.code_ram)
                0x1fff89f0                . = ALIGN (0x4)
                0x1fff89f0                __code_end__ = .
                0x1fff89f0                __code_ram_end__ = .
                0x0000fc40                __CODE_END = (__CODE_ROM + (__code_end__ - __code_start__))
                0x0000fc40                __CUSTOM_ROM = __CODE_END

.customSectionBlock
                0x20000000        0x0 load address 0x0000fc40
                0x20000000                __customSection_start__ = .
 *(.customSection)
                0x20000000                __customSection_end__ = .
                0x0000fc40                __CUSTOM_END = (__CUSTOM_ROM + (__customSection_end__ - __customSection_start__))

.bss            0x20000000      0x598
                0x20000000                . = ALIGN (0x4)
                0x20000000                __BSS_START = .
                0x20000000                __bss_start__ = .
 *(.bss)
 *(.bss*)
 .bss.g_clockManCallbacksArr
                0x20000000        0x4 ./Generated_Code/clockMan1.o
                0x20000000                g_clockManCallbacksArr
 .bss.lpuart1_State
                0x20000004       0x40 ./Generated_Code/lpuart1.o
                0x20000004                lpuart1_State
 .bss.g_clockState
                0x20000044       0x10 ./SDK/platform/drivers/src/clock/S32K1xx/clock_S32K1xx.o
 .bss.g_TClkFreq
                0x20000054        0xc ./SDK/platform/drivers/src/clock/S32K1xx/clock_S32K1xx.o
                0x20000054                g_TClkFreq
 .bss.g_RtcClkInFreq
                0x20000060        0x4 ./SDK/platform/drivers/src/clock/S32K1xx/clock_S32K1xx.o
                0x20000060                g_RtcClkInFreq
 .bss.g_xtal0ClkFreq
                0x20000064        0x4 ./SDK/platform/drivers/src/clock/S32K1xx/clock_S32K1xx.o
                0x20000064                g_xtal0ClkFreq
 .bss.s_virtEdmaState
                0x20000068        0x4 ./SDK/platform/drivers/src/edma/edma_driver.o
 .bss.g_interruptDisableCount
                0x2000006c        0x4 ./SDK/platform/drivers/src/interrupt/interrupt_manager.o
 .bss.g_lpspiStatePtr
                0x20000070        0xc ./SDK/platform/drivers/src/lpspi/lpspi_shared_function.o
                0x20000070                g_lpspiStatePtr
 .bss.s_lpuartStatePtr
                0x2000007c        0xc ./SDK/platform/drivers/src/lpuart/lpuart_driver.o
 .bss.s_osif_tick_cnt
                0x20000088        0x4 ./SDK/rtos/osif/osif_baremetal.o
 .bss.g_lpspiState
                0x2000008c       0xb4 ./Sources/bcc_s32k144/bcc_peripheries.o
                0x2000008c                g_lpspiState
 .bss.g_sysClk  0x20000140        0x4 ./Sources/bcc_s32k144/bcc_wait.o
                0x20000140                g_sysClk
 .bss.exit_code
                0x20000144        0x4 ./Sources/main.o
                0x20000144                exit_code
 .bss.buttonPressStartTime
                0x20000148        0x4 ./Sources/main.o
 .bss.buttonPressed
                0x2000014c        0x4 ./Sources/main.o
 .bss.max_delay
                0x20000150        0x4 ./Sources/main.o
 .bss.g_bccData
                0x20000154      0x2ec ./Sources/main.o
                0x20000154                g_bccData
 .bss.ledState.8187
                0x20000440        0x4 ./Sources/main.o
 .bss.g_ntcTable
                0x20000444      0x142 ./Sources/monitoring.o
 *fill*         0x20000586        0x2 
 .bss.s_debugConsole
                0x20000588       0x10 ./Sources/utils/nxp_console.o
 *(COMMON)
                0x20000598                . = ALIGN (0x4)
                0x20000598                __bss_end__ = .
                0x20000598                __BSS_END = .

.heap           0x20000598      0x400
                0x20000598                . = ALIGN (0x8)
                0x20000598                __end__ = .
                0x20000598                __heap_start__ = .
                0x20000598                PROVIDE (end = .)
                [!provide]                PROVIDE (_end = .)
                [!provide]                PROVIDE (__end = .)
                0x20000598                __HeapBase = .
                0x20000998                . = (. + HEAP_SIZE)
 *fill*         0x20000598      0x400 
                0x20000998                __HeapLimit = .
                0x20000998                __heap_limit = .
                0x20000998                __heap_end__ = .
                0x20007000                __StackTop = (ORIGIN (m_data_2) + LENGTH (m_data_2))
                0x20006c00                __StackLimit = (__StackTop - STACK_SIZE)
                0x20007000                PROVIDE (__stack = __StackTop)
                0x20007000                __RAM_END = __StackTop

.stack          0x20006c00      0x400
                0x20006c00                . = ALIGN (0x8)
                0x20006c00                __stack_start__ = .
                0x20007000                . = (. + STACK_SIZE)
 *fill*         0x20006c00      0x400 
                0x20007000                __stack_end__ = .

.ARM.attributes
                0x00000000       0x30
 *(.ARM.attributes)
 .ARM.attributes
                0x00000000       0x22 c:/users/tsalla_aero/s32ds/build_tools/gcc_b1620/gcc-6.3-arm32-eabi/bin/../lib/gcc/arm-none-eabi/6.3.1/thumb/v7e-m/fpv4-sp/hard/crti.o
 .ARM.attributes
                0x00000022       0x39 ./Generated_Code/clockMan1.o
 .ARM.attributes
                0x0000005b       0x39 ./Generated_Code/lpspiCom0.o
 .ARM.attributes
                0x00000094       0x39 ./Generated_Code/lpuart1.o
 .ARM.attributes
                0x000000cd       0x1f ./Project_Settings/Startup_Code/startup_S32K144.o
 .ARM.attributes
                0x000000ec       0x39 ./SDK/platform/devices/S32K144/startup/system_S32K144.o
 .ARM.attributes
                0x00000125       0x39 ./SDK/platform/devices/startup.o
 .ARM.attributes
                0x0000015e       0x39 ./SDK/platform/drivers/src/clock/S32K1xx/clock_S32K1xx.o
 .ARM.attributes
                0x00000197       0x39 ./SDK/platform/drivers/src/edma/edma_driver.o
 .ARM.attributes
                0x000001d0       0x39 ./SDK/platform/drivers/src/edma/edma_hw_access.o
 .ARM.attributes
                0x00000209       0x39 ./SDK/platform/drivers/src/edma/edma_irq.o
 .ARM.attributes
                0x00000242       0x39 ./SDK/platform/drivers/src/interrupt/interrupt_manager.o
 .ARM.attributes
                0x0000027b       0x39 ./SDK/platform/drivers/src/lpspi/lpspi_hw_access.o
 .ARM.attributes
                0x000002b4       0x39 ./SDK/platform/drivers/src/lpspi/lpspi_irq.o
 .ARM.attributes
                0x000002ed       0x39 ./SDK/platform/drivers/src/lpspi/lpspi_master_driver.o
 .ARM.attributes
                0x00000326       0x39 ./SDK/platform/drivers/src/lpspi/lpspi_shared_function.o
 .ARM.attributes
                0x0000035f       0x39 ./SDK/platform/drivers/src/lpspi/lpspi_slave_driver.o
 .ARM.attributes
                0x00000398       0x39 ./SDK/platform/drivers/src/lpuart/lpuart_driver.o
 .ARM.attributes
                0x000003d1       0x39 ./SDK/platform/drivers/src/lpuart/lpuart_hw_access.o
 .ARM.attributes
                0x0000040a       0x39 ./SDK/platform/drivers/src/lpuart/lpuart_irq.o
 .ARM.attributes
                0x00000443       0x39 ./SDK/platform/drivers/src/pins/pins_driver.o
 .ARM.attributes
                0x0000047c       0x39 ./SDK/platform/drivers/src/pins/pins_port_hw_access.o
 .ARM.attributes
                0x000004b5       0x39 ./SDK/rtos/osif/osif_baremetal.o
 .ARM.attributes
                0x000004ee       0x39 ./Sources/bcc/bcc.o
 .ARM.attributes
                0x00000527       0x39 ./Sources/bcc/bcc_communication.o
 .ARM.attributes
                0x00000560       0x39 ./Sources/bcc/bcc_spi.o
 .ARM.attributes
                0x00000599       0x39 ./Sources/bcc/bcc_tpl.o
 .ARM.attributes
                0x000005d2       0x39 ./Sources/bcc_s32k144/bcc_peripheries.o
 .ARM.attributes
                0x0000060b       0x39 ./Sources/bcc_s32k144/bcc_wait.o
 .ARM.attributes