Archive member included to satisfy reference by file (symbol)

G:/STMcubeide/STM32CubeIDE_1.16.0/STM32CubeIDE/plugins/com.st.stm32cube.ide.mcu.externaltools.gnu-tools-for-stm32.12.3.rel1.win32_1.0.200.202406191623/tools/bin/../lib/gcc/arm-none-eabi/12.3.1/../../../../arm-none-eabi/lib/thumb/v6-m/nofp\libc_nano.a(libc_a-exit.o)
                              G:/STMcubeide/STM32CubeIDE_1.16.0/STM32CubeIDE/plugins/com.st.stm32cube.ide.mcu.externaltools.gnu-tools-for-stm32.12.3.rel1.win32_1.0.200.202406191623/tools/bin/../lib/gcc/arm-none-eabi/12.3.1/../../../../arm-none-eabi/lib/thumb/v6-m/nofp/crt0.o (exit)
G:/STMcubeide/STM32CubeIDE_1.16.0/STM32CubeIDE/plugins/com.st.stm32cube.ide.mcu.externaltools.gnu-tools-for-stm32.12.3.rel1.win32_1.0.200.202406191623/tools/bin/../lib/gcc/arm-none-eabi/12.3.1/../../../../arm-none-eabi/lib/thumb/v6-m/nofp\libc_nano.a(libc_a-findfp.o)
                              G:/STMcubeide/STM32CubeIDE_1.16.0/STM32CubeIDE/plugins/com.st.stm32cube.ide.mcu.externaltools.gnu-tools-for-stm32.12.3.rel1.win32_1.0.200.202406191623/tools/bin/../lib/gcc/arm-none-eabi/12.3.1/../../../../arm-none-eabi/lib/thumb/v6-m/nofp\libc_nano.a(libc_a-exit.o) (__stdio_exit_handler)
G:/STMcubeide/STM32CubeIDE_1.16.0/STM32CubeIDE/plugins/com.st.stm32cube.ide.mcu.externaltools.gnu-tools-for-stm32.12.3.rel1.win32_1.0.200.202406191623/tools/bin/../lib/gcc/arm-none-eabi/12.3.1/../../../../arm-none-eabi/lib/thumb/v6-m/nofp\libc_nano.a(libc_a-fwalk.o)
                              G:/STMcubeide/STM32CubeIDE_1.16.0/STM32CubeIDE/plugins/com.st.stm32cube.ide.mcu.externaltools.gnu-tools-for-stm32.12.3.rel1.win32_1.0.200.202406191623/tools/bin/../lib/gcc/arm-none-eabi/12.3.1/../../../../arm-none-eabi/lib/thumb/v6-m/nofp\libc_nano.a(libc_a-findfp.o) (_fwalk_sglue)
G:/STMcubeide/STM32CubeIDE_1.16.0/STM32CubeIDE/plugins/com.st.stm32cube.ide.mcu.externaltools.gnu-tools-for-stm32.12.3.rel1.win32_1.0.200.202406191623/tools/bin/../lib/gcc/arm-none-eabi/12.3.1/../../../../arm-none-eabi/lib/thumb/v6-m/nofp\libc_nano.a(libc_a-stdio.o)
                              G:/STMcubeide/STM32CubeIDE_1.16.0/STM32CubeIDE/plugins/com.st.stm32cube.ide.mcu.externaltools.gnu-tools-for-stm32.12.3.rel1.win32_1.0.200.202406191623/tools/bin/../lib/gcc/arm-none-eabi/12.3.1/../../../../arm-none-eabi/lib/thumb/v6-m/nofp\libc_nano.a(libc_a-findfp.o) (__sread)
G:/STMcubeide/STM32CubeIDE_1.16.0/STM32CubeIDE/plugins/com.st.stm32cube.ide.mcu.externaltools.gnu-tools-for-stm32.12.3.rel1.win32_1.0.200.202406191623/tools/bin/../lib/gcc/arm-none-eabi/12.3.1/../../../../arm-none-eabi/lib/thumb/v6-m/nofp\libc_nano.a(libc_a-memset.o)
                              G:/STMcubeide/STM32CubeIDE_1.16.0/STM32CubeIDE/plugins/com.st.stm32cube.ide.mcu.externaltools.gnu-tools-for-stm32.12.3.rel1.win32_1.0.200.202406191623/tools/bin/../lib/gcc/arm-none-eabi/12.3.1/../../../../arm-none-eabi/lib/thumb/v6-m/nofp/crt0.o (memset)
G:/STMcubeide/STM32CubeIDE_1.16.0/STM32CubeIDE/plugins/com.st.stm32cube.ide.mcu.externaltools.gnu-tools-for-stm32.12.3.rel1.win32_1.0.200.202406191623/tools/bin/../lib/gcc/arm-none-eabi/12.3.1/../../../../arm-none-eabi/lib/thumb/v6-m/nofp\libc_nano.a(libc_a-closer.o)
                              G:/STMcubeide/STM32CubeIDE_1.16.0/STM32CubeIDE/plugins/com.st.stm32cube.ide.mcu.externaltools.gnu-tools-for-stm32.12.3.rel1.win32_1.0.200.202406191623/tools/bin/../lib/gcc/arm-none-eabi/12.3.1/../../../../arm-none-eabi/lib/thumb/v6-m/nofp\libc_nano.a(libc_a-stdio.o) (_close_r)
G:/STMcubeide/STM32CubeIDE_1.16.0/STM32CubeIDE/plugins/com.st.stm32cube.ide.mcu.externaltools.gnu-tools-for-stm32.12.3.rel1.win32_1.0.200.202406191623/tools/bin/../lib/gcc/arm-none-eabi/12.3.1/../../../../arm-none-eabi/lib/thumb/v6-m/nofp\libc_nano.a(libc_a-reent.o)
                              G:/STMcubeide/STM32CubeIDE_1.16.0/STM32CubeIDE/plugins/com.st.stm32cube.ide.mcu.externaltools.gnu-tools-for-stm32.12.3.rel1.win32_1.0.200.202406191623/tools/bin/../lib/gcc/arm-none-eabi/12.3.1/../../../../arm-none-eabi/lib/thumb/v6-m/nofp\libc_nano.a(libc_a-closer.o) (errno)
G:/STMcubeide/STM32CubeIDE_1.16.0/STM32CubeIDE/plugins/com.st.stm32cube.ide.mcu.externaltools.gnu-tools-for-stm32.12.3.rel1.win32_1.0.200.202406191623/tools/bin/../lib/gcc/arm-none-eabi/12.3.1/../../../../arm-none-eabi/lib/thumb/v6-m/nofp\libc_nano.a(libc_a-impure.o)
                              G:/STMcubeide/STM32CubeIDE_1.16.0/STM32CubeIDE/plugins/com.st.stm32cube.ide.mcu.externaltools.gnu-tools-for-stm32.12.3.rel1.win32_1.0.200.202406191623/tools/bin/../lib/gcc/arm-none-eabi/12.3.1/../../../../arm-none-eabi/lib/thumb/v6-m/nofp\libc_nano.a(libc_a-reent.o) (_impure_ptr)
G:/STMcubeide/STM32CubeIDE_1.16.0/STM32CubeIDE/plugins/com.st.stm32cube.ide.mcu.externaltools.gnu-tools-for-stm32.12.3.rel1.win32_1.0.200.202406191623/tools/bin/../lib/gcc/arm-none-eabi/12.3.1/../../../../arm-none-eabi/lib/thumb/v6-m/nofp\libc_nano.a(libc_a-lseekr.o)
[...]
Memory Configuration

Name             Origin             Length             Attributes
RAM              0x20000000         0x00004000         xrw
FLASH            0x08000000         0x00020000         xr
*default*        0x00000000         0xffffffff

Linker script and memory map

LOAD G:/STMcubeide/STM32CubeIDE_1.16.0/STM32CubeIDE/plugins/com.st.stm32cube.ide.mcu.externaltools.gnu-tools-for-stm32.12.3.rel1.win32_1.0.200.202406191623/tools/bin/../lib/gcc/arm-none-eabi/12.3.1/thumb/v6-m/nofp/crti.o
LOAD G:/STMcubeide/STM32CubeIDE_1.16.0/STM32CubeIDE/plugins/com.st.stm32cube.ide.mcu.externaltools.gnu-tools-for-stm32.12.3.rel1.win32_1.0.200.202406191623/tools/bin/../lib/gcc/arm-none-eabi/12.3.1/thumb/v6-m/nofp/crtbegin.o
LOAD G:/STMcubeide/STM32CubeIDE_1.16.0/STM32CubeIDE/plugins/com.st.stm32cube.ide.mcu.externaltools.gnu-tools-for-stm32.12.3.rel1.win32_1.0.200.202406191623/tools/bin/../lib/gcc/arm-none-eabi/12.3.1/../../../../arm-none-eabi/lib/thumb/v6-m/nofp/crt0.o
LOAD ./Core/Src/VL53L1X_api.o
LOAD ./Core/Src/main.o
LOAD ./Core/Src/stm32f0xx_hal_msp.o
LOAD ./Core/Src/stm32f0xx_it.o
LOAD ./Core/Src/syscalls.o
LOAD ./Core/Src/sysmem.o
LOAD ./Core/Src/system_stm32f0xx.o
LOAD ./Core/Src/vl53l1_platform.o
LOAD ./Core/Src/z_vl53l1_test.o
LOAD ./Core/Startup/startup_stm32f070rbtx.o
LOAD ./Drivers/STM32F0xx_HAL_Driver/Src/stm32f0xx_hal.o
LOAD ./Drivers/STM32F0xx_HAL_Driver/Src/stm32f0xx_hal_cortex.o
LOAD ./Drivers/STM32F0xx_HAL_Driver/Src/stm32f0xx_hal_dma.o
LOAD ./Drivers/STM32F0xx_HAL_Driver/Src/stm32f0xx_hal_exti.o
LOAD ./Drivers/STM32F0xx_HAL_Driver/Src/stm32f0xx_hal_flash.o
LOAD ./Drivers/STM32F0xx_HAL_Driver/Src/stm32f0xx_hal_flash_ex.o
LOAD ./Drivers/STM32F0xx_HAL_Driver/Src/stm32f0xx_hal_gpio.o
LOAD ./Drivers/STM32F0xx_HAL_Driver/Src/stm32f0xx_hal_i2c.o
LOAD ./Drivers/STM32F0xx_HAL_Driver/Src/stm32f0xx_hal_i2c_ex.o
LOAD ./Drivers/STM32F0xx_HAL_Driver/Src/stm32f0xx_hal_pwr.o
LOAD ./Drivers/STM32F0xx_HAL_Driver/Src/stm32f0xx_hal_pwr_ex.o
LOAD ./Drivers/STM32F0xx_HAL_Driver/Src/stm32f0xx_hal_rcc.o
LOAD ./Drivers/STM32F0xx_HAL_Driver/Src/stm32f0xx_hal_rcc_ex.o
LOAD ./Drivers/STM32F0xx_HAL_Driver/Src/stm32f0xx_hal_tim.o
LOAD ./Drivers/STM32F0xx_HAL_Driver/Src/stm32f0xx_hal_tim_ex.o
LOAD ./Drivers/STM32F0xx_HAL_Driver/Src/stm32f0xx_hal_uart.o
LOAD ./Drivers/STM32F0xx_HAL_Driver/Src/stm32f0xx_hal_uart_ex.o
START GROUP
LOAD G:/STMcubeide/STM32CubeIDE_1.16.0/STM32CubeIDE/plugins/com.st.stm32cube.ide.mcu.externaltools.gnu-tools-for-stm32.12.3.rel1.win32_1.0.200.202406191623/tools/bin/../lib/gcc/arm-none-eabi/12.3.1/../../../../arm-none-eabi/lib/thumb/v6-m/nofp\libc_nano.a
LOAD G:/STMcubeide/STM32CubeIDE_1.16.0/STM32CubeIDE/plugins/com.st.stm32cube.ide.mcu.externaltools.gnu-tools-for-stm32.12.3.rel1.win32_1.0.200.202406191623/tools/bin/../lib/gcc/arm-none-eabi/12.3.1/../../../../arm-none-eabi/lib/thumb/v6-m/nofp\libm.a
END GROUP
START GROUP
LOAD G:/STMcubeide/STM32CubeIDE_1.16.0/STM32CubeIDE/plugins/com.st.stm32cube.ide.mcu.externaltools.gnu-tools-for-stm32.12.3.rel1.win32_1.0.200.202406191623/tools/bin/../lib/gcc/arm-none-eabi/12.3.1/thumb/v6-m/nofp\libgcc.a
LOAD G:/STMcubeide/STM32CubeIDE_1.16.0/STM32CubeIDE/plugins/com.st.stm32cube.ide.mcu.externaltools.gnu-tools-for-stm32.12.3.rel1.win32_1.0.200.202406191623/tools/bin/../lib/gcc/arm-none-eabi/12.3.1/../../../../arm-none-eabi/lib/thumb/v6-m/nofp\libc_nano.a
END GROUP
START GROUP
LOAD G:/STMcubeide/STM32CubeIDE_1.16.0/STM32CubeIDE/plugins/com.st.stm32cube.ide.mcu.externaltools.gnu-tools-for-stm32.12.3.rel1.win32_1.0.200.202406191623/tools/bin/../lib/gcc/arm-none-eabi/12.3.1/thumb/v6-m/nofp\libgcc.a
LOAD G:/STMcubeide/STM32CubeIDE_1.16.0/STM32CubeIDE/plugins/com.st.stm32cube.ide.mcu.externaltools.gnu-tools-for-stm32.12.3.rel1.win32_1.0.200.202406191623/tools/bin/../lib/gcc/arm-none-eabi/12.3.1/../../../../arm-none-eabi/lib/thumb/v6-m/nofp\libc_nano.a
LOAD G:/STMcubeide/STM32CubeIDE_1.16.0/STM32CubeIDE/plugins/com.st.stm32cube.ide.mcu.externaltools.gnu-tools-for-stm32.12.3.rel1.win32_1.0.200.202406191623/tools/bin/../lib/gcc/arm-none-eabi/12.3.1/../../../../arm-none-eabi/lib/thumb/v6-m/nofp\libnosys.a
END GROUP
START GROUP
LOAD G:/STMcubeide/STM32CubeIDE_1.16.0/STM32CubeIDE/plugins/com.st.stm32cube.ide.mcu.externaltools.gnu-tools-for-stm32.12.3.rel1.win32_1.0.200.202406191623/tools/bin/../lib/gcc/arm-none-eabi/12.3.1/thumb/v6-m/nofp\libgcc.a
LOAD G:/STMcubeide/STM32CubeIDE_1.16.0/STM32CubeIDE/plugins/com.st.stm32cube.ide.mcu.externaltools.gnu-tools-for-stm32.12.3.rel1.win32_1.0.200.202406191623/tools/bin/../lib/gcc/arm-none-eabi/12.3.1/../../../../arm-none-eabi/lib/thumb/v6-m/nofp\libc_nano.a
LOAD G:/STMcubeide/STM32CubeIDE_1.16.0/STM32CubeIDE/plugins/com.st.stm32cube.ide.mcu.externaltools.gnu-tools-for-stm32.12.3.rel1.win32_1.0.200.202406191623/tools/bin/../lib/gcc/arm-none-eabi/12.3.1/../../../../arm-none-eabi/lib/thumb/v6-m/nofp\libnosys.a
END GROUP
LOAD G:/STMcubeide/STM32CubeIDE_1.16.0/STM32CubeIDE/plugins/com.st.stm32cube.ide.mcu.externaltools.gnu-tools-for-stm32.12.3.rel1.win32_1.0.200.202406191623/tools/bin/../lib/gcc/arm-none-eabi/12.3.1/thumb/v6-m/nofp/crtend.o
LOAD G:/STMcubeide/STM32CubeIDE_1.16.0/STM32CubeIDE/plugins/com.st.stm32cube.ide.mcu.externaltools.gnu-tools-for-stm32.12.3.rel1.win32_1.0.200.202406191623/tools/bin/../lib/gcc/arm-none-eabi/12.3.1/thumb/v6-m/nofp/crtn.o
                0x20004000                        _estack = (ORIGIN (RAM) + LENGTH (RAM))
                0x00000200                        _Min_Heap_Size = 0x200
                0x00000400                        _Min_Stack_Size = 0x400

.isr_vector     0x08000000       0xc0
                0x08000000                        . = ALIGN (0x4)
 *(.isr_vector)
 .isr_vector    0x08000000       0xc0 ./Core/Startup/startup_stm32f070rbtx.o
                0x08000000                g_pfnVectors
                0x080000c0                        . = ALIGN (0x4)

.text           0x080000c0     0x7000
                0x080000c0                        . = ALIGN (0x4)
 *(.text)
 .text          0x080000c0       0x48 G:/STMcubeide/STM32CubeIDE_1.16.0/STM32CubeIDE/plugins/com.st.stm32cube.ide.mcu.externaltools.gnu-tools-for-stm32.12.3.rel1.win32_1.0.200.202406191623/tools/bin/../lib/gcc/arm-none-eabi/12.3.1/thumb/v6-m/nofp/crtbegin.o
 .text          0x08000108      0x114 G:/STMcubeide/STM32CubeIDE_1.16.0/STM32CubeIDE/plugins/com.st.stm32cube.ide.mcu.externaltools.gnu-tools-for-stm32.12.3.rel1.win32_1.0.200.202406191623/tools/bin/../lib/gcc/arm-none-eabi/12.3.1/thumb/v6-m/nofp\libgcc.a(_udivsi3.o)
                0x08000108                __aeabi_uidiv
                0x08000108                __udivsi3
                0x08000214                __aeabi_uidivmod
 .text          0x0800021c      0x1d4 G:/STMcubeide/STM32CubeIDE_1.16.0/STM32CubeIDE/plugins/com.st.stm32cube.ide.mcu.externaltools.gnu-tools-for-stm32.12.3.rel1.win32_1.0.200.202406191623/tools/bin/../lib/gcc/arm-none-eabi/12.3.1/thumb/v6-m/nofp\libgcc.a(_divsi3.o)
                0x0800021c                __divsi3
                0x0800021c                __aeabi_idiv
                0x080003e8                __aeabi_idivmod
 .text          0x080003f0        0x4 G:/STMcubeide/STM32CubeIDE_1.16.0/STM32CubeIDE/plugins/com.st.stm32cube.ide.mcu.externaltools.gnu-tools-for-stm32.12.3.rel1.win32_1.0.200.202406191623/tools/bin/../lib/gcc/arm-none-eabi/12.3.1/thumb/v6-m/nofp\libgcc.a(_dvmd_tls.o)
                0x080003f0                __aeabi_idiv0
                0x080003f0                __aeabi_ldiv0
 .text          0x080003f4       0x7c G:/STMcubeide/STM32CubeIDE_1.16.0/STM32CubeIDE/plugins/com.st.stm32cube.ide.mcu.externaltools.gnu-tools-for-stm32.12.3.rel1.win32_1.0.200.202406191623/tools/bin/../lib/gcc/arm-none-eabi/12.3.1/thumb/v6-m/nofp\libgcc.a(_arm_cmpdf2.o)
                0x080003f4                __aeabi_cdrcmple
                0x08000404                __aeabi_cdcmple
                0x08000404                __aeabi_cdcmpeq
                0x08000414                __aeabi_dcmpeq
                0x08000420                __aeabi_dcmplt
                0x08000434                __aeabi_dcmple
                0x08000448                __aeabi_dcmpgt
                0x0800045c                __aeabi_dcmpge
 .text          0x08000470       0x3c G:/STMcubeide/STM32CubeIDE_1.16.0/STM32CubeIDE/plugins/com.st.stm32cube.ide.mcu.externaltools.gnu-tools-for-stm32.12.3.rel1.win32_1.0.200.202406191623/tools/bin/../lib/gcc/arm-none-eabi/12.3.1/thumb/v6-m/nofp\libgcc.a(_fixunsdfsi.o)
                0x08000470                __aeabi_d2uiz
                0x08000470                __fixunsdfsi
 .text          0x080004ac      0x314 G:/STMcubeide/STM32CubeIDE_1.16.0/STM32CubeIDE/plugins/com.st.stm32cube.ide.mcu.externaltools.gnu-tools-for-stm32.12.3.rel1.win32_1.0.200.202406191623/tools/bin/../lib/gcc/arm-none-eabi/12.3.1/thumb/v6-m/nofp\libgcc.a(addsf3.o)
                0x080004ac                __aeabi_fadd
 .text          0x080007c0      0x240 G:/STMcubeide/STM32CubeIDE_1.16.0/STM32CubeIDE/plugins/com.st.stm32cube.ide.mcu.externaltools.gnu-tools-for-stm32.12.3.rel1.win32_1.0.200.202406191623/tools/bin/../lib/gcc/arm-none-eabi/12.3.1/thumb/v6-m/nofp\libgcc.a(divsf3.o)
                0x080007c0                __aeabi_fdiv
 .text          0x08000a00      0x27c G:/STMcubeide/STM32CubeIDE_1.16.0/STM32CubeIDE/plugins/com.st.stm32cube.ide.mcu.externaltools.gnu-tools-for-stm32.12.3.rel1.win32_1.0.200.202406191623/tools/bin/../lib/gcc/arm-none-eabi/12.3.1/thumb/v6-m/nofp\libgcc.a(mulsf3.o)
                0x08000a00                __aeabi_fmul
 .text          0x08000c7c      0x348 G:/STMcubeide/STM32CubeIDE_1.16.0/STM32CubeIDE/plugins/com.st.stm32cube.ide.mcu.externaltools.gnu-tools-for-stm32.12.3.rel1.win32_1.0.200.202406191623/tools/bin/../lib/gcc/arm-none-eabi/12.3.1/thumb/v6-m/nofp\libgcc.a(subsf3.o)
                0x08000c7c                __aeabi_fsub
 .text          0x08000fc4       0x98 G:/STMcubeide/STM32CubeIDE_1.16.0/STM32CubeIDE/plugins/com.st.stm32cube.ide.mcu.externaltools.gnu-tools-for-stm32.12.3.rel1.win32_1.0.200.202406191623/tools/bin/../lib/gcc/arm-none-eabi/12.3.1/thumb/v6-m/nofp\libgcc.a(floatsisf.o)
                0x08000fc4                __aeabi_i2f
 .text          0x0800105c       0x84 G:/STMcubeide/STM32CubeIDE_1.16.0/STM32CubeIDE/plugins/com.st.stm32cube.ide.mcu.externaltools.gnu-tools-for-stm32.12.3.rel1.win32_1.0.200.202406191623/tools/bin/../lib/gcc/arm-none-eabi/12.3.1/thumb/v6-m/nofp\libgcc.a(floatunsisf.o)
                0x0800105c                __aeabi_ui2f
 .text          0x080010e0      0x6c8 G:/STMcubeide/STM32CubeIDE_1.16.0/STM32CubeIDE/plugins/com.st.stm32cube.ide.mcu.externaltools.gnu-tools-for-stm32.12.3.rel1.win32_1.0.200.202406191623/tools/bin/../lib/gcc/arm-none-eabi/12.3.1/thumb/v6-m/nofp\libgcc.a(adddf3.o)
                0x080010e0                __aeabi_dadd
 .text          0x080017a8      0x634 G:/STMcubeide/STM32CubeIDE_1.16.0/STM32CubeIDE/plugins/com.st.stm32cube.ide.mcu.externaltools.gnu-tools-for-stm32.12.3.rel1.win32_1.0.200.202406191623/tools/bin/../lib/gcc/arm-none-eabi/12.3.1/thumb/v6-m/nofp\libgcc.a(divdf3.o)
                0x080017a8                __aeabi_ddiv
 .text          0x08001ddc       0x88 G:/STMcubeide/STM32CubeIDE_1.16.0/STM32CubeIDE/plugins/com.st.stm32cube.ide.mcu.externaltools.gnu-tools-for-stm32.12.3.rel1.win32_1.0.200.202406191623/tools/bin/../lib/gcc/arm-none-eabi/12.3.1/thumb/v6-m/nofp\libgcc.a(eqdf2.o)
                0x08001ddc                __nedf2
                0x08001ddc                __eqdf2
 .text          0x08001e64       0xe8 G:/STMcubeide/STM32CubeIDE_1.16.0/STM32CubeIDE/plugins/com.st.stm32cube.ide.mcu.externaltools.gnu-tools-for-stm32.12.3.rel1.win32_1.0.200.202406191623/tools/bin/../lib/gcc/arm-none-eabi/12.3.1/thumb/v6-m/nofp\libgcc.a(gedf2.o)
                0x08001e64                __gedf2
                0x08001e64                __gtdf2
 .text          0x08001f4c       0xe4 G:/STMcubeide/STM32CubeIDE_1.16.0/STM32CubeIDE/plugins/com.st.stm32cube.ide.mcu.externaltools.gnu-tools-for-stm32.12.3.rel1.win32_1.0.200.202406191623/tools/bin/../lib/gcc/arm-none-eabi/12.3.1/thumb/v6-m/nofp\libgcc.a(ledf2.o)
                0x08001f4c                __ledf2
                0x08001f4c                __ltdf2
 .text          0x08002030      0x590 G:/STMcubeide/STM32CubeIDE_1.16.0/STM32CubeIDE/plugins/com.st.stm32cube.ide.mcu.externaltools.gnu-tools-for-stm32.12.3.rel1.win32_1.0.200.202406191623/tools/bin/../lib/gcc/arm-none-eabi/12.3.1/thumb/v6-m/nofp\libgcc.a(muldf3.o)
                0x08002030                __aeabi_dmul
 .text          0x080025c0      0x738 G:/STMcubeide/STM32CubeIDE_1.16.0/STM32CubeIDE/plugins/com.st.stm32cube.ide.mcu.externaltools.gnu-tools-for-stm32.12.3.rel1.win32_1.0.200.202406191623/tools/bin/../lib/gcc/arm-none-eabi/12.3.1/thumb/v6-m/nofp\libgcc.a(subdf3.o)
                0x080025c0                __aeabi_dsub
 .text          0x08002cf8       0x44 G:/STMcubeide/STM32CubeIDE_1.16.0/STM32CubeIDE/plugins/com.st.stm32cube.ide.mcu.externaltools.gnu-tools-for-stm32.12.3.rel1.win32_1.0.200.202406191623/tools/bin/../lib/gcc/arm-none-eabi/12.3.1/thumb/v6-m/nofp\libgcc.a(unorddf2.o)
                0x08002cf8                __aeabi_dcmpun
 .text          0x08002d3c       0x78 G:/STMcubeide/STM32CubeIDE_1.16.0/STM32CubeIDE/plugins/com.st.stm32cube.ide.mcu.externaltools.gnu-tools-for-stm32.12.3.rel1.win32_1.0.200.202406191623/tools/bin/../lib/gcc/arm-none-eabi/12.3.1/thumb/v6-m/nofp\libgcc.a(fixdfsi.o)
                0x08002d3c                __aeabi_d2iz
 .text          0x08002db4       0x48 G:/STMcubeide/STM32CubeIDE_1.16.0/STM32CubeIDE/plugins/com.st.stm32cube.ide.mcu.externaltools.gnu-tools-for-stm32.12.3.rel1.win32_1.0.200.202406191623/tools/bin/../lib/gcc/arm-none-eabi/12.3.1/thumb/v6-m/nofp\libgcc.a(floatunsidf.o)
                0x08002db4                __aeabi_ui2d
 .text          0x08002dfc       0x90 G:/STMcubeide/STM32CubeIDE_1.16.0/STM32CubeIDE/plugins/com.st.stm32cube.ide.mcu.externaltools.gnu-tools-for-stm32.12.3.rel1.win32_1.0.200.202406191623/tools/bin/../lib/gcc/arm-none-eabi/12.3.1/thumb/v6-m/nofp\libgcc.a(extendsfdf2.o)
                0x08002dfc                __aeabi_f2d
 .text          0x08002e8c      0x108 G:/STMcubeide/STM32CubeIDE_1.16.0/STM32CubeIDE/plugins/com.st.stm32cube.ide.mcu.externaltools.gnu-tools-for-stm32.12.3.rel1.win32_1.0.200.202406191623/tools/bin/../lib/gcc/arm-none-eabi/12.3.1/thumb/v6-m/nofp\libgcc.a(truncdfsf2.o)
                0x08002e8c                __aeabi_d2f
 .text          0x08002f94       0x3c G:/STMcubeide/STM32CubeIDE_1.16.0/STM32CubeIDE/plugins/com.st.stm32cube.ide.mcu.externaltools.gnu-tools-for-stm32.12.3.rel1.win32_1.0.200.202406191623/tools/bin/../lib/gcc/arm-none-eabi/12.3.1/thumb/v6-m/nofp\libgcc.a(_clzsi2.o)
                0x08002f94                __clzsi2
 *(.text*)
 .text.VL53L1X_SensorInit
                0x08002fd0      0x130 ./Core/Src/VL53L1X_api.o
                0x08002fd0                VL53L1X_SensorInit
 .text.VL53L1X_ClearInterrupt
                0x08003100       0x3e ./Core/Src/VL53L1X_api.o
                0x08003100                VL53L1X_ClearInterrupt
 .text.VL53L1X_GetInterruptPolarity
                0x0800313e       0x66 ./Core/Src/VL53L1X_api.o
                0x0800313e                VL53L1X_GetInterruptPolarity
 .text.VL53L1X_StartRanging
                0x080031a4       0x3e ./Core/Src/VL53L1X_api.o
                0x080031a4                VL53L1X_StartRanging
 .text.VL53L1X_StopRanging
                0x080031e2       0x3e ./Core/Src/VL53L1X_api.o
                0x080031e2                VL53L1X_StopRanging
 .text.VL53L1X_CheckForDataReady
                0x08003220       0x8c ./Core/Src/VL53L1X_api.o
                0x08003220                VL53L1X_CheckForDataReady
 .text.VL53L1X_SetTimingBudgetInMs
                0x080032ac      0x2a4 ./Core/Src/VL53L1X_api.o
                0x080032ac                VL53L1X_SetTimingBudgetInMs
 .text.VL53L1X_GetTimingBudgetInMs
                0x08003550      0x12c ./Core/Src/VL53L1X_api.o
                0x08003550                VL53L1X_GetTimingBudgetInMs
 .text.VL53L1X_SetDistanceMode
                0x0800367c      0x1a4 ./Core/Src/VL53L1X_api.o
                0x0800367c                VL53L1X_SetDistanceMode
 .text.VL53L1X_GetDistanceMode
                0x08003820       0x66 ./Core/Src/VL53L1X_api.o
                0x08003820                VL53L1X_GetDistanceMode
 *fill*         0x08003886        0x2 
 .text.VL53L1X_SetInterMeasurementInMs
                0x08003888       0x8c ./Core/Src/VL53L1X_api.o
                0x08003888                VL53L1X_SetInterMeasurementInMs
 .text.VL53L1X_GetDistance
                0x08003914       0x4c ./Core/Src/VL53L1X_api.o
                0x08003914                VL53L1X_GetDistance
 .text.VL53L1X_GetSignalRate
                0x08003960       0x50 ./Core/Src/VL53L1X_api.o
                0x08003960                VL53L1X_GetSignalRate
 .text.VL53L1X_GetAmbientRate
                0x080039b0       0x50 ./Core/Src/VL53L1X_api.o
                0x080039b0                VL53L1X_GetAmbientRate
 .text.VL53L1X_GetRangeStatus
                0x08003a00       0x74 ./Core/Src/VL53L1X_api.o
                0x08003a00                VL53L1X_GetRangeStatus
 .text.VL53L1X_SetOffset
                0x08003a74       0x8c ./Core/Src/VL53L1X_api.o
                0x08003a74                VL53L1X_SetOffset
 .text.VL53L1X_SetXtalk
                0x08003b00       0x8e ./Core/Src/VL53L1X_api.o
                0x08003b00                VL53L1X_SetXtalk
 .text.VL53L1X_SetDistanceThreshold
                0x08003b8e      0x118 ./Core/Src/VL53L1X_api.o
                0x08003b8e                VL53L1X_SetDistanceThreshold
 .text.main     0x08003ca6       0x30 ./Core/Src/main.o
                0x08003ca6                main
 .text.SystemClock_Config
                0x08003cd6       0xc4 ./Core/Src/main.o
                0x08003cd6                SystemClock_Config
 *fill*         0x08003d9a        0x2 
 .text.MX_I2C1_Init
                0x08003d9c       0x80 ./Core/Src/main.o
 .text.MX_USART2_UART_Init
                0x08003e1c       0x60 ./Core/Src/main.o
 .text.MX_GPIO_Init
                0x08003e7c       0xf0 ./Core/Src/main.o
 .text.Error_Handler
                0x08003f6c        0xc ./Core/Src/main.o
                0x08003f6c                Error_Handler
 .text.HAL_MspInit
                0x08003f78       0x48 ./Core/Src/stm32f0xx_hal_msp.o
                0x08003f78                HAL_MspInit
 .text.HAL_I2C_MspInit
                0x08003fc0       0x9c ./Core/Src/stm32f0xx_hal_msp.o
                0x08003fc0                HAL_I2C_MspInit
 .text.HAL_UART_MspInit
                0x0800405c       0x98 ./Core/Src/stm32f0xx_hal_msp.o
                0x0800405c                HAL_UART_MspInit
 .text.NMI_Handler
                0x080040f4        0x8 ./Core/Src/stm32f0xx_it.o
                0x080040f4                NMI_Handler
 .text.HardFault_Handler
                0x080040fc        0x8 ./Core/Src/stm32f0xx_it.o
                0x080040fc                HardFault_Handler
 .text.SVC_Handler
                0x08004104        0xa ./Core/Src/stm32f0xx_it.o
                0x08004104                SVC_Handler
 .text.PendSV_Handler
                0x0800410e        0xa ./Core/Src/stm32f0xx_it.o
                0x0800410e                PendSV_Handler
 .text.SysTick_Handler
                0x08004118        0xe ./Core/Src/stm32f0xx_it.o
                0x08004118                SysTick_Handler
 .text.SystemInit
                0x08004126        0xa ./Core/Src/system_stm32f0xx.o
                0x08004126                SystemInit
 .text.VL53L1_RdByte
                0x08004130       0x48 ./Core/Src/vl53l1_platform.o
                0x08004130                VL53L1_RdByte
 .text.VL53L1_RdWord
                0x08004178       0x64 ./Core/Src/vl53l1_platform.o
                0x08004178                VL53L1_RdWord
 .text.VL53L1_ReadMulti
                0x080041dc       0x54 ./Core/Src/vl53l1_platform.o
                0x080041dc                VL53L1_ReadMulti
 .text.VL53L1_WrByte
                0x08004230       0x54 ./Core/Src/vl53l1_platform.o
                0x08004230                VL53L1_WrByte
 .text.VL53L1_WrWord
                0x08004284       0x70 ./Core/Src/vl53l1_platform.o
                0x08004284                VL53L1_WrWord
 .text.VL53L1_WrDWord
                0x080042f4       0x54 ./Core/Src/vl53l1_platform.o
                0x080042f4                VL53L1_WrDWord
 .text.VL53L1__Init
                0x08004348      0x114 ./Core/Src/vl53l1_platform.o
                0x08004348                VL53L1__Init
 .text.VL53L1__testRanging
                0x0800445c      0x470 ./Core/Src/z_vl53l1_test.o
                0x0800445c                VL53L1__testRanging
 .text.Reset_Handler
                0x080048cc       0x50 ./Core/Startup/startup_stm32f070rbtx.o
                0x080048cc                Reset_Handler
 .text.Default_Handler
                0x0800491c        0x2 ./Core/Startup/startup_stm32f070rbtx.o
                0x0800491c                TIM1_CC_IRQHandler
                0x0800491c                TIM6_IRQHandler
                0x0800491c                I2C1_IRQHandler
                0x0800491c                SPI1_IRQHandler
                0x0800491c                USART3_4_IRQHandler
                0x0800491c                EXTI2_3_IRQHandler
                0x0800491c                ADC1_IRQHandler
                0x0800491c                I2C2_IRQHandler
                0x0800491c                TIM17_IRQHandler
                0x0800491c                RTC_IRQHandler
                0x0800491c                TIM16_IRQHandler
                0x0800491c                TIM3_IRQHandler
                0x0800491c                EXTI4_15_IRQHandler
                0x0800491c                RCC_IRQHandler
                0x0800491c                DMA1_Channel1_IRQHandler
                0x0800491c                Default_Handler
                0x0800491c                TIM14_IRQHandler
                0x0800491c                DMA1_Channel4_5_IRQHandler
                0x0800491c                TIM7_IRQHandler
                0x0800491c                TIM15_IRQHandler
                0x0800491c                EXTI0_1_IRQHandler
                0x0800491c                USB_IRQHandler
                0x0800491c                SPI2_IRQHandler
                0x0800491c                WWDG_IRQHandler
                0x0800491c                DMA1_Channel2_3_IRQHandler
                0x0800491c                USART2_IRQHandler
                0x0800491c                FLASH_IRQHandler
                0x0800491c                USART1_IRQHandler
                0x0800491c                TIM1_BRK_UP_TRG_COM_IRQHandler
 *fill*         0x0800491e        0x2 
 .text.HAL_Init
                0x08004920       0x28 ./Drivers/STM32F0xx_HAL_Driver/Src/stm32f0xx_hal.o
                0x08004920                HAL_Init
 .text.HAL_InitTick
                0x08004948       0x68 ./Drivers/STM32F0xx_HAL_Driver/Src/stm32f0xx_hal.o
                0x08004948                HAL_InitTick
 .text.HAL_IncTick
                0x080049b0       0x24 ./Drivers/STM32F0xx_HAL_Driver/Src/stm32f0xx_hal.o
                0x080049b0                HAL_IncTick
 .text.HAL_GetTick
                0x080049d4       0x14 ./Drivers/STM32F0xx_HAL_Driver/Src/stm32f0xx_hal.o
                0x080049d4                HAL_GetTick
 .text.HAL_Delay
                0x080049e8       0x48 ./Drivers/STM32F0xx_HAL_Driver/Src/stm32f0xx_hal.o
                0x080049e8                HAL_Delay
 .text.__NVIC_SetPriority
                0x08004a30       0xdc ./Drivers/STM32F0xx_HAL_Driver/Src/stm32f0xx_hal_cortex.o
 .text.SysTick_Config
                0x08004b0c       0x48 ./Drivers/STM32F0xx_HAL_Driver/Src/stm32f0xx_hal_cortex.o
 .text.HAL_NVIC_SetPriority
                0x08004b54       0x2a ./Drivers/STM32F0xx_HAL_Driver/Src/stm32f0xx_hal_cortex.o
                0x08004b54                HAL_NVIC_SetPriority
 .text.HAL_SYSTICK_Config
                0x08004b7e       0x1a ./Drivers/STM32F0xx_HAL_Driver/Src/stm32f0xx_hal_cortex.o
                0x08004b7e                HAL_SYSTICK_Config
 .text.HAL_GPIO_Init
                0x08004b98      0x2e0 ./Drivers/STM32F0xx_HAL_Driver/Src/stm32f0xx_hal_gpio.o
                0x08004b98                HAL_GPIO_Init
 .text.HAL_GPIO_WritePin
                0x08004e78       0x3a ./Drivers/STM32F0xx_HAL_Driver/Src/stm32f0xx_hal_gpio.o
                0x08004e78                HAL_GPIO_WritePin
 *fill*         0x08004eb2        0x2 
 .text.HAL_I2C_Init
                0x08004eb4      0x14c ./Drivers/STM32F0xx_HAL_Driver/Src/stm32f0xx_hal_i2c.o
                0x08004eb4                HAL_I2C_Init
 .text.HAL_I2C_Mem_Write
                0x08005000      0x25c ./Drivers/STM32F0xx_HAL_Driver/Src/stm32f0xx_hal_i2c.o
                0x08005000                HAL_I2C_Mem_Write
 .text.HAL_I2C_Mem_Read
                0x0800525c      0x268 ./Drivers/STM32F0xx_HAL_Driver/Src/stm32f0xx_hal_i2c.o
                0x0800525c                HAL_I2C_Mem_Read
 .text.I2C_RequestMemoryWrite
                0x080054c4       0xc8 ./Drivers/STM32F0xx_HAL_Driver/Src/stm32f0xx_hal_i2c.o
 .text.I2C_RequestMemoryRead
                0x0800558c       0xc4 ./Drivers/STM32F0xx_HAL_Driver/Src/stm32f0xx_hal_i2c.o
 .text.I2C_Flush_TXDR
                0x08005650       0x44 ./Drivers/STM32F0xx_HAL_Driver/Src/stm32f0xx_hal_i2c.o
 .text.I2C_WaitOnFlagUntilTimeout
                0x08005694       0xb0 ./Drivers/STM32F0xx_HAL_Driver/Src/stm32f0xx_hal_i2c.o
 .text.I2C_WaitOnTXISFlagUntilTimeout
                0x08005744       0x8c ./Drivers/STM32F0xx_HAL_Driver/Src/stm32f0xx_hal_i2c.o
 .text.I2C_WaitOnSTOPFlagUntilTimeout
                0x080057d0       0x86 ./Drivers/STM32F0xx_HAL_Driver/Src/stm32f0xx_hal_i2c.o
 *fill*         0x08005856        0x2 
 .text.I2C_IsErrorOccurred
                0x08005858      0x1f0 ./Drivers/STM32F0xx_HAL_Driver/Src/stm32f0xx_hal_i2c.o
 .text.I2C_TransferConfig
                0x08005a48       0x74 ./Drivers/STM32F0xx_HAL_Driver/Src/stm32f0xx_hal_i2c.o
 .text.HAL_I2CEx_ConfigAnalogFilter
                0x08005abc       0x98 ./Drivers/STM32F0xx_HAL_Driver/Src/stm32f0xx_hal_i2c_ex.o
                0x08005abc                HAL_I2CEx_ConfigAnalogFilter
 .text.HAL_I2CEx_ConfigDigitalFilter
                0x08005b54       0x98 ./Drivers/STM32F0xx_HAL_Driver/Src/stm32f0xx_hal_i2c_ex.o
                0x08005b54                HAL_I2CEx_ConfigDigitalFilter
 .text.HAL_RCC_OscConfig
                0x08005bec      0x63c ./Drivers/STM32F0xx_HAL_Driver/Src/stm32f0xx_hal_rcc.o
                0x08005bec                HAL_RCC_OscConfig
 .text.HAL_RCC_ClockConfig
                0x08006228      0x19c ./Drivers/STM32F0xx_HAL_Driver/Src/stm32f0xx_hal_rcc.o
                0x08006228                HAL_RCC_ClockConfig
 .text.HAL_RCC_GetSysClockFreq
                0x080063c4       0xb0 ./Drivers/STM32F0xx_HAL_Driver/Src/stm32f0xx_hal_rcc.o
                0x080063c4                HAL_RCC_GetSysClockFreq
 .text.HAL_RCC_GetHCLKFreq
                0x08006474       0x14 ./Drivers/STM32F0xx_HAL_Driver/Src/stm32f0xx_hal_rcc.o
                0x08006474                HAL_RCC_GetHCLKFreq
 .text.HAL_RCC_GetPCLK1Freq
                0x08006488       0x2c ./Drivers/STM32F0xx_HAL_Driver/Src/stm32f0xx_hal_rcc.o
                0x08006488                HAL_RCC_GetPCLK1Freq
 .text.HAL_RCCEx_PeriphCLKConfig
                0x080064b4      0x1bc ./Drivers/STM32F0xx_HAL_Driver/Src/stm32f0xx_hal_rcc_ex.o
                0x080064b4                HAL_RCCEx_PeriphCLKConfig
 .text.HAL_UART_Init
                0x08006670       0xa8 ./Drivers/STM32F0xx_HAL_Driver/Src/stm32f0xx_hal_uart.o
                0x08006670                HAL_UART_Init
 .text.UART_SetConfig
                0x08006718      0x2b0 ./Drivers/STM32F0xx_HAL_Driver/Src/stm32f0xx_hal_uart.o
                0x08006718                UART_SetConfig
 .text.UART_AdvFeatureConfig
                0x080069c8      0x168 ./Drivers/STM32F0xx_HAL_Driver/Src/stm32f0xx_hal_uart.o
                0x080069c8                UART_AdvFeatureConfig
 .text.UART_CheckIdleState
                0x08006b30      0x150 ./Drivers/STM32F0xx_HAL_Driver/Src/stm32f0xx_hal_uart.o
                0x08006b30                UART_CheckIdleState
 .text.UART_WaitOnFlagUntilTimeout
                0x08006c80       0xde ./Drivers/STM32F0xx_HAL_Driver/Src/stm32f0xx_hal_uart.o
                0x08006c80                UART_WaitOnFlagUntilTimeout
 *fill*         0x08006d5e        0x2 
 .text.UART_EndRxTransfer
                0x08006d60       0xc8 ./Drivers/STM32F0xx_HAL_Driver/Src/stm32f0xx_hal_uart.o
 .text.memset   0x08006e28       0x10 G:/STMcubeide/STM32CubeIDE_1.16.0/STM32CubeIDE/plugins/com.st.stm32cube.ide.mcu.externaltools.gnu-tools-for-stm32.12.3.rel1.win32_1.0.200.202406191623/tools/bin/../lib/gcc/arm-none-eabi/12.3.1/../../../../arm-none-eabi/lib/thumb/v6-m/nofp\libc_nano.a(libc_a-memset.o)
                0x08006e28                memset
 .text.__errno  0x08006e38        0xc G:/STMcubeide/STM32CubeIDE_1.16.0/STM32CubeIDE/plugins/com.st.stm32cube.ide.mcu.externaltools.gnu-tools-for-stm32.12.3.rel1.win32_1.0.200.202406191623/tools/bin/../lib/gcc/arm-none-eabi/12.3.1/../../../../arm-none-eabi/lib/thumb/v6-m/nofp\libc_nano.a(libc_a-errno.o)
                0x08006e38                __errno
 .text.__libc_init_array
                0x08006e44       0x48 G:/STMcubeide/STM32CubeIDE_1.16.0/STM32CubeIDE/plugins/com.st.stm32cube.ide.mcu.externaltools.gnu-tools-for-stm32.12.3.rel1.win32_1.0.200.202406191623/tools/bin/../lib/gcc/arm-none-eabi/12.3.1/../../../../arm-none-eabi/lib/thumb/v6-m/nofp\libc_nano.a(libc_a-init.o)
                0x08006e44                __libc_init_array
 .text.sqrt     0x08006e8c       0x4c G:/STMcubeide/STM32CubeIDE_1.16.0/STM32CubeIDE/plugins/com.st.stm32cube.ide.mcu.externaltools.gnu-tools-for-stm32.12.3.rel1.win32_1.0.200.202406191623/tools/bin/../lib/gcc/arm-none-eabi/12.3.1/../../../../arm-none-eabi/lib/thumb/v6-m/nofp\libm.a(libm_a-w_sqrt.o)
                0x08006e8c                sqrt
 .text.__ieee754_sqrt
                0x08006ed8      0x1d0 G:/STMcubeide/STM32CubeIDE_1.16.0/STM32CubeIDE/plugins/com.st.stm32cube.ide.mcu.externaltools.gnu-tools-for-stm32.12.3.rel1.win32_1.0.200.202406191623/tools/bin/../lib/gcc/arm-none-eabi/12.3.1/../../../../arm-none-eabi/lib/thumb/v6-m/nofp\libm.a(libm_a-e_sqrt.o)
                0x08006ed8                __ieee754_sqrt
 *(.glue_7)
 .glue_7        0x080070a8        0x0 linker stubs
 *(.glue_7t)
 .glue_7t       0x080070a8        0x0 linker stubs
 *(.eh_frame)
 .eh_frame      0x080070a8        0x0 G:/STMcubeide/STM32CubeIDE_1.16.0/STM32CubeIDE/plugins/com.st.stm32cube.ide.mcu.externaltools.gnu-tools-for-stm32.12.3.rel1.win32_1.0.200.202406191623/tools/bin/../lib/gcc/arm-none-eabi/12.3.1/thumb/v6-m/nofp/crtbegin.o
 *(.init)
 .init          0x080070a8        0x4 G:/STMcubeide/STM32CubeIDE_1.16.0/STM32CubeIDE/plugins/com.st.stm32cube.ide.mcu.externaltools.gnu-tools-for-stm32.12.3.rel1.win32_1.0.200.202406191623/tools/bin/../lib/gcc/arm-none-eabi/12.3.1/thumb/v6-m/nofp/crti.o
                0x080070a8                _init
 .init          0x080070ac        0x8 G:/STMcubeide/STM32CubeIDE_1.16.0/STM32CubeIDE/plugins/com.st.stm32cube.ide.mcu.externaltools.gnu-tools-for-stm32.12.3.rel1.win32_1.0.200.202406191623/tools/bin/../lib/gcc/arm-none-eabi/12.3.1/thumb/v6-m/nofp/crtn.o
 *(.fini)
 .fini          0x080070b4        0x4 G:/STMcubeide/STM32CubeIDE_1.16.0/STM32CubeIDE/plugins/com.st.stm32cube.ide.mcu.externaltools.gnu-tools-for-stm32.12.3.rel1.win32_1.0.200.202406191623/tools/bin/../lib/gcc/arm-none-eabi/12.3.1/thumb/v6-m/nofp/crti.o
                0x080070b4                _fini
 .fini          0x080070b8        0x8 G:/STMcubeide/STM32CubeIDE_1.16.0/STM32CubeIDE/plugins/com.st.stm32cube.ide.mcu.externaltools.gnu-tools-for-stm32.12.3.rel1.win32_1.0.200.202406191623/tools/bin/../lib/gcc/arm-none-eabi/12.3.1/thumb/v6-m/nofp/crtn.o
                0x080070c0                        . = ALIGN (0x4)
                0x080070c0                        _etext = .

.vfp11_veneer   0x080070c0        0x0
 .vfp11_veneer  0x080070c0        0x0 linker stubs

.v4_bx          0x080070c0        0x0
 .v4_bx         0x080070c0        0x0 linker stubs

.iplt           0x080070c0        0x0
 .iplt          0x080070c0        0x0 G:/STMcubeide/STM32CubeIDE_1.16.0/STM32CubeIDE/plugins/com.st.stm32cube.ide.mcu.externaltools.gnu-tools-for-stm32.12.3.rel1.win32_1.0.200.202406191623/tools/bin/../lib/gcc/arm-none-eabi/12.3.1/thumb/v6-m/nofp/crtbegin.o

.rodata         0x080070c0      0x168
                0x080070c0                        . = ALIGN (0x4)
 *(.rodata)
 .rodata        0x080070c0       0x7c G:/STMcubeide/STM32CubeIDE_1.16.0/STM32CubeIDE/plugins/com.st.stm32cube.ide.mcu.externaltools.gnu-tools-for-stm32.12.3.rel1.win32_1.0.200.202406191623/tools/bin/../lib/gcc/arm-none-eabi/12.3.1/thumb/v6-m/nofp\libgcc.a(divsf3.o)
 .rodata        0x0800713c       0x40 G:/STMcubeide/STM32CubeIDE_1.16.0/STM32CubeIDE/plugins/com.st.stm32cube.ide.mcu.externaltools.gnu-tools-for-stm32.12.3.rel1.win32_1.0.200.202406191623/tools/bin/../lib/gcc/arm-none-eabi/12.3.1/thumb/v6-m/nofp\libgcc.a(divdf3.o)
 *(.rodata*)
 .rodata.VL51L1X_DEFAULT_CONFIGURATION
                0x0800717c       0x5b ./Core/Src/VL53L1X_api.o
                0x0800717c                VL51L1X_DEFAULT_CONFIGURATION
 *fill*         0x080071d7        0x1 
 .rodata.status_rtn
                0x080071d8       0x18 ./Core/Src/VL53L1X_api.o
 .rodata.AHBPrescTable
                0x080071f0       0x10 ./Core/Src/system_stm32f0xx.o
                0x080071f0                AHBPrescTable
 .rodata.APBPrescTable
                0x08007200        0x8 ./Core/Src/system_stm32f0xx.o
                0x08007200                APBPrescTable
 .rodata.aPLLMULFactorTable.1
                0x08007208       0x10 ./Drivers/STM32F0xx_HAL_Driver/Src/stm32f0xx_hal_rcc.o
 .rodata.aPredivFactorTable.0
                0x08007218       0x10 ./Drivers/STM32F0xx_HAL_Driver/Src/stm32f0xx_hal_rcc.o
                0x08007228                        . = ALIGN (0x4)

.ARM.extab      0x08007228        0x0
                0x08007228                        . = ALIGN (0x4)
 *(.ARM.extab* .gnu.linkonce.armextab.*)
                0x08007228                        . = ALIGN (0x4)

.ARM            0x08007228        0x0
                0x08007228                        . = ALIGN (0x4)
                0x08007228                        __exidx_start = .
 *(.ARM.exidx*)
                0x08007228                        __exidx_end = .
                0x08007228                        . = ALIGN (0x4)

.preinit_array  0x08007228        0x0
                0x08007228                        . = ALIGN (0x4)
                0x08007228                        PROVIDE (__preinit_array_start = .)
 *(.preinit_array*)
                0x08007228                        PROVIDE (__preinit_array_end = .)
                0x08007228                        . = ALIGN (0x4)

.init_array     0x08007228        0x4
                0x08007228                        . = ALIGN (0x4)
                0x08007228                        PROVIDE (__init_array_start = .)
 *(SORT_BY_NAME(.init_array.*))
 *(.init_array*)
 .init_array    0x08007228        0x4 G:/STMcubeide/STM32CubeIDE_1.16.0/STM32CubeIDE/plugins/com.st.stm32cube.ide.mcu.externaltools.gnu-tools-for-stm32.12.3.rel1.win32_1.0.200.202406191623/tools/bin/../lib/gcc/arm-none-eabi/12.3.1/thumb/v6-m/nofp/crtbegin.o
                0x0800722c                        PROVIDE (__init_array_end = .)
                0x0800722c                        . = ALIGN (0x4)

.fini_array     0x0800722c        0x4
                0x0800722c                        . = ALIGN (0x4)
                [!provide]                        PROVIDE (__fini_array_start = .)
 *(SORT_BY_NAME(.fini_array.*))
 *(.fini_array*)
 .fini_array    0x0800722c        0x4 G:/STMcubeide/STM32CubeIDE_1.16.0/STM32CubeIDE/plugins/com.st.stm32cube.ide.mcu.externaltools.gnu-tools-for-stm32.12.3.rel1.win32_1.0.200.202406191623/tools/bin/../lib/gcc/arm-none-eabi/12.3.1/thumb/v6-m/nofp/crtbegin.o
                [!provide]                        PROVIDE (__fini_array_end = .)
                0x08007230                        . = ALIGN (0x4)
                0x08007230                        _sidata = LOADADDR (.data)

.rel.dyn        0x08007230        0x0
 .rel.iplt      0x08007230        0x0 G:/STMcubeide/STM32CubeIDE_1.16.0/STM32CubeIDE/plugins/com.st.stm32cube.ide.mcu.externaltools.gnu-tools-for-stm32.12.3.rel1.win32_1.0.200.202406191623/tools/bin/../lib/gcc/arm-none-eabi/12.3.1/thumb/v6-m/nofp/crtbegin.o

.data           0x20000000       0x78 load address 0x08007230
                0x20000000                        . = ALIGN (0x4)
                0x20000000                        _sdata = .
 *(.data)
 *(.data*)
 .data.SystemCoreClock
                0x20000000        0x4 ./Core/Src/system_stm32f0xx.o
                0x20000000                SystemCoreClock
 .data.TimingBudget
                0x20000004        0x2 ./Core/Src/z_vl53l1_test.o
                0x20000004                TimingBudget
 .data.DistanceMode
                0x20000006        0x2 ./Core/Src/z_vl53l1_test.o
                0x20000006                DistanceMode
 .data.curTB.6  0x20000008        0x2 ./Core/Src/z_vl53l1_test.o
 .data.curDM.3  0x2000000a        0x2 ./Core/Src/z_vl53l1_test.o
 .data.uwTickPrio
                0x2000000c        0x4 ./Drivers/STM32F0xx_HAL_Driver/Src/stm32f0xx_hal.o
                0x2000000c                uwTickPrio
 .data.uwTickFreq
                0x20000010        0x1 ./Drivers/STM32F0xx_HAL_Driver/Src/stm32f0xx_hal.o
                0x20000010                uwTickFreq
 *fill*         0x20000011        0x3 
 .data._impure_ptr
                0x20000014        0x4 G:/STMcubeide/STM32CubeIDE_1.16.0/STM32CubeIDE/plugins/com.st.stm32cube.ide.mcu.externaltools.gnu-tools-for-stm32.12.3.rel1.win32_1.0.200.202406191623/tools/bin/../lib/gcc/arm-none-eabi/12.3.1/../../../../arm-none-eabi/lib/thumb/v6-m/nofp\libc_nano.a(libc_a-impure.o)
                0x20000014                _impure_ptr
 .data._impure_data
                0x20000018       0x4c G:/STMcubeide/STM32CubeIDE_1.16.0/STM32CubeIDE/plugins/com.st.stm32cube.ide.mcu.externaltools.gnu-tools-for-stm32.12.3.rel1.win32_1.0.200.202406191623/tools/bin/../lib/gcc/arm-none-eabi/12.3.1/../../../../arm-none-eabi/lib/thumb/v6-m/nofp\libc_nano.a(libc_a-impure.o)
                0x20000018                _impure_data
 *fill*         0x20000064        0x4 
 .data.tiny     0x20000068        0x8 G:/STMcubeide/STM32CubeIDE_1.16.0/STM32CubeIDE/plugins/com.st.stm32cube.ide.mcu.externaltools.gnu-tools-for-stm32.12.3.rel1.win32_1.0.200.202406191623/tools/bin/../lib/gcc/arm-none-eabi/12.3.1/../../../../arm-none-eabi/lib/thumb/v6-m/nofp\libm.a(libm_a-e_sqrt.o)
 .data.one      0x20000070        0x8 G:/STMcubeide/STM32CubeIDE_1.16.0/STM32CubeIDE/plugins/com.st.stm32cube.ide.mcu.externaltools.gnu-tools-for-stm32.12.3.rel1.win32_1.0.200.202406191623/tools/bin/../lib/gcc/arm-none-eabi/12.3.1/../../../../arm-none-eabi/lib/thumb/v6-m/nofp\libm.a(libm_a-e_sqrt.o)
 *(.RamFunc)
 *(.RamFunc*)
                0x20000078                        . = ALIGN (0x4)
                0x20000078                        _edata = .

.igot.plt       0x20000078        0x0 load address 0x080072a8
 .igot.plt      0x20000078        0x0 G:/STMcubeide/STM32CubeIDE_1.16.0/STM32CubeIDE/plugins/com.st.stm32cube.ide.mcu.externaltools.gnu-tools-for-stm32.12.3.rel1.win32_1.0.200.202406191623/tools/bin/../lib/gcc/arm-none-eabi/12.3.1/thumb/v6-m/nofp/crtbegin.o
                0x20000078                        . = ALIGN (0x4)

.bss            0x20000078      0x3e8 load address 0x080072a8
                0x20000078                        _sbss = .
                0x20000078                        __bss_start__ = _sbss
 *(.bss)
 .bss           0x20000078       0x1c G:/STMcubeide/STM32CubeIDE_1.16.0/STM32CubeIDE/plugins/com.st.stm32cube.ide.mcu.externaltools.gnu-tools-for-stm32.12.3.rel1.win32_1.0.200.202406191623/tools/bin/../lib/gcc/arm-none-eabi/12.3.1/thumb/v6-m/nofp/crtbegin.o
 *(.bss*)
 .bss.hi2c1     0x20000094       0x54 ./Core/Src/main.o
                0x20000094                hi2c1
 .bss.huart2    0x200000e8       0x88 ./Core/Src/main.o
                0x200000e8                huart2
 .bss.Distance  0x20000170        0x2 ./Core/Src/z_vl53l1_test.o
                0x20000170                Distance
 .bss.RangeStatus
                0x20000172        0x1 ./Core/Src/z_vl53l1_test.o
                0x20000172                RangeStatus
 *fill*         0x20000173        0x1 
 .bss.SignalRate
                0x20000174        0x2 ./Core/Src/z_vl53l1_test.o
                0x20000174                SignalRate
 .bss.AmbientRate
                0x20000176        0x2 ./Core/Src/z_vl53l1_test.o
                0x20000176                AmbientRate
 .bss.ErrorPerc
                0x20000178        0x1 ./Core/Src/z_vl53l1_test.o
                0x20000178                ErrorPerc
 *fill*         0x20000179        0x3 
 .bss.numerrors
                0x2000017c        0x4 ./Core/Src/z_vl53l1_test.o
                0x2000017c                numerrors
 .bss.readCounter
                0x20000180        0x4 ./Core/Src/z_vl53l1_test.o
                0x20000180                readCounter
 .bss.avgDist   0x20000184        0x4 ./Core/Src/z_vl53l1_test.o
                0x20000184                avgDist
 .bss.StdDev    0x20000188        0x4 ./Core/Src/z_vl53l1_test.o
                0x20000188                StdDev
 .bss.posArr.5  0x2000018c        0x2 ./Core/Src/z_vl53l1_test.o
 .bss.sampleNum.4
                0x2000018e        0x2 ./Core/Src/z_vl53l1_test.o
 .bss.ReadingTime.2
                0x20000190        0x4 ./Core/Src/z_vl53l1_test.o
 .bss.DistArray.1
                0x20000194      0x190 ./Core/Src/z_vl53l1_test.o
 .bss.uwTick    0x20000324        0x4 ./Drivers/STM32F0xx_HAL_Driver/Src/stm32f0xx_hal.o
                0x20000324                uwTick
 .bss.__sf      0x20000328      0x138 G:/STMcubeide/STM32CubeIDE_1.16.0/STM32CubeIDE/plugins/com.st.stm32cube.ide.mcu.externaltools.gnu-tools-for-stm32.12.3.rel1.win32_1.0.200.202406191623/tools/bin/../lib/gcc/arm-none-eabi/12.3.1/../../../../arm-none-eabi/lib/thumb/v6-m/nofp\libc_nano.a(libc_a-findfp.o)
                0x20000328                __sf
 *(COMMON)
                0x20000460                        . = ALIGN (0x4)
                0x20000460                        _ebss = .
                0x20000460                        __bss_end__ = _ebss

._user_heap_stack
                0x20000460      0x600 load address 0x080072a8
                0x20000460                        . = ALIGN (0x8)
                [!provide]                        PROVIDE (end = .)
                0x20000460                        PROVIDE (_end = .)
                0x20000660                        . = (. + _Min_Heap_Size)
 *fill*         0x20000460      0x200 
                0x20000a60                        . = (. + _Min_Stack_Size)
 *fill*         0x20000660      0x400 
                0x20000a60                        . = ALIGN (0x8)

/DISCARD/
 libc.a(*)
 libm.a(*)
 libgcc.a(*)

.ARM.attributes
                0x00000000       0x28
 *(.ARM.attributes)
 .ARM.attributes
                0x00000000       0x1e G:/STMcubeide/STM32CubeIDE_1.16.0/STM32CubeIDE/plugins/com.st.stm32cube.ide.mcu.externaltools.gnu-tools-for-stm32.12.3.rel1.win32_1.0.200.202406191623/tools/bin/../lib/gcc/arm-none-eabi/12.3.1/thumb/v6-m/nofp/crti.o
 .ARM.attributes
                0x0000001e       0x2c G:/STMcubeide/STM32CubeIDE_1.16.0/STM32CubeIDE/plugins/com.st.stm32cube.ide.mcu.externaltools.gnu-tools-for-stm32.12.3.rel1.win32_1.0.200.202406191623/tools/bin/../lib/gcc/arm-none-eabi/12.3.1/thumb/v6-m/nofp/crtbegin.o
 .ARM.attributes
                0x0000004a       0x2c ./Core/Src/VL53L1X_api.o
 .ARM.attributes
                0x00000076       0x2c ./Core/Src/main.o
 .ARM.attributes
                0x000000a2       0x2c ./Core/Src/stm32f0xx_hal_msp.o
 .ARM.attributes
                0x000000ce       0x2c ./Core/Src/stm32f0xx_it.o
 .ARM.attributes
                0x000000fa       0x2c ./Core/Src/system_stm32f0xx.o
 .ARM.attributes
                0x00000126       0x2c ./Core/Src/vl53l1_platform.o
 .ARM.attributes
                0x00000152       0x2c ./Core/Src/z_vl53l1_test.o
 .ARM.attributes
                0x0000017e       0x21 ./Core/Startup/startup_stm32f070rbtx.o
 .ARM.attributes
                0x0000019f       0x2c ./Drivers/STM32F0xx_HAL_Driver/Src/stm32f0xx_hal.o
 .ARM.attributes
                0x000001cb       0x2c ./Drivers/STM32F0xx_HAL_Driver/Src/stm32f0xx_hal_cortex.o
 .ARM.attributes
                0x000001f7       0x2c ./Drivers/STM32F0xx_HAL_Driver/Src/stm32f0xx_hal_gpio.o
 .ARM.attributes
                0x00000223       0x2c ./Drivers/STM32F0xx_HAL_Driver/Src/stm32f0xx_hal_i2c.o
 .ARM.attributes
                0x0000024f       0x2c ./Drivers/STM32F0xx_HAL_Driver/Src/stm32f0xx_hal_i2c_ex.o
 .ARM.attributes
                0x0000027b       0x2c ./Drivers/STM32F0xx_HAL_Driver/Src/stm32f0xx_hal_rcc.o
 .ARM.attributes
                0x000002a7       0x2c ./Drivers/STM32F0xx_HAL_Driver/Src/stm32f0xx_hal_rcc_ex.o
 .ARM.attributes
                0x000002d3       0x2c ./Drivers/STM32F0xx_HAL_Driver/Src/stm32f0xx_hal_uart.o
 .ARM.attributes
                0x000002ff       0x2c G:/STMcubeide/STM32CubeIDE_1.16.0/STM32CubeIDE/plugins/com.st.stm32cube.ide.mcu.externaltools.gnu-tools-for-stm32.12.3.rel1.win32_1.0.200.202406191623/tools/bin/../lib/gcc/arm-none-eabi/12.3.1/../../../../arm-none-eabi/lib/thumb/v6-m/nofp\libc_nano.a(libc_a-findfp.o)
 .ARM.attributes
                0x0000032b       0x2c G:/STMcubeide/STM32CubeIDE_1.16.0/STM32CubeIDE/plugins/com.st.stm32cube.ide.mcu.externaltools.gnu-tools-for-stm32.12.3.rel1.win32_1.0.200.202406191623/tools/bin/../lib/gcc/arm-none-eabi/12.3.1/../../../../arm-none-eabi/lib/thumb/v6-m/nofp\libc_nano.a(libc_a-memset.o)
 .ARM.attributes
                0x00000357       0x2c G:/STMcubeide/STM32CubeIDE_1.16.0/STM32CubeIDE/plugins/com.st.stm32cube.ide.mcu.externaltools.gnu-tools-for-stm32.12.3.rel1.win32_1.0.200.202406191623/tools/bin/../lib/gcc/arm-none-eabi/12.3.1/../../../../arm-none-eabi/lib/thumb/v6-m/nofp\libc_nano.a(libc_a-impure.o)
 .ARM.attributes
                0x00000383       0x2c G:/STMcubeide/STM32CubeIDE_1.16.0/STM32CubeIDE/plugins/com.st.stm32cube.ide.mcu.externaltools.gnu-tools-for-stm32.12.3.rel1.win32_1.0.200.202406191623/tools/bin/../lib/gcc/arm-none-eabi/12.3.1/../../../../arm-none-eabi/lib/thumb/v6-m/nofp\libc_nano.a(libc_a-errno.o)
 .ARM.attributes
                0x000003af       0x2c G:/STMcubeide/STM32CubeIDE_1.16.0/STM32CubeIDE/plugins/com.st.stm32cube.ide.mcu.externaltools.gnu-tools-for-stm32.12.3.rel1.win32_1.0.200.202406191623/tools/bin/../lib/gcc/arm-none-eabi/12.3.1/../../../../arm-none-eabi/lib/thumb/v6-m/nofp\libc_nano.a(libc_a-init.o)
 .ARM.attributes
                0x000003db       0x2c G:/STMcubeide/STM32CubeIDE_1.16.0/STM32CubeIDE/plugins/com.st.stm32cube.ide.mcu.externaltools.gnu-tools-for-stm32.12.3.rel1.win32_1.0.200.202406191623/tools/bin/../lib/gcc/arm-none-eabi/12.3.1/../../../../arm-none-eabi/lib/thumb/v6-m/nofp\libm.a(libm_a-w_sqrt.o)
 .ARM.attributes
                0x00000407       0x2c G:/STMcubeide/STM32CubeIDE_1.16.0/STM32CubeIDE/plugins/com.st.stm32cube.ide.mcu.externaltools.gnu-tools-for-stm32.12.3.rel1.win32_1.0.200.202406191623/tools/bin/../lib/gcc/arm-none-eabi/12.3.1/../../../../arm-none-eabi/lib/thumb/v6-m/nofp\libm.a(libm_a-e_sqrt.o)
 .ARM.attributes
                0x00000433       0x1e G:/STMcubeide/STM32CubeIDE_1.16.0/STM32CubeIDE/plugins/com.st.stm32cube.ide.mcu.externaltools.gnu-tools-for-stm32.12.3.rel1.win32_1.0.200.202406191623/tools/bin/../lib/gcc/arm-none-eabi/12.3.1/thumb/v6-m/nofp\libgcc.a(_udivsi3.o)
 .ARM.attributes
                0x00000451       0x1e G:/STMcubeide/STM32CubeIDE_1.16.0/STM32CubeIDE/plugins/com.st.stm32cube.ide.mcu.externaltools.gnu-tools-for-stm32.12.3.rel1.win32_1.0.200.202406191623/tools/bin/../lib/gcc/arm-none-eabi/12.3.1/thumb/v6-m/nofp\libgcc.a(_divsi3.o)
 .ARM.attributes
                0x0000046f       0x1e G:/STMcubeide/STM32CubeIDE_1.16.0/STM32CubeIDE/plugins/com.st.stm32cube.ide.mcu.externaltools.gnu-tools-for-stm32.12.3.rel1.win32_1.0.200.202406191623/tools/bin/../lib/gcc/arm-none-eabi/12.3.1/thumb/v6-m/nofp\libgcc.a(_dvmd_tls.o)
 .ARM.attributes
                0x0000048d       0x1e G:/STMcubeide/STM32CubeIDE_1.16.0/STM32CubeIDE/plugins/com.st.stm32cube.ide.mcu.externaltools.gnu-tools-for-stm32.12.3.rel1.win32_1.0.200.202406191623/tools/bin/../lib/gcc/arm-none-eabi/12.3.1/thumb/v6-m/nofp\libgcc.a(_arm_cmpdf2.o)
 .ARM.attributes
                0x000004ab       0x2c G:/STMcubeide/STM32CubeIDE_1.16.0/STM32CubeIDE/plugins/com.st.stm32cube.ide.mcu.externaltools.gnu-tools-for-stm32.12.3.rel1.win32_1.0.200.202406191623/tools/bin/../lib/gcc/arm-none-eabi/12.3.1/thumb/v6-m/nofp\libgcc.a(_fixunsdfsi.o)
 .ARM.attributes
                0x000004d7       0x2c G:/STMcubeide/STM32CubeIDE_1.16.0/STM32CubeIDE/plugins/com.st.stm32cube.ide.mcu.externaltools.gnu-tools-for-stm32.12.3.rel1.win32_1.0.200.202406191623/tools/bin/../lib/gcc/arm-none-eabi/12.3.1/thumb/v6-m/nofp\libgcc.a(addsf3.o)
 .ARM.attributes
                0x00000503       0x2c G:/STMcubeide/STM32CubeIDE_1.16.0/STM32CubeIDE/plugins/com.st.stm32cube.ide.mcu.externaltools.gnu-tools-for-stm32.12.3.rel1.win32_1.0.200.202406191623/tools/bin/../lib/gcc/arm-none-eabi/12.3.1/thumb/v6-m/nofp\libgcc.a(divsf3.o)
 .ARM.attributes
                0x0000052f       0x2c G:/STMcubeide/STM32CubeIDE_1.16.0/STM32CubeIDE/plugins/com.st.stm32cube.ide.mcu.externaltools.gnu-tools-for-stm32.12.3.rel1.win32_1.0.200.202406191623/tools/bin/../lib/gcc/arm-none-eabi/12.3.1/thumb/v6-m/nofp\libgcc.a(mulsf3.o)
 .ARM.attributes
                0x0000055b       0x2c G:/STMcubeide/STM32CubeIDE_1.16.0/STM32CubeIDE/plugins/com.st.stm32cube.ide.mcu.externaltools.gnu-tools-for-stm32.12.3.rel1.win32_1.0.200.202406191623/tools/bin/../lib/gcc/arm-none-eabi/12.3.1/thumb/v6-m/nofp\libgcc.a(subsf3.o)
 .ARM.attributes
                0x00000587       0x2c G:/STMcubeide/STM32CubeIDE_1.16.0/STM32CubeIDE/plugins/com.st.stm32cube.ide.mcu.externaltools.gnu-tools-for-stm32.12.3.rel1.win32_1.0.200.202406191623/tools/bin/../lib/gcc/arm-none-eabi/12.3.1/thumb/v6-m/nofp\libgcc.a(floatsisf.o)
 .ARM.attributes
                0x000005b3       0x2c G:/STMcubeide/STM32CubeIDE_1.16.0/STM32CubeIDE/plugins/com.st.stm32cube.ide.mcu.externaltools.gnu-tools-for-stm32.12.3.rel1.win32_1.0.200.202406191623/tools/bin/../lib/gcc/arm-none-eabi/12.3.1/thumb/v6-m/nofp\libgcc.a(floatunsisf.o)
 .ARM.attributes
                0x000005df       0x2c G:/STMcubeide/STM32CubeIDE_1.16.0/STM32CubeIDE/plugins/com.st.stm32cube.ide.mcu.externaltools.gnu-tools-for-stm32.12.3.rel1.win32_1.0.200.202406191623/tools/bin/../lib/gcc/arm-none-eabi/12.3.1/thumb/v6-m/nofp\libgcc.a(adddf3.o)
 .ARM.attributes
                0x0000060b       0x2c G:/STMcubeide/STM32CubeIDE_1.16.0/STM32CubeIDE/plugins/com.st.stm32cube.ide.mcu.externaltools.gnu-tools-for-stm32.12.3.rel1.win32_1.0.200.202406191623/tools/bin/../lib/gcc/arm-none-eabi/12.3.1/thumb/v6-m/nofp\libgcc.a(divdf3.o)
 .ARM.attributes
                0x00000637       0x2c G:/STMcubeide/STM32CubeIDE_1.16.0/STM32CubeIDE/plugins/com.st.stm32cube.ide.mcu.externaltools.gnu-tools-for-stm32.12.3.rel1.win32_1.0.200.202406191623/tools/bin/../lib/gcc/arm-none-eabi/12.3.1/thumb/v6-m/nofp\libgcc.a(eqdf2.o)
 .ARM.attributes
                0x00000663       0x2c G:/STMcubeide/STM32CubeIDE_1.16.0/STM32CubeIDE/plugins/com.st.stm32cube.ide.mcu.externaltools.gnu-tools-for-stm32.12.3.rel1.win32_1.0.200.202406191623/tools/bin/../lib/gcc/arm-none-eabi/12.3.1/thumb/v6-m/nofp\libgcc.a(gedf2.o)
 .ARM.attributes
                0x0000068f       0x2c G:/STMcubeide/STM32CubeIDE_1.16.0/STM32CubeIDE/plugins/com.st.stm32cube.ide.mcu.externaltools.gnu-tools-for-stm32.12.3.rel1.win32_1.0.200.202406191623/tools/bin/../lib/gcc/arm-none-eabi/12.3.1/thumb/v6-m/nofp\libgcc.a(ledf2.o)
 .ARM.attributes
                0x000006bb       0x2c G:/STMcubeide/STM32CubeIDE_1.16.0/STM32CubeIDE/plugins/com.st.stm32cube.ide.mcu.externaltools.gnu-tools-for-stm32.12.3.rel1.win32_1.0.200.202406191623/tools/bin/../lib/gcc/arm-none-eabi/12.3.1/thumb/v6-m/nofp\libgcc.a(muldf3.o)
 .ARM.attributes
                0x000006e7       0x2c G:/STMcubeide/STM32CubeIDE_1.16.0/STM32CubeIDE/plugins/com.st.stm32cube.ide.mcu.externaltools.gnu-tools-for-stm32.12.3.rel1.win32_1.0.200.202406191623/tools/bin/../lib/gcc/arm-none-eabi/12.3.1/thumb/v6-m/nofp\libgcc.a(subdf3.o)
 .ARM.attributes
                0x00000713       0x2c G:/STMcubeide/STM32CubeIDE_1.16.0/STM32CubeIDE/plugins/com.st.stm32cube.ide.mcu.externaltools.gnu-tools-for-stm32.12.3.rel1.win32_1.0.200.202406191623/tools/bin/../lib/gcc/arm-none-eabi/12.3.1/thumb/v6-m/nofp\libgcc.a(unorddf2.o)
 .ARM.attributes
                0x0000073f       0x2c G:/STMcubeide/STM32CubeIDE_1.16.0/STM32CubeIDE/plugins/com.st.stm32cube.ide.mcu.externaltools.gnu-tools-for-stm32.12.3.rel1.win32_1.0.200.202406191623/tools/bin/../lib/gcc/arm-none-eabi/12.3.1/thumb/v6-m/nofp\libgcc.a(fixdfsi.o)
 .ARM.attributes
                0x0000076b       0x2c G:/STMcubeide/STM32CubeIDE_1.16.0/STM32CubeIDE/plugins/com.st.stm32cube.ide.mcu.externaltools.gnu-tools-for-stm32.12.3.rel1.win32_1.0.200.202406191623/tools/bin/../lib/gcc/arm-none-eabi/12.3.1/thumb/v6-m/nofp\libgcc.a(floatunsidf.o)
 .ARM.attributes
                0x00000797       0x2c G:/STMcubeide/STM32CubeIDE_1.16.0/STM32CubeIDE/plugins/com.st.stm32cube.ide.mcu.externaltools.gnu-tools-for-stm32.12.3.rel1.win32_1.0.200.202406191623/tools/bin/../lib/gcc/arm-none-eabi/12.3.1/thumb/v6-m/nofp\libgcc.a(extendsfdf2.o)
 .ARM.attributes
                0x000007c3       0x2c G:/STMcubeide/STM32CubeIDE_1.16.0/STM32CubeIDE/plugins/com.st.stm32cube.ide.mcu.externaltools.gnu-tools-for-stm32.12.3.rel1.win32_1.0.200.202406191623/tools/bin/../lib/gcc/arm-none-eabi/12.3.1/thumb/v6-m/nofp\libgcc.a(truncdfsf2.o)
 .ARM.attributes
                0x000007ef       0x1e G:/STMcubeide/STM32CubeIDE_1.16.0/STM32CubeIDE/plugins/com.st.stm32cube.ide.mcu.externaltools.gnu-tools-for-stm32.12.3.rel1.win32_1.0.200.202406191623/tools/bin/../lib/gcc/arm-none-eabi/12.3.1/thumb/v6-m/nofp\libgcc.a(_clzsi2.o)
 .ARM.attributes
                0x0000080d       0x1e G:/STMcubeide/STM32CubeIDE_1.16.0/STM32CubeIDE/plugins/com.st.stm32cube.ide.mcu.externaltools.gnu-tools-for-stm32.12.3.rel1.win32_1.0.200.202406191623/tools/bin/../lib/gcc/arm-none-eabi/12.3.1/thumb/v6-m/nofp/crtn.o
OUTPUT(VL53L1X_test.elf elf32-littlearm)
LOAD linker stubs
LOAD G:/STMcubeide/STM32CubeIDE_1.16.0/STM32CubeIDE/plugins/com.st.stm32cube.ide.mcu.externaltools.gnu-tools-for-stm32.12.3.rel1.win32_1.0.200.202406191623/tools/bin/../lib/gcc/arm-none-eabi/12.3.1/../../../../arm-none-eabi/lib/thumb/v6-m/nofp\libc.a
LOAD G:/STMcubeide/STM32CubeIDE_1.16.0/STM32CubeIDE/plugins/com.st.stm32cube.ide.mcu.externaltools.gnu-tools-for-stm32.12.3.rel1.win32_1.0.200.202406191623/tools/bin/../lib/gcc/arm-none-eabi/12.3.1/../../../../arm-none-eabi/lib/thumb/v6-m/nofp\libm.a
LOAD G:/STMcubeide/STM32CubeIDE_1.16.0/STM32CubeIDE/plugins/com.st.stm32cube.ide.mcu.externaltools.gnu-tools-for-stm32.12.3.rel1.win32_1.0.200.202406191623/tools/bin/../lib/gcc/arm-none-eabi/12.3.1/thumb/v6-m/nofp\libgcc.a

.debug_info     0x00000000     0xc410
 .debug_info    0x00000000     0x10cc ./Core/Src/VL53L1X_api.o
 .debug_info    0x000010cc      0xf6d ./Core/Src/main.o
 .debug_info    0x00002039      0xc81 ./Core/Src/stm32f0xx_hal_msp.o
 .debug_info    0x00002cba       0xda ./Core/Src/stm32f0xx_it.o
 .debug_info    0x00002d94      0x242 ./Core/Src/system_stm32f0xx.o
 .debug_info    0x00002fd6      0xbe8 ./Core/Src/vl53l1_platform.o
 .debug_info    0x00003bbe      0x683 ./Core/Src/z_vl53l1_test.o
 .debug_info    0x00004241       0x30 ./Core/Startup/startup_stm32f070rbtx.o
 .debug_info    0x00004271      0x682 ./Drivers/STM32F0xx_HAL_Driver/Src/stm32f0xx_hal.o
 .debug_info    0x000048f3      0x6ad ./Drivers/STM32F0xx_HAL_Driver/Src/stm32f0xx_hal_cortex.o
 .debug_info    0x00004fa0      0x5bf ./Drivers/STM32F0xx_HAL_Driver/Src/stm32f0xx_hal_gpio.o
 .debug_info    0x0000555f     0x20cd ./Drivers/STM32F0xx_HAL_Driver/Src/stm32f0xx_hal_i2c.o
 .debug_info    0x0000762c      0x7dc ./Drivers/STM32F0xx_HAL_Driver/Src/stm32f0xx_hal_i2c_ex.o
 .debug_info    0x00007e08      0x844 ./Drivers/STM32F0xx_HAL_Driver/Src/stm32f0xx_hal_rcc.o
 .debug_info    0x0000864c      0x39a ./Drivers/STM32F0xx_HAL_Driver/Src/stm32f0xx_hal_rcc_ex.o
 .debug_info    0x000089e6     0x3a2a ./Drivers/STM32F0xx_HAL_Driver/Src/stm32f0xx_hal_uart.o

.debug_abbrev   0x00000000     0x1d31
 .debug_abbrev  0x00000000      0x19d ./Core/Src/VL53L1X_api.o
 .debug_abbrev  0x0000019d      0x2a6 ./Core/Src/main.o
 .debug_abbrev  0x00000443      0x1b5 ./Core/Src/stm32f0xx_hal_msp.o
 .debug_abbrev  0x000005f8       0x73 ./Core/Src/stm32f0xx_it.o
 .debug_abbrev  0x0000066b      0x11c ./Core/Src/system_stm32f0xx.o
 .debug_abbrev  0x00000787      0x26b ./Core/Src/vl53l1_platform.o
 .debug_abbrev  0x000009f2      0x171 ./Core/Src/z_vl53l1_test.o
 .debug_abbrev  0x00000b63       0x24 ./Core/Startup/startup_stm32f070rbtx.o
 .debug_abbrev  0x00000b87      0x24b ./Drivers/STM32F0xx_HAL_Driver/Src/stm32f0xx_hal.o
 .debug_abbrev  0x00000dd2      0x28c ./Drivers/STM32F0xx_HAL_Driver/Src/stm32f0xx_hal_cortex.o
 .debug_abbrev  0x0000105e      0x1ca ./Drivers/STM32F0xx_HAL_Driver/Src/stm32f0xx_hal_gpio.o
 .debug_abbrev  0x00001228      0x270 ./Drivers/STM32F0xx_HAL_Driver/Src/stm32f0xx_hal_i2c.o
 .debug_abbrev  0x00001498      0x1d4 ./Drivers/STM32F0xx_HAL_Driver/Src/stm32f0xx_hal_i2c_ex.o
 .debug_abbrev  0x0000166c      0x28b ./Drivers/STM32F0xx_HAL_Driver/Src/stm32f0xx_hal_rcc.o
 .debug_abbrev  0x000018f7      0x16e ./Drivers/STM32F0xx_HAL_Driver/Src/stm32f0xx_hal_rcc_ex.o
 .debug_abbrev  0x00001a65      0x2cc ./Drivers/STM32F0xx_HAL_Driver/Src/stm32f0xx_hal_uart.o

.debug_aranges  0x00000000      0xab8
 .debug_aranges
                0x00000000      0x168 ./Core/Src/VL53L1X_api.o
 .debug_aranges
                0x00000168       0x48 ./Core/Src/main.o
 .debug_aranges
                0x000001b0       0x40 ./Core/Src/stm32f0xx_hal_msp.o
 .debug_aranges
                0x000001f0       0x40 ./Core/Src/stm32f0xx_it.o
 .debug_aranges
                0x00000230       0x28 ./Core/Src/system_stm32f0xx.o
 .debug_aranges
                0x00000258       0x78 ./Core/Src/vl53l1_platform.o
 .debug_aranges
                0x000002d0       0x38 ./Core/Src/z_vl53l1_test.o
 .debug_aranges
                0x00000308       0x28 ./Core/Startup/startup_stm32f070rbtx.o
 .debug_aranges
                0x00000330       0xd0 ./Drivers/STM32F0xx_HAL_Driver/Src/stm32f0xx_hal.o
 .debug_aranges
                0x00000400       0xc0 ./Drivers/STM32F0xx_HAL_Driver/Src/stm32f0xx_hal_cortex.o
 .debug_aranges
                0x000004c0       0x58 ./Drivers/STM32F0xx_HAL_Driver/Src/stm32f0xx_hal_gpio.o
 .debug_aranges
                0x00000518      0x2a0 ./Drivers/STM32F0xx_HAL_Driver/Src/stm32f0xx_hal_i2c.o
 .debug_aranges
                0x000007b8       0x38 ./Drivers/STM32F0xx_HAL_Driver/Src/stm32f0xx_hal_i2c_ex.o
 .debug_aranges
                0x000007f0       0x80 ./Drivers/STM32F0xx_HAL_Driver/Src/stm32f0xx_hal_rcc.o
 .debug_aranges
                0x00000870       0x30 ./Drivers/STM32F0xx_HAL_Driver/Src/stm32f0xx_hal_rcc_ex.o
 .debug_aranges
                0x000008a0      0x218 ./Drivers/STM32F0xx_HAL_Driver/Src/stm32f0xx_hal_uart.o

.debug_rnglists
                0x00000000      0x85b
 .debug_rnglists
                0x00000000      0x11b ./Core/Src/VL53L1X_api.o
 .debug_rnglists
                0x0000011b       0x34 ./Core/Src/main.o
 .debug_rnglists
                0x0000014f       0x2d ./Core/Src/stm32f0xx_hal_msp.o
 .debug_rnglists
                0x0000017c       0x2b ./Core/Src/stm32f0xx_it.o
 .debug_rnglists
                0x000001a7       0x1a ./Core/Src/system_stm32f0xx.o
 .debug_rnglists
                0x000001c1       0x57 ./Core/Src/vl53l1_platform.o
 .debug_rnglists
                0x00000218       0x28 ./Core/Src/z_vl53l1_test.o
 .debug_rnglists
                0x00000240       0x19 ./Core/Startup/startup_stm32f070rbtx.o
 .debug_rnglists
                0x00000259       0x97 ./Drivers/STM32F0xx_HAL_Driver/Src/stm32f0xx_hal.o
 .debug_rnglists
                0x000002f0       0x8c ./Drivers/STM32F0xx_HAL_Driver/Src/stm32f0xx_hal_cortex.o
 .debug_rnglists
                0x0000037c       0x3f ./Drivers/STM32F0xx_HAL_Driver/Src/stm32f0xx_hal_gpio.o
 .debug_rnglists
                0x000003bb      0x229 ./Drivers/STM32F0xx_HAL_Driver/Src/stm32f0xx_hal_i2c.o
 .debug_rnglists
                0x000005e4       0x27 ./Drivers/STM32F0xx_HAL_Driver/Src/stm32f0xx_hal_i2c_ex.o
 .debug_rnglists
                0x0000060b       0x61 ./Drivers/STM32F0xx_HAL_Driver/Src/stm32f0xx_hal_rcc.o
 .debug_rnglists
                0x0000066c       0x21 ./Drivers/STM32F0xx_HAL_Driver/Src/stm32f0xx_hal_rcc_ex.o
 .debug_rnglists
                0x0000068d      0x1ce ./Drivers/STM32F0xx_HAL_Driver/Src/stm32f0xx_hal_uart.o

.debug_macro    0x00000000    0x11483
 .debug_macro   0x00000000      0x330 ./Core/Src/VL53L1X_api.o
 .debug_macro   0x00000330      0xa8a ./Core/Src/VL53L1X_api.o
 .debug_macro   0x00000dba      0x12d ./Core/Src/VL53L1X_api.o
 .debug_macro   0x00000ee7       0x2e ./Core/Src/VL53L1X_api.o
 .debug_macro   0x00000f15       0x22 ./Core/Src/VL53L1X_api.o
 .debug_macro   0x00000f37       0x22 ./Core/Src/VL53L1X_api.o
 .debug_macro   0x00000f59       0x8e ./Core/Src/VL53L1X_api.o
 .debug_macro   0x00000fe7       0x51 ./Core/Src/VL53L1X_api.o
 .debug_macro   0x00001038      0x103 ./Core/Src/VL53L1X_api.o
 .debug_macro   0x0000113b       0x6a ./Core/Src/VL53L1X_api.o
 .debug_macro   0x000011a5      0x1df ./Core/Src/VL53L1X_api.o
 .debug_macro   0x00001384       0x1c ./Core/Src/VL53L1X_api.o
 .debug_macro   0x000013a0       0x22 ./Core/Src/VL53L1X_api.o
 .debug_macro   0x000013c2       0xaf ./Core/Src/VL53L1X_api.o
 .debug_macro   0x00001471      0x391 ./Core/Src/VL53L1X_api.o
 .debug_macro   0x00001802     0x765c ./Core/Src/VL53L1X_api.o
 .debug_macro   0x00008e5e       0x66 ./Core/Src/VL53L1X_api.o
 .debug_macro   0x00008ec4     0x34da ./Core/Src/VL53L1X_api.o
 .debug_macro   0x0000c39e      0x189 ./Core/Src/VL53L1X_api.o
 .debug_macro   0x0000c527       0x55 ./Core/Src/VL53L1X_api.o
 .debug_macro   0x0000c57c      0x924 ./Core/Src/VL53L1X_api.o
 .debug_macro   0x0000cea0      0x289 ./Core/Src/VL53L1X_api.o
 .debug_macro   0x0000d129      0x1ae ./Core/Src/VL53L1X_api.o
 .debug_macro   0x0000d2d7      0x130 ./Core/Src/VL53L1X_api.o
 .debug_macro   0x0000d407      0x1a0 ./Core/Src/VL53L1X_api.o
 .debug_macro   0x0000d5a7      0x1f4 ./Core/Src/VL53L1X_api.o
 .debug_macro   0x0000d79b       0x34 ./Core/Src/VL53L1X_api.o
 .debug_macro   0x0000d7cf       0x43 ./Core/Src/VL53L1X_api.o
 .debug_macro   0x0000d812       0x28 ./Core/Src/VL53L1X_api.o
 .debug_macro   0x0000d83a       0xb0 ./Core/Src/VL53L1X_api.o
 .debug_macro   0x0000d8ea      0x217 ./Core/Src/VL53L1X_api.o
 .debug_macro   0x0000db01      0x22c ./Core/Src/VL53L1X_api.o
 .debug_macro   0x0000dd2d       0x61 ./Core/Src/VL53L1X_api.o
 .debug_macro   0x0000dd8e       0xa5 ./Core/Src/VL53L1X_api.o
 .debug_macro   0x0000de33       0x4c ./Core/Src/VL53L1X_api.o
 .debug_macro   0x0000de7f       0x49 ./Core/Src/VL53L1X_api.o
 .debug_macro   0x0000dec8      0x56d ./Core/Src/VL53L1X_api.o
 .debug_macro   0x0000e435       0x44 ./Core/Src/VL53L1X_api.o
 .debug_macro   0x0000e479      0x11b ./Core/Src/VL53L1X_api.o
 .debug_macro   0x0000e594       0x61 ./Core/Src/VL53L1X_api.o
 .debug_macro   0x0000e5f5       0x24 ./Core/Src/VL53L1X_api.o
 .debug_macro   0x0000e619       0x43 ./Core/Src/VL53L1X_api.o
 .debug_macro   0x0000e65c       0x34 ./Core/Src/VL53L1X_api.o
 .debug_macro   0x0000e690       0x16 ./Core/Src/VL53L1X_api.o
 .debug_macro   0x0000e6a6       0x43 ./Core/Src/VL53L1X_api.o
 .debug_macro   0x0000e6e9       0x34 ./Core/Src/VL53L1X_api.o
 .debug_macro   0x0000e71d       0x10 ./Core/Src/VL53L1X_api.o
 .debug_macro   0x0000e72d       0x58 ./Core/Src/VL53L1X_api.o
 .debug_macro   0x0000e785       0x8e ./Core/Src/VL53L1X_api.o
 .debug_macro   0x0000e813       0x1c ./Core/Src/VL53L1X_api.o
 .debug_macro   0x0000e82f      0x177 ./Core/Src/VL53L1X_api.o
 .debug_macro   0x0000e9a6      0x369 ./Core/Src/VL53L1X_api.o
 .debug_macro   0x0000ed0f       0x10 ./Core/Src/VL53L1X_api.o
 .debug_macro   0x0000ed1f       0x35 ./Core/Src/VL53L1X_api.o
 .debug_macro   0x0000ed54       0x20 ./Core/Src/VL53L1X_api.o
 .debug_macro   0x0000ed74       0x1c ./Core/Src/VL53L1X_api.o
 .debug_macro   0x0000ed90       0x10 ./Core/Src/VL53L1X_api.o
 .debug_macro   0x0000eda0       0x1c ./Core/Src/VL53L1X_api.o
 .debug_macro   0x0000edbc       0x16 ./Core/Src/VL53L1X_api.o
 .debug_macro   0x0000edd2      0x146 ./Core/Src/VL53L1X_api.o
 .debug_macro   0x0000ef18       0x16 ./Core/Src/VL53L1X_api.o
 .debug_macro   0x0000ef2e       0x16 ./Core/Src/VL53L1X_api.o
 .debug_macro   0x0000ef44       0x29 ./Core/Src/VL53L1X_api.o
 .debug_macro   0x0000ef6d       0x22 ./Core/Src/VL53L1X_api.o
 .debug_macro   0x0000ef8f       0x94 ./Core/Src/VL53L1X_api.o
 .debug_macro   0x0000f023       0x7c ./Core/Src/VL53L1X_api.o
 .debug_macro   0x0000f09f      0x112 ./Core/Src/VL53L1X_api.o
 .debug_macro   0x0000f1b1      0x326 ./Core/Src/main.o
 .debug_macro   0x0000f4d7      0x118 ./Core/Src/main.o
 .debug_macro   0x0000f5ef      0x326 ./Core/Src/stm32f0xx_hal_msp.o
 .debug_macro   0x0000f915      0x330 ./Core/Src/stm32f0xx_it.o
 .debug_macro   0x0000fc45      0x1ae ./Core/Src/system_stm32f0xx.o
 .debug_macro   0x0000fdf3      0x326 ./Core/Src/vl53l1_platform.o
 .debug_macro   0x00010119      0x339 ./Core/Src/z_vl53l1_test.o
 .debug_macro   0x00010452      0x19b ./Core/Src/z_vl53l1_test.o
 .debug_macro   0x000105ed      0x1d2 ./Drivers/STM32F0xx_HAL_Driver/Src/stm32f0xx_hal.o
 .debug_macro   0x000107bf      0x1ae ./Drivers/STM32F0xx_HAL_Driver/Src/stm32f0xx_hal_cortex.o
 .debug_macro   0x0001096d      0x1b5 ./Drivers/STM32F0xx_HAL_Driver/Src/stm32f0xx_hal_gpio.o
 .debug_macro   0x00010b22      0x27a ./Drivers/STM32F0xx_HAL_Driver/Src/stm32f0xx_hal_i2c.o
 .debug_macro   0x00010d9c      0x1ae ./Drivers/STM32F0xx_HAL_Driver/Src/stm32f0xx_hal_i2c_ex.o
 .debug_macro   0x00010f4a      0x1c0 ./Drivers/STM32F0xx_HAL_Driver/Src/stm32f0xx_hal_rcc.o
 .debug_macro   0x0001110a      0x1ae ./Drivers/STM32F0xx_HAL_Driver/Src/stm32f0xx_hal_rcc_ex.o
 .debug_macro   0x000112b8      0x1cb ./Drivers/STM32F0xx_HAL_Driver/Src/stm32f0xx_hal_uart.o

.debug_line     0x00000000     0xf916
 .debug_line    0x00000000     0x1298 ./Core/Src/VL53L1X_api.o
 .debug_line    0x00001298      0xb63 ./Core/Src/main.o
 .debug_line    0x00001dfb      0xaac ./Core/Src/stm32f0xx_hal_msp.o
 .debug_line    0x000028a7      0xa75 ./Core/Src/stm32f0xx_it.o
 .debug_line    0x0000331c      0x79e ./Core/Src/system_stm32f0xx.o
 .debug_line    0x00003aba      0xc92 ./Core/Src/vl53l1_platform.o
 .debug_line    0x0000474c      0xc91 ./Core/Src/z_vl53l1_test.o
 .debug_line    0x000053dd       0x7b ./Core/Startup/startup_stm32f070rbtx.o
 .debug_line    0x00005458      0x9a4 ./Drivers/STM32F0xx_HAL_Driver/Src/stm32f0xx_hal.o
 .debug_line    0x00005dfc      0xa50 ./Drivers/STM32F0xx_HAL_Driver/Src/stm32f0xx_hal_cortex.o
 .debug_line    0x0000684c      0xb3d ./Drivers/STM32F0xx_HAL_Driver/Src/stm32f0xx_hal_gpio.o
 .debug_line    0x00007389     0x3a5e ./Drivers/STM32F0xx_HAL_Driver/Src/stm32f0xx_hal_i2c.o
 .debug_line    0x0000ade7      0x865 ./Drivers/STM32F0xx_HAL_Driver/Src/stm32f0xx_hal_i2c_ex.o
 .debug_line    0x0000b64c      0xd8e ./Drivers/STM32F0xx_HAL_Driver/Src/stm32f0xx_hal_rcc.o
 .debug_line    0x0000c3da      0x96d ./Drivers/STM32F0xx_HAL_Driver/Src/stm32f0xx_hal_rcc_ex.o
 .debug_line    0x0000cd47     0x2bcf ./Drivers/STM32F0xx_HAL_Driver/Src/stm32f0xx_hal_uart.o

.debug_str      0x00000000    0x631d4
 .debug_str     0x00000000    0x5f9c7 ./Core/Src/VL53L1X_api.o
                              0x5fcb5 (size before relaxing)
 .debug_str     0x0005f9c7      0x9b9 ./Core/Src/main.o
                              0x600e1 (size before relaxing)
 .debug_str     0x00060380       0x8d ./Core/Src/stm32f0xx_hal_msp.o
                              0x5fe1b (size before relaxing)
 .debug_str     0x0006040d       0x82 ./Core/Src/stm32f0xx_it.o
                              0x5f641 (size before relaxing)
 .debug_str     0x0006048f       0x8b ./Core/Src/system_stm32f0xx.o
                              0x5b243 (size before relaxing)
 .debug_str     0x0006051a      0x11c ./Core/Src/vl53l1_platform.o
                              0x5fd73 (size before relaxing)
 .debug_str     0x00060636      0x9e5 ./Core/Src/z_vl53l1_test.o
                              0x601df (size before relaxing)
 .debug_str     0x0006101b       0x44 ./Core/Startup/startup_stm32f070rbtx.o
                                 0x65 (size before relaxing)
 .debug_str     0x0006105f      0x4be ./Drivers/STM32F0xx_HAL_Driver/Src/stm32f0xx_hal.o
                              0x5b7f8 (size before relaxing)
 .debug_str     0x0006151d      0x1be ./Drivers/STM32F0xx_HAL_Driver/Src/stm32f0xx_hal_cortex.o
                              0x5b5e9 (size before relaxing)
 .debug_str     0x000616db      0x113 ./Drivers/STM32F0xx_HAL_Driver/Src/stm32f0xx_hal_gpio.o
                              0x5b3e4 (size before relaxing)
 .debug_str     0x000617ee      0xe5e ./Drivers/STM32F0xx_HAL_Driver/Src/stm32f0xx_hal_i2c.o
                              0x5c5a1 (size before relaxing)
 .debug_str     0x0006264c       0x89 ./Drivers/STM32F0xx_HAL_Driver/Src/stm32f0xx_hal_i2c_ex.o
                              0x5b772 (size before relaxing)
 .debug_str     0x000626d5      0x20f ./Drivers/STM32F0xx_HAL_Driver/Src/stm32f0xx_hal_rcc.o
                              0x5b67f (size before relaxing)
 .debug_str     0x000628e4       0x97 ./Drivers/STM32F0xx_HAL_Driver/Src/stm32f0xx_hal_rcc_ex.o
                              0x5b3bd (size before relaxing)
 .debug_str     0x0006297b      0x859 ./Drivers/STM32F0xx_HAL_Driver/Src/stm32f0xx_hal_uart.o
                              0x5bf5c (size before relaxing)

.comment        0x00000000       0x43
 .comment       0x00000000       0x43 ./Core/Src/VL53L1X_api.o
                                 0x44 (size before relaxing)
 .comment       0x00000043       0x44 ./Core/Src/main.o
 .comment       0x00000043       0x44 ./Core/Src/stm32f0xx_hal_msp.o
 .comment       0x00000043       0x44 ./Core/Src/stm32f0xx_it.o
 .comment       0x00000043       0x44 ./Core/Src/system_stm32f0xx.o
 .comment       0x00000043       0x44 ./Core/Src/vl53l1_platform.o
 .comment       0x00000043       0x44 ./Core/Src/z_vl53l1_test.o
 .comment       0x00000043       0x44 ./Drivers/STM32F0xx_HAL_Driver/Src/stm32f0xx_hal.o
 .comment       0x00000043       0x44 ./Drivers/STM32F0xx_HAL_Driver/Src/stm32f0xx_hal_cortex.o
 .comment       0x00000043       0x44 ./Drivers/STM32F0xx_HAL_Driver/Src/stm32f0xx_hal_gpio.o
 .comment       0x00000043       0x44 ./Drivers/STM32F0xx_HAL_Driver/Src/stm32f0xx_hal_i2c.o
 .comment       0x00000043       0x44 ./Drivers/STM32F0xx_HAL_Driver/Src/stm32f0xx_hal_i2c_ex.o
 .comment       0x00000043       0x44 ./Drivers/STM32F0xx_HAL_Driver/Src/stm32f0xx_hal_rcc.o
 .comment       0x00000043       0x44 ./Drivers/STM32F0xx_HAL_Driver/Src/stm32f0xx_hal_rcc_ex.o
 .comment       0x00000043       0x44 ./Drivers/STM32F0xx_HAL_Driver/Src/stm32f0xx_hal_uart.o

.debug_frame    0x00000000     0x2bdc
 .debug_frame   0x00000000      0x5c0 ./Core/Src/VL53L1X_api.o
 .debug_frame   0x000005c0       0xc0 ./Core/Src/main.o
 .debug_frame   0x00000680       0xb0 ./Core/Src/stm32f0xx_hal_msp.o
 .debug_frame   0x00000730       0x9c ./Core/Src/stm32f0xx_it.o
 .debug_frame   0x000007cc       0x4c ./Core/Src/system_stm32f0xx.o
 .debug_frame   0x00000818      0x19c ./Core/Src/vl53l1_platform.o
 .debug_frame   0x000009b4       0x94 ./Core/Src/z_vl53l1_test.o
 .debug_frame   0x00000a48      0x2a4 ./Drivers/STM32F0xx_HAL_Driver/Src/stm32f0xx_hal.o
 .debug_frame   0x00000cec      0x2a0 ./Drivers/STM32F0xx_HAL_Driver/Src/stm32f0xx_hal_cortex.o
 .debug_frame   0x00000f8c      0x110 ./Drivers/STM32F0xx_HAL_Driver/Src/stm32f0xx_hal_gpio.o
 .debug_frame   0x0000109c      0xa68 ./Drivers/STM32F0xx_HAL_Driver/Src/stm32f0xx_hal_i2c.o
 .debug_frame   0x00001b04       0x90 ./Drivers/STM32F0xx_HAL_Driver/Src/stm32f0xx_hal_i2c_ex.o
 .debug_frame   0x00001b94      0x198 ./Drivers/STM32F0xx_HAL_Driver/Src/stm32f0xx_hal_rcc.o
 .debug_frame   0x00001d2c       0x70 ./Drivers/STM32F0xx_HAL_Driver/Src/stm32f0xx_hal_rcc_ex.o
 .debug_frame   0x00001d9c      0x810 ./Drivers/STM32F0xx_HAL_Driver/Src/stm32f0xx_hal_uart.o
 .debug_frame   0x000025ac      0x138 G:/STMcubeide/STM32CubeIDE_1.16.0/STM32CubeIDE/plugins/com.st.stm32cube.ide.mcu.externaltools.gnu-tools-for-stm32.12.3.rel1.win32_1.0.200.202406191623/tools/bin/../lib/gcc/arm-none-eabi/12.3.1/../../../../arm-none-eabi/lib/thumb/v6-m/nofp\libc_nano.a(libc_a-findfp.o)
 .debug_frame   0x000026e4       0x20 G:/STMcubeide/STM32CubeIDE_1.16.0/STM32CubeIDE/plugins/com.st.stm32cube.ide.mcu.externaltools.gnu-tools-for-stm32.12.3.rel1.win32_1.0.200.202406191623/tools/bin/../lib/gcc/arm-none-eabi/12.3.1/../../../../arm-none-eabi/lib/thumb/v6-m/nofp\libc_nano.a(libc_a-memset.o)
 .debug_frame   0x00002704       0x20 G:/STMcubeide/STM32CubeIDE_1.16.0/STM32CubeIDE/plugins/com.st.stm32cube.ide.mcu.externaltools.gnu-tools-for-stm32.12.3.rel1.win32_1.0.200.202406191623/tools/bin/../lib/gcc/arm-none-eabi/12.3.1/../../../../arm-none-eabi/lib/thumb/v6-m/nofp\libc_nano.a(libc_a-errno.o)
 .debug_frame   0x00002724       0x2c G:/STMcubeide/STM32CubeIDE_1.16.0/STM32CubeIDE/plugins/com.st.stm32cube.ide.mcu.externaltools.gnu-tools-for-stm32.12.3.rel1.win32_1.0.200.202406191623/tools/bin/../lib/gcc/arm-none-eabi/12.3.1/../../../../arm-none-eabi/lib/thumb/v6-m/nofp\libc_nano.a(libc_a-init.o)
 .debug_frame   0x00002750       0x30 G:/STMcubeide/STM32CubeIDE_1.16.0/STM32CubeIDE/plugins/com.st.stm32cube.ide.mcu.externaltools.gnu-tools-for-stm32.12.3.rel1.win32_1.0.200.202406191623/tools/bin/../lib/gcc/arm-none-eabi/12.3.1/../../../../arm-none-eabi/lib/thumb/v6-m/nofp\libm.a(libm_a-w_sqrt.o)
 .debug_frame   0x00002780       0x30 G:/STMcubeide/STM32CubeIDE_1.16.0/STM32CubeIDE/plugins/com.st.stm32cube.ide.mcu.externaltools.gnu-tools-for-stm32.12.3.rel1.win32_1.0.200.202406191623/tools/bin/../lib/gcc/arm-none-eabi/12.3.1/../../../../arm-none-eabi/lib/thumb/v6-m/nofp\libm.a(libm_a-e_sqrt.o)
 .debug_frame   0x000027b0       0x20 G:/STMcubeide/STM32CubeIDE_1.16.0/STM32CubeIDE/plugins/com.st.stm32cube.ide.mcu.externaltools.gnu-tools-for-stm32.12.3.rel1.win32_1.0.200.202406191623/tools/bin/../lib/gcc/arm-none-eabi/12.3.1/thumb/v6-m/nofp\libgcc.a(_udivsi3.o)
 .debug_frame   0x000027d0       0x20 G:/STMcubeide/STM32CubeIDE_1.16.0/STM32CubeIDE/plugins/com.st.stm32cube.ide.mcu.externaltools.gnu-tools-for-stm32.12.3.rel1.win32_1.0.200.202406191623/tools/bin/../lib/gcc/arm-none-eabi/12.3.1/thumb/v6-m/nofp\libgcc.a(_divsi3.o)
 .debug_frame   0x000027f0       0x2c G:/STMcubeide/STM32CubeIDE_1.16.0/STM32CubeIDE/plugins/com.st.stm32cube.ide.mcu.externaltools.gnu-tools-for-stm32.12.3.rel1.win32_1.0.200.202406191623/tools/bin/../lib/gcc/arm-none-eabi/12.3.1/thumb/v6-m/nofp\libgcc.a(_fixunsdfsi.o)
 .debug_frame   0x0000281c       0x38 G:/STMcubeide/STM32CubeIDE_1.16.0/STM32CubeIDE/plugins/com.st.stm32cube.ide.mcu.externaltools.gnu-tools-for-stm32.12.3.rel1.win32_1.0.200.202406191623/tools/bin/../lib/gcc/arm-none-eabi/12.3.1/thumb/v6-m/nofp\libgcc.a(addsf3.o)
 .debug_frame   0x00002854       0x38 G:/STMcubeide/STM32CubeIDE_1.16.0/STM32CubeIDE/plugins/com.st.stm32cube.ide.mcu.externaltools.gnu-tools-for-stm32.12.3.rel1.win32_1.0.200.202406191623/tools/bin/../lib/gcc/arm-none-eabi/12.3.1/thumb/v6-m/nofp\libgcc.a(divsf3.o)
 .debug_frame   0x0000288c       0x38 G:/STMcubeide/STM32CubeIDE_1.16.0/STM32CubeIDE/plugins/com.st.stm32cube.ide.mcu.externaltools.gnu-tools-for-stm32.12.3.rel1.win32_1.0.200.202406191623/tools/bin/../lib/gcc/arm-none-eabi/12.3.1/thumb/v6-m/nofp\libgcc.a(mulsf3.o)
 .debug_frame   0x000028c4       0x38 G:/STMcubeide/STM32CubeIDE_1.16.0/STM32CubeIDE/plugins/com.st.stm32cube.ide.mcu.externaltools.gnu-tools-for-stm32.12.3.rel1.win32_1.0.200.202406191623/tools/bin/../lib/gcc/arm-none-eabi/12.3.1/thumb/v6-m/nofp\libgcc.a(subsf3.o)
 .debug_frame   0x000028fc       0x2c G:/STMcubeide/STM32CubeIDE_1.16.0/STM32CubeIDE/plugins/com.st.stm32cube.ide.mcu.externaltools.gnu-tools-for-stm32.12.3.rel1.win32_1.0.200.202406191623/tools/bin/../lib/gcc/arm-none-eabi/12.3.1/thumb/v6-m/nofp\libgcc.a(floatsisf.o)
 .debug_frame   0x00002928       0x2c G:/STMcubeide/STM32CubeIDE_1.16.0/STM32CubeIDE/plugins/com.st.stm32cube.ide.mcu.externaltools.gnu-tools-for-stm32.12.3.rel1.win32_1.0.200.202406191623/tools/bin/../lib/gcc/arm-none-eabi/12.3.1/thumb/v6-m/nofp\libgcc.a(floatunsisf.o)
 .debug_frame   0x00002954       0x3c G:/STMcubeide/STM32CubeIDE_1.16.0/STM32CubeIDE/plugins/com.st.stm32cube.ide.mcu.externaltools.gnu-tools-for-stm32.12.3.rel1.win32_1.0.200.202406191623/tools/bin/../lib/gcc/arm-none-eabi/12.3.1/thumb/v6-m/nofp\libgcc.a(adddf3.o)
 .debug_frame   0x00002990       0x3c G:/STMcubeide/STM32CubeIDE_1.16.0/STM32CubeIDE/plugins/com.st.stm32cube.ide.mcu.externaltools.gnu-tools-for-stm32.12.3.rel1.win32_1.0.200.202406191623/tools/bin/../lib/gcc/arm-none-eabi/12.3.1/thumb/v6-m/nofp\libgcc.a(divdf3.o)
 .debug_frame   0x000029cc       0x38 G:/STMcubeide/STM32CubeIDE_1.16.0/STM32CubeIDE/plugins/com.st.stm32cube.ide.mcu.externaltools.gnu-tools-for-stm32.12.3.rel1.win32_1.0.200.202406191623/tools/bin/../lib/gcc/arm-none-eabi/12.3.1/thumb/v6-m/nofp\libgcc.a(eqdf2.o)
 .debug_frame   0x00002a04       0x3c G:/STMcubeide/STM32CubeIDE_1.16.0/STM32CubeIDE/plugins/com.st.stm32cube.ide.mcu.externaltools.gnu-tools-for-stm32.12.3.rel1.win32_1.0.200.202406191623/tools/bin/../lib/gcc/arm-none-eabi/12.3.1/thumb/v6-m/nofp\libgcc.a(gedf2.o)
 .debug_frame   0x00002a40       0x3c G:/STMcubeide/STM32CubeIDE_1.16.0/STM32CubeIDE/plugins/com.st.stm32cube.ide.mcu.externaltools.gnu-tools-for-stm32.12.3.rel1.win32_1.0.200.202406191623/tools/bin/../lib/gcc/arm-none-eabi/12.3.1/thumb/v6-m/nofp\libgcc.a(ledf2.o)
 .debug_frame   0x00002a7c       0x3c G:/STMcubeide/STM32CubeIDE_1.16.0/STM32CubeIDE/plugins/com.st.stm32cube.ide.mcu.externaltools.gnu-tools-for-stm32.12.3.rel1.win32_1.0.200.202406191623/tools/bin/../lib/gcc/arm-none-eabi/12.3.1/thumb/v6-m/nofp\libgcc.a(muldf3.o)
 .debug_frame   0x00002ab8       0x3c G:/STMcubeide/STM32CubeIDE_1.16.0/STM32CubeIDE/plugins/com.st.stm32cube.ide.mcu.externaltools.gnu-tools-for-stm32.12.3.rel1.win32_1.0.200.202406191623/tools/bin/../lib/gcc/arm-none-eabi/12.3.1/thumb/v6-m/nofp\libgcc.a(subdf3.o)
 .debug_frame   0x00002af4       0x34 G:/STMcubeide/STM32CubeIDE_1.16.0/STM32CubeIDE/plugins/com.st.stm32cube.ide.mcu.externaltools.gnu-tools-for-stm32.12.3.rel1.win32_1.0.200.202406191623/tools/bin/../lib/gcc/arm-none-eabi/12.3.1/thumb/v6-m/nofp\libgcc.a(unorddf2.o)
 .debug_frame   0x00002b28       0x30 G:/STMcubeide/STM32CubeIDE_1.16.0/STM32CubeIDE/plugins/com.st.stm32cube.ide.mcu.externaltools.gnu-tools-for-stm32.12.3.rel1.win32_1.0.200.202406191623/tools/bin/../lib/gcc/arm-none-eabi/12.3.1/thumb/v6-m/nofp\libgcc.a(fixdfsi.o)
 .debug_frame   0x00002b58       0x28 G:/STMcubeide/STM32CubeIDE_1.16.0/STM32CubeIDE/plugins/com.st.stm32cube.ide.mcu.externaltools.gnu-tools-for-stm32.12.3.rel1.win32_1.0.200.202406191623/tools/bin/../lib/gcc/arm-none-eabi/12.3.1/thumb/v6-m/nofp\libgcc.a(floatunsidf.o)
 .debug_frame   0x00002b80       0x2c G:/STMcubeide/STM32CubeIDE_1.16.0/STM32CubeIDE/plugins/com.st.stm32cube.ide.mcu.externaltools.gnu-tools-for-stm32.12.3.rel1.win32_1.0.200.202406191623/tools/bin/../lib/gcc/arm-none-eabi/12.3.1/thumb/v6-m/nofp\libgcc.a(extendsfdf2.o)
 .debug_frame   0x00002bac       0x30 G:/STMcubeide/STM32CubeIDE_1.16.0/STM32CubeIDE/plugins/com.st.stm32cube.ide.mcu.externaltools.gnu-tools-for-stm32.12.3.rel1.win32_1.0.200.202406191623/tools/bin/../lib/gcc/arm-none-eabi/12.3.1/thumb/v6-m/nofp\libgcc.a(truncdfsf2.o)

.debug_line_str
                0x00000000       0x49
 .debug_line_str
                0x00000000       0x49 ./Core/Startup/startup_stm32f070rbtx.o
